07-16 13:06:39.634 W/PackageManager( 1285): Skipping preparing app data for com.samsung.android.biometrics.fingerprint
07-16 13:06:39.634 W/PackageManager( 1285): Skipping preparing app data for com.samsung.android.shell
07-16 13:06:39.676 E/OMS_DEBUG( 1285): [onStartUser] newUserId : 13
07-16 13:06:39.735 E/idmap2d ( 5098): failed to retrieve loaded package at index 0 for '/product/overlay/SecTelephonyProvider__phone__auto_generated_characteristics_rro.apk' -> failed to generate resource map for '/product/overlay/SecTelephonyProvider__phone__auto_generated_characteristics_rro.apk'
07-16 13:06:39.741 W/ActivityManager( 1285): Unable to start service Intent { act=android.service.contentcapture.ContentCaptureService xflg=0x4 cmp=com.samsung.android.smartsuggestions/.extservice.services.ContentCaptureService } U=13: not found
07-16 13:06:39.743 W/ActivityManager( 1285): Unbind failed: could not find connection for android.app.LoadedApk$ServiceDispatcher$InnerConnection@d9d1242
07-16 13:06:39.743 W/ActivityManager( 1285): Unable to start service Intent { act=android.service.contentcapture.ContentCaptureService xflg=0x4 cmp=com.samsung.android.smartsuggestions/.extservice.services.ContentCaptureService } U=13: not found
07-16 13:06:39.746 W/ActivityManager( 1285): Unbind failed: could not find connection for android.app.LoadedApk$ServiceDispatcher$InnerConnection@ab48889
07-16 13:06:39.754 W/ActivityManager( 1285): com.google.android.ext.services inode == 0 or app uninstalled with keep-data
07-16 13:06:39.754 W/ActivityManager( 1285): com.google.android.gms inode == 0 or app uninstalled with keep-data
07-16 13:06:39.754 E/idmap2d ( 5098): failed to retrieve loaded package at index 0 for '/product/overlay/TeleService__phone__auto_generated_characteristics_rro.apk' -> failed to generate resource map for '/product/overlay/TeleService__phone__auto_generated_characteristics_rro.apk'
07-16 13:06:39.760 W/ActivityManager( 1285): Unable to start service Intent { act=android.service.contentcapture.ContentCaptureService xflg=0x4 cmp=com.samsung.android.smartsuggestions/.extservice.services.ContentCaptureService } U=13: not found
07-16 13:06:39.767 I/ActivityManager( 1285): Start proc 5101:com.google.android.ext.services/u13a284 for service {com.google.android.ext.services/android.ext.services.autofill.InlineSuggestionRenderServiceImpl}
07-16 13:06:39.767 W/ActivityManager( 1285): Unbind failed: could not find connection for android.app.LoadedApk$ServiceDispatcher$InnerConnection@9ac5bd8
07-16 13:06:39.768 W/ActivityManager( 1285): Unable to start service Intent { act=android.service.contentcapture.ContentCaptureService xflg=0x4 cmp=com.samsung.android.smartsuggestions/.extservice.services.ContentCaptureService } U=13: not found
07-16 13:06:39.769 E/idmap2d ( 5098): failed to retrieve loaded package at index 0 for '/product/overlay/CompanionDeviceManager__phone__auto_generated_characteristics_rro.apk' -> failed to generate resource map for '/product/overlay/CompanionDeviceManager__phone__auto_generated_characteristics_rro.apk'
07-16 13:06:39.771 W/ActivityManager( 1285): Unbind failed: could not find connection for android.app.LoadedApk$ServiceDispatcher$InnerConnection@9cbb797
07-16 13:06:39.774 E/idmap2d ( 5098): failed to retrieve loaded package at index 0 for '/product/overlay/MediaProviderConfigOverlay.apk' -> failed to generate resource map for '/product/overlay/MediaProviderConfigOverlay.apk'
07-16 13:06:39.782 W/ActivityManager( 1285): Unable to start service Intent { act=android.service.contentcapture.ContentCaptureService xflg=0x4 cmp=com.samsung.android.smartsuggestions/.extservice.services.ContentCaptureService } U=13: not found
07-16 13:06:39.784 W/ActivityManager( 1285): Unbind failed: could not find connection for android.app.LoadedApk$ServiceDispatcher$InnerConnection@681fafa
07-16 13:06:39.784 W/ActivityManager( 1285): Unable to start service Intent { act=android.service.contentcapture.ContentCaptureService xflg=0x4 cmp=com.samsung.android.smartsuggestions/.extservice.services.ContentCaptureService } U=13: not found
07-16 13:06:39.785 W/ActivityManager( 1285): Unbind failed: could not find connection for android.app.LoadedApk$ServiceDispatcher$InnerConnection@14c32a1
07-16 13:06:39.816 I/ActivityManager( 1285): Changes in 1310284 20 to 19, 0 to 384
07-16 13:06:39.816 W/ActivityManager( 1285): Unable to start service Intent { act=android.service.systemcaptions.SystemCaptionsManagerService xflg=0x4 cmp=com.google.android.as/com.google.android.apps.miphone.aiai.captions.SystemCaptionsManagerService } U=13: not found
07-16 13:06:39.834 W/ActivityManager( 1285): com.google.android.permissioncontroller inode == 0 or app uninstalled with keep-data
07-16 13:06:39.834 W/ActivityManager( 1285): com.google.android.gms inode == 0 or app uninstalled with keep-data
07-16 13:06:39.844 W/ActivityManager( 1285): Unable to start service Intent { act=android.service.contentcapture.ContentCaptureService xflg=0x4 cmp=com.samsung.android.smartsuggestions/.extservice.services.ContentCaptureService } U=13: not found
07-16 13:06:39.845 I/ActivityManager( 1285): Start proc 5118:com.google.android.permissioncontroller/u13a274 for service {com.google.android.permissioncontroller/com.android.role.controller.service.RoleControllerServiceImpl}
07-16 13:06:39.846 W/ActivityManager( 1285): Unbind failed: could not find connection for android.app.LoadedApk$ServiceDispatcher$InnerConnection@643ec5
07-16 13:06:39.847 W/ActivityManager( 1285): Unable to start service Intent { act=android.service.contentcapture.ContentCaptureService xflg=0x4 cmp=com.samsung.android.smartsuggestions/.extservice.services.ContentCaptureService } U=13: not found
07-16 13:06:39.851 W/ActivityManager( 1285): Unbind failed: could not find connection for android.app.LoadedApk$ServiceDispatcher$InnerConnection@22e3528
07-16 13:06:39.879 I/ActivityManager( 1285): Changes in 1310284 19 to 19, 384 to 0
07-16 13:06:39.936 I/ActivityManager( 1285): Changes in 1310274 20 to 19, 0 to 384
07-16 13:06:40.121 E/AppOpService( 1285): Blocked setUidMode call for runtime permission app op: uid = 1310047, code = FINE_LOCATION, mode = ignore, callingUid = 1000, oldMode = allow
07-16 13:06:40.121 E/AppOpService( 1285): java.lang.RuntimeException
07-16 13:06:40.121 E/AppOpService( 1285): 	at com.android.server.permission.access.appop.AppOpService.setUidMode(qb/109705038 2e69fc865445a5a746afac3d7c219c02a6808b946e8c4480050ab1a85cf31f3f:145)
07-16 13:06:40.121 E/AppOpService( 1285): 	at com.android.server.appop.AppOpsService.setUidMode(qb/109705038 2e69fc865445a5a746afac3d7c219c02a6808b946e8c4480050ab1a85cf31f3f:56)
07-16 13:06:40.121 E/AppOpService( 1285): 	at com.android.server.appop.AppOpsService$AppOpsManagerInternalImpl.setUidModeFromPermissionPolicy(qb/109705038 2e69fc865445a5a746afac3d7c219c02a6808b946e8c4480050ab1a85cf31f3f:5)
07-16 13:06:40.121 E/AppOpService( 1285): 	at com.android.server.policy.PermissionPolicyService$PermissionToOpSynchroniser.setUidMode(qb/109705038 2e69fc865445a5a746afac3d7c219c02a6808b946e8c4480050ab1a85cf31f3f:19)
07-16 13:06:40.121 E/AppOpService( 1285): 	at com.android.server.policy.PermissionPolicyService$PermissionToOpSynchroniser.-$$Nest$msyncPackages(qb/109705038 2e69fc865445a5a746afac3d7c219c02a6808b946e8c4480050ab1a85cf31f3f:130)
07-16 13:06:40.121 E/AppOpService( 1285): 	at com.android.server.policy.PermissionPolicyService.onStartUser$1(qb/109705038 2e69fc865445a5a746afac3d7c219c02a6808b946e8c4480050ab1a85cf31f3f:251)
07-16 13:06:40.121 E/AppOpService( 1285): 	at com.android.server.policy.PermissionPolicyService.onUserStarting(qb/109705038 2e69fc865445a5a746afac3d7c219c02a6808b946e8c4480050ab1a85cf31f3f:5)
07-16 13:06:40.121 E/AppOpService( 1285): 	at com.android.server.SystemServiceManager$$ExternalSyntheticLambda2.run(qb/109705038 2e69fc865445a5a746afac3d7c219c02a6808b946e8c4480050ab1a85cf31f3f:63)
07-16 13:06:40.121 E/AppOpService( 1285): 	at java.util.concurrent.Executors$RunnableAdapter.call(Executors.java:520)
07-16 13:06:40.121 E/AppOpService( 1285): 	at java.util.concurrent.FutureTask.run(FutureTask.java:328)
07-16 13:06:40.121 E/AppOpService( 1285): 	at java.util.concurrent.ThreadPoolExecutor.runWorker(ThreadPoolExecutor.java:1100)
07-16 13:06:40.121 E/AppOpService( 1285): 	at java.util.concurrent.ThreadPoolExecutor$Worker.run(ThreadPoolExecutor.java:624)
07-16 13:06:40.121 E/AppOpService( 1285): 	at java.lang.Thread.run(Thread.java:1572)
07-16 13:06:40.122 E/AppOpService( 1285): Blocked setUidMode call for runtime permission app op: uid = 1310047, code = COARSE_LOCATION, mode = ignore, callingUid = 1000, oldMode = allow
07-16 13:06:40.122 E/AppOpService( 1285): java.lang.RuntimeException
07-16 13:06:40.122 E/AppOpService( 1285): 	at com.android.server.permission.access.appop.AppOpService.setUidMode(qb/109705038 2e69fc865445a5a746afac3d7c219c02a6808b946e8c4480050ab1a85cf31f3f:145)
07-16 13:06:40.122 E/AppOpService( 1285): 	at com.android.server.appop.AppOpsService.setUidMode(qb/109705038 2e69fc865445a5a746afac3d7c219c02a6808b946e8c4480050ab1a85cf31f3f:56)
07-16 13:06:40.122 E/AppOpService( 1285): 	at com.android.server.appop.AppOpsService$AppOpsManagerInternalImpl.setUidModeFromPermissionPolicy(qb/109705038 2e69fc865445a5a746afac3d7c219c02a6808b946e8c4480050ab1a85cf31f3f:5)
07-16 13:06:40.122 E/AppOpService( 1285): 	at com.android.server.policy.PermissionPolicyService$PermissionToOpSynchroniser.setUidMode(qb/109705038 2e69fc865445a5a746afac3d7c219c02a6808b946e8c4480050ab1a85cf31f3f:19)
07-16 13:06:40.122 E/AppOpService( 1285): 	at com.android.server.policy.PermissionPolicyService$PermissionToOpSynchroniser.-$$Nest$msyncPackages(qb/109705038 2e69fc865445a5a746afac3d7c219c02a6808b946e8c4480050ab1a85cf31f3f:130)
07-16 13:06:40.122 E/AppOpService( 1285): 	at com.android.server.policy.PermissionPolicyService.onStartUser$1(qb/109705038 2e69fc865445a5a746afac3d7c219c02a6808b946e8c4480050ab1a85cf31f3f:251)
07-16 13:06:40.122 E/AppOpService( 1285): 	at com.android.server.policy.PermissionPolicyService.onUserStarting(qb/109705038 2e69fc865445a5a746afac3d7c219c02a6808b946e8c4480050ab1a85cf31f3f:5)
07-16 13:06:40.122 E/AppOpService( 1285): 	at com.android.server.SystemServiceManager$$ExternalSyntheticLambda2.run(qb/109705038 2e69fc865445a5a746afac3d7c219c02a6808b946e8c4480050ab1a85cf31f3f:63)
07-16 13:06:40.122 E/AppOpService( 1285): 	at java.util.concurrent.Executors$RunnableAdapter.call(Executors.java:520)
07-16 13:06:40.122 E/AppOpService( 1285): 	at java.util.concurrent.FutureTask.run(FutureTask.java:328)
07-16 13:06:40.122 E/AppOpService( 1285): 	at java.util.concurrent.ThreadPoolExecutor.runWorker(ThreadPoolExecutor.java:1100)
07-16 13:06:40.122 E/AppOpService( 1285): 	at java.util.concurrent.ThreadPoolExecutor$Worker.run(ThreadPoolExecutor.java:624)
07-16 13:06:40.122 E/AppOpService( 1285): 	at java.lang.Thread.run(Thread.java:1572)
07-16 13:06:40.171 E/FeatureFlagsImplExport( 5118): android.os.flagging.AconfigStorageReadException: ERROR_PACKAGE_NOT_FOUND: package android.xr cannot be found on the device
07-16 13:06:40.209 I/PackageManager( 1285): Role holders for android.app.role.SYSTEM_CONTACTS changed. holders: [com.samsung.android.app.contacts], UserId: 13
07-16 13:06:40.215 I/PackageManager( 1285): Role holders for android.app.role.SYSTEM_SETTINGS_INTELLIGENCE changed. holders: [com.android.settings.intelligence], UserId: 13
07-16 13:06:40.217 E/RoleControllerServiceImpl( 1285): Default/fallback role holder package doesn't qualify for the role, package: com.google.android.gms.supervision, role: android.app.role.SYSTEM_SUPERVISION, user: 13
07-16 13:06:40.218 E/RoleControllerServiceImpl( 1285): Default/fallback role holder package doesn't qualify for the role, package: com.google.android.gms, role: android.app.role.SYSTEM_CALL_STREAMING, user: 13
07-16 13:06:40.227 E/ActivityTaskManager( 1285): Removing snapshot from cache for com.google.android.permissioncontroller []
07-16 13:06:40.238 I/PackageManager( 1285): Role holders for android.app.role.DEVICE_POLICY_MANAGEMENT changed. holders: [com.google.android.apps.work.clouddpc], UserId: 13
07-16 13:06:40.241 I/PackageManager( 1285): Role holders for android.app.role.SYSTEM_BLUETOOTH_STACK changed. holders: [com.android.bluetooth], UserId: 13
07-16 13:06:40.244 I/PackageManager( 1285): Role holders for android.app.role.SYSTEM_DOCUMENT_MANAGER changed. holders: [com.google.android.documentsui], UserId: 13
07-16 13:06:40.256 I/PackageManager( 1285): Role holders for android.app.role.SYSTEM_SHELL changed. holders: [com.android.shell], UserId: 13
07-16 13:06:40.260 E/AppOpService( 1285): Blocked setUidMode call for runtime permission app op: uid = 1301000, code = CAMERA, mode = foreground, callingUid = 1000, oldMode = allow
07-16 13:06:40.260 E/AppOpService( 1285): java.lang.RuntimeException
07-16 13:06:40.260 E/AppOpService( 1285): 	at com.android.server.permission.access.appop.AppOpService.setUidMode(qb/109705038 2e69fc865445a5a746afac3d7c219c02a6808b946e8c4480050ab1a85cf31f3f:145)
07-16 13:06:40.260 E/AppOpService( 1285): 	at com.android.server.appop.AppOpsService.setUidMode(qb/109705038 2e69fc865445a5a746afac3d7c219c02a6808b946e8c4480050ab1a85cf31f3f:56)
07-16 13:06:40.260 E/AppOpService( 1285): 	at com.android.server.appop.AppOpsService.setUidMode(qb/109705038 2e69fc865445a5a746afac3d7c219c02a6808b946e8c4480050ab1a85cf31f3f:1)
07-16 13:06:40.260 E/AppOpService( 1285): 	at android.app.AppOpsManager.setUidMode(AppOpsManager.java:8782)
07-16 13:06:40.260 E/AppOpService( 1285): 	at com.android.role.controller.model.Permissions.setAppOpModeAsUser(Permissions.java:908)
07-16 13:06:40.260 E/AppOpService( 1285): 	at com.android.role.controller.model.Permissions.setAppOpUidModeAsUser(Permissions.java:885)
07-16 13:06:40.260 E/AppOpService( 1285): 	at com.android.role.controller.model.Permissions.grantPermissionAndAppOpAsUser(Permissions.java:373)
07-16 13:06:40.260 E/AppOpService( 1285): 	at com.android.role.controller.model.Permissions.grantSingleAsUser(Permissions.java:247)
07-16 13:06:40.260 E/AppOpService( 1285): 	at com.android.role.controller.model.Permissions.grantAsUser(Permissions.java:205)
07-16 13:06:40.260 E/AppOpService( 1285): 	at com.android.role.controller.model.Role.grantAsUser(Role.java:947)
07-16 13:06:40.260 E/AppOpService( 1285): 	at com.android.role.controller.service.RoleControllerServiceImpl.addRoleHolderInternal(RoleControllerServiceImpl.java:380)
07-16 13:06:40.260 E/AppOpService( 1285): 	at com.android.role.controller.service.RoleControllerServiceImpl.addRoleHolderInternal(RoleControllerServiceImpl.java:374)
07-16 13:06:40.260 E/AppOpService( 1285): 	at com.android.role.controller.service.RoleControllerServiceImpl.onGrantDefaultRoles(RoleControllerServiceImpl.java:211)
07-16 13:06:40.260 E/AppOpService( 1285): 	at com.android.role.LocalRoleController.lambda$grantDefaultRoles$1(LocalRoleController.java:56)
07-16 13:06:40.260 E/AppOpService( 1285): 	at com.android.role.LocalRoleController.$r8$lambda$ye-flP7Mf14AbTzwSmiTgndT6Cg(LocalRoleController.java:0)
07-16 13:06:40.260 E/AppOpService( 1285): 	at com.android.role.LocalRoleController$$ExternalSyntheticLambda1.run(R8$$SyntheticClass:0)
07-16 13:06:40.260 E/AppOpService( 1285): 	at android.os.Handler.handleCallback(Handler.java:1070)
07-16 13:06:40.260 E/AppOpService( 1285): 	at android.os.Handler.dispatchMessage(Handler.java:125)
07-16 13:06:40.260 E/AppOpService( 1285): 	at android.os.Looper.dispatchMessage(Looper.java:358)
07-16 13:06:40.260 E/AppOpService( 1285): 	at android.os.Looper.loopOnce(Looper.java:288)
07-16 13:06:40.260 E/AppOpService( 1285): 	at android.os.Looper.loop(Looper.java:392)
07-16 13:06:40.260 E/AppOpService( 1285): 	at android.os.HandlerThread.run(HandlerThread.java:139)
07-16 13:06:40.261 I/PackageManager( 1285): Role holders for android.app.role.SYSTEM_WELLBEING changed. holders: [com.samsung.android.forest], UserId: 13
07-16 13:06:40.264 I/PackageManager( 1285): Role holders for android.app.role.SYSTEM_VISUAL_INTELLIGENCE changed. holders: [com.samsung.android.smartface], UserId: 13
07-16 13:06:40.293 I/PackageManager( 1285): Role holders for android.app.role.SYSTEM_AUTOMOTIVE_PROJECTION changed. holders: [com.google.android.projection.gearhead], UserId: 13
07-16 13:06:40.297 I/PackageManager( 1285): Role holders for android.app.role.SYSTEM_ACTIVITY_RECOGNIZER changed. holders: [com.google.android.gms], UserId: 13
07-16 13:06:40.306 I/PackageManager( 1285): Role holders for android.app.role.SYSTEM_COMPANION_DEVICE_PROVIDER changed. holders: [com.google.android.gms], UserId: 13
07-16 13:06:40.328 I/PackageManager( 1285): Role holders for android.app.role.SYSTEM_UI_INTELLIGENCE changed. holders: [com.google.android.as], UserId: 13
07-16 13:06:40.329 E/AppOpService( 1285): Blocked setUidMode call for runtime permission app op: uid = 1310232, code = READ_PHONE_STATE, mode = ignore, callingUid = 1000, oldMode = allow
07-16 13:06:40.329 E/AppOpService( 1285): java.lang.RuntimeException
07-16 13:06:40.329 E/AppOpService( 1285): 	at com.android.server.permission.access.appop.AppOpService.setUidMode(qb/109705038 2e69fc865445a5a746afac3d7c219c02a6808b946e8c4480050ab1a85cf31f3f:145)
07-16 13:06:40.329 E/AppOpService( 1285): 	at com.android.server.appop.AppOpsService.setUidMode(qb/109705038 2e69fc865445a5a746afac3d7c219c02a6808b946e8c4480050ab1a85cf31f3f:56)
07-16 13:06:40.329 E/AppOpService( 1285): 	at com.android.server.appop.AppOpsService$AppOpsManagerInternalImpl.setUidModeFromPermissionPolicy(qb/109705038 2e69fc865445a5a746afac3d7c219c02a6808b946e8c4480050ab1a85cf31f3f:5)
07-16 13:06:40.329 E/AppOpService( 1285): 	at com.android.server.policy.PermissionPolicyService$PermissionToOpSynchroniser.setUidMode(qb/109705038 2e69fc865445a5a746afac3d7c219c02a6808b946e8c4480050ab1a85cf31f3f:19)
07-16 13:06:40.329 E/AppOpService( 1285): 	at com.android.server.policy.PermissionPolicyService$PermissionToOpSynchroniser.-$$Nest$msyncPackages(qb/109705038 2e69fc865445a5a746afac3d7c219c02a6808b946e8c4480050ab1a85cf31f3f:130)
07-16 13:06:40.329 E/AppOpService( 1285): 	at com.android.server.policy.PermissionPolicyService.synchronizeUidPermissionsAndAppOps(qb/109705038 2e69fc865445a5a746afac3d7c219c02a6808b946e8c4480050ab1a85cf31f3f:67)
07-16 13:06:40.329 E/AppOpService( 1285): 	at com.android.server.policy.PermissionPolicyService$$ExternalSyntheticLambda3.accept(qb/109705038 2e69fc865445a5a746afac3d7c219c02a6808b946e8c4480050ab1a85cf31f3f:22)
07-16 13:06:40.329 E/AppOpService( 1285): 	at com.android.internal.util.function.pooled.PooledLambdaImpl.doInvoke(PooledLambdaImpl.java:281)
07-16 13:06:40.329 E/AppOpService( 1285): 	at com.android.internal.util.function.pooled.PooledLambdaImpl.invoke(PooledLambdaImpl.java:204)
07-16 13:06:40.329 E/AppOpService( 1285): 	at com.android.internal.util.function.pooled.OmniFunction.run(OmniFunction.java:87)
07-16 13:06:40.329 E/AppOpService( 1285): 	at android.os.Handler.handleCallback(Handler.java:1070)
07-16 13:06:40.329 E/AppOpService( 1285): 	at android.os.Handler.dispatchMessage(Handler.java:125)
07-16 13:06:40.329 E/AppOpService( 1285): 	at android.os.Looper.dispatchMessage(Looper.java:358)
07-16 13:06:40.329 E/AppOpService( 1285): 	at android.os.Looper.loopOnce(Looper.java:288)
07-16 13:06:40.329 E/AppOpService( 1285): 	at android.os.Looper.loop(Looper.java:392)
07-16 13:06:40.329 E/AppOpService( 1285): 	at android.os.HandlerThread.run(HandlerThread.java:139)
07-16 13:06:40.329 E/AppOpService( 1285): 	at com.android.server.ServiceThread.run(ServiceThread.java:46)
07-16 13:06:40.337 I/PackageManager( 1285): Role holders for android.app.role.SYSTEM_SPEECH_RECOGNIZER changed. holders: [com.google.android.tts], UserId: 13
07-16 13:06:40.344 I/PackageManager( 1285): Role holders for android.app.role.SYSTEM_UI changed. holders: [com.android.systemui], UserId: 13
07-16 13:06:40.347 I/PackageManager( 1285): Role holders for android.app.role.EMERGENCY changed. holders: [com.samsung.android.emergency], UserId: 13
07-16 13:06:40.351 I/PackageManager( 1285): Role holders for android.app.role.SYSTEM_AUDIO_INTELLIGENCE changed. holders: [com.google.android.as], UserId: 13
07-16 13:06:40.377 E/SDPLog  ( 1285): Child profile key not found
07-16 13:06:40.391 I/ActivityManager( 1285): Start proc 5151:com.google.android.providers.media.module/u13a275 for service {com.google.android.providers.media.module/com.android.providers.media.fuse.ExternalStorageServiceImpl}
07-16 13:06:40.419 E/WifiConfigManager( 1285): Ignore user unlock for non current user 13
07-16 13:06:40.430 I/ActivityManager( 1285): Changes in 1310275 20 to 19, 0 to 384
07-16 13:06:40.434 I/ActivityManager( 1285): Start proc 5162:com.samsung.android.smartsuggestions/u13a116 for service {com.samsung.android.smartsuggestions/com.samsung.android.smartsuggestions.extservice.services.ContentCaptureService}
07-16 13:06:40.440 E/hwvault_tee(  873): [[31mERR[0m] (nwd_hv_kv_common.cpp:103) _kv2_init onlypower 0 1
07-16 13:06:40.454 E/AutofillManagerServiceImpl( 1285): Bad service name: com.samsung.android.samsungpassautofill/com.samsung.android.samsungpassautofill.AutofillServiceMain
07-16 13:06:40.464 I/ActivityManager( 1285): Start proc 5164:com.google.android.as/u13a232 for service {com.google.android.as/com.google.android.apps.miphone.aiai.captions.SystemCaptionsManagerService}
07-16 13:06:40.466 E/AutofillManagerServiceImpl( 1285): Bad service name: com.samsung.android.samsungpassautofill/com.samsung.android.samsungpassautofill.AutofillServiceMain
07-16 13:06:40.473 I/ActivityManager( 1285): Changes in 1310116 20 to 19, 0 to 384
07-16 13:06:40.480 I/ActivityManager( 1285): Start proc 5189:com.android.printspooler/u13a189 for service {com.android.printspooler/com.android.printspooler.model.PrintSpoolerService}
07-16 13:06:40.492 I/ActivityManager( 1285): Changes in 1310284 19 to 5, 0 to 511
07-16 13:06:40.497 I/ActivityManager( 1285): Changes in 1310284 5 to 10, 511 to 384
07-16 13:06:40.503 I/ActivityManager( 1285): Changes in 1310232 20 to 19, 0 to 384
07-16 13:06:40.506 W/ActivityManager( 1285): Receiver with filter android.content.IntentFilter@87eff68 already registered for pid 1285, callerPackage is android
07-16 13:06:40.509 I/ActivityTaskManager( 1285): Restoring recents for user 13
07-16 13:06:40.509 E/TaskPersister( 1285): restoreDedicatedProcess.: Unable to list files from /data/system_ce/13/dedicated_tasks
07-16 13:06:40.528 I/ActivityManager( 1285): Changes in 1310284 10 to 19, 384 to 0
07-16 13:06:40.559 E/system_server( 1285): No package ID 7f found for resource ID 0x7f100002.
07-16 13:06:40.559 E/system_server( 1285): No package ID 7f found for resource ID 0x7f130709.
07-16 13:06:40.559 E/system_server( 1285): No package ID 7f found for resource ID 0x7f130709.
07-16 13:06:40.559 E/system_server( 1285): No package ID 7f found for resource ID 0x7f100005.
07-16 13:06:40.559 E/system_server( 1285): No package ID 7f found for resource ID 0x7f13032f.
07-16 13:06:40.559 E/system_server( 1285): No package ID 7f found for resource ID 0x7f13032f.
07-16 13:06:40.559 E/system_server( 1285): No package ID 7f found for resource ID 0x7f100003.
07-16 13:06:40.559 E/system_server( 1285): No package ID 7f found for resource ID 0x7f1304ad.
07-16 13:06:40.559 E/system_server( 1285): No package ID 7f found for resource ID 0x7f1304ad.
07-16 13:06:40.569 I/ActivityManager( 1285): Changes in 1310189 20 to 19, 0 to 384
07-16 13:06:40.591 E/DataManager$NotificationListener( 1285): No completion listener supplied for this service!
07-16 13:06:40.593 E/PlaySetupServiceV2Proxy( 4823): Error resuming app updates: pause_not_yet_called [CONTEXT service_id=320 ]
07-16 13:06:40.599 E/SatelliteAppTracker( 1731): new user added
07-16 13:06:40.618 E/CellBroadcastUtils( 1731): getDefaultCellBroadcastReceiverPackageName: no package found
07-16 13:06:40.621 I/PackageManager( 1285): Replacing preferred: com.google.android.apps.messaging/.ui.conversation.LaunchConversationActivity
07-16 13:06:40.621 I/PackageManager( 1285): Sets:
07-16 13:06:40.621 I/PackageManager( 1285):   android/com.android.internal.app.ForwardIntentToParent, uid: 1001, pid: 1731
07-16 13:06:40.622 E/SatelliteAppTracker( 1731): packageName: com.google.android.networkstack.tethering, value: null
07-16 13:06:40.622 E/SatelliteAppTracker( 1731): packageName: com.samsung.android.provider.filterprovider, value: null
07-16 13:06:40.622 E/SatelliteAppTracker( 1731): packageName: com.samsung.android.mydevice, value: null
07-16 13:06:40.622 E/SatelliteAppTracker( 1731): packageName: com.samsung.android.smartswitchassistant, value: null
07-16 13:06:40.622 E/SatelliteAppTracker( 1731): packageName: com.sec.vsim.ericssonnsds.webapp, value: null
07-16 13:06:40.622 E/SatelliteAppTracker( 1731): packageName: com.sec.android.app.setupwizardlegalprovider, value: null
07-16 13:06:40.622 E/SatelliteAppTracker( 1731): packageName: com.google.android.youtube, value: null
07-16 13:06:40.622 E/SatelliteAppTracker( 1731): packageName: com.sec.location.nsflp2, value: null
07-16 13:06:40.622 E/SatelliteAppTracker( 1731): packageName: com.samsung.android.themestore, value: null
07-16 13:06:40.622 E/SatelliteAppTracker( 1731): packageName: com.sec.android.app.chromecustomizations, value: null
07-16 13:06:40.622 E/SatelliteAppTracker( 1731): packageName: com.samsung.android.app.aodservice, value: null
07-16 13:06:40.622 E/SatelliteAppTracker( 1731): packageName: com.google.android.ext.services, value: null
07-16 13:06:40.622 E/SatelliteAppTracker( 1731): packageName: com.samsung.SMT.lang_pt_br_f00, value: null
07-16 13:06:40.622 E/SatelliteAppTracker( 1731): packageName: com.samsung.android.knox.kfbp, value: null
07-16 13:06:40.622 E/SatelliteAppTracker( 1731): packageName: com.samsung.android.knox.knnr, value: null
07-16 13:06:40.622 E/SatelliteAppTracker( 1731): packageName: com.samsung.android.knox.mpos, value: null
07-16 13:06:40.622 E/SatelliteAppTracker( 1731): packageName: com.sec.location.nfwlocationprivacy, value: null
07-16 13:06:40.622 E/SatelliteAppTracker( 1731): packageName: com.microsoft.appmanager, value: null
07-16 13:06:40.622 E/SatelliteAppTracker( 1731): packageName: com.android.providers.telephony, value: null
07-16 13:06:40.622 E/SatelliteAppTracker( 1731): packageName: com.sec.android.app.ve.vebgm, value: null
07-16 13:06:40.622 E/SatelliteAppTracker( 1731): packageName: com.sec.android.app.parser, value: null
07-16 13:06:40.622 E/SatelliteAppTracker( 1731): packageName: com.samsung.unifiedtp, value: null
07-16 13:06:40.622 E/SatelliteAppTracker( 1731): packageName: com.google.android.googlequicksearchbox, value: null
07-16 13:06:40.622 E/SatelliteAppTracker( 1731): packageName: com.sec.android.app.bluetoothagent, value: null
07-16 13:06:40.622 E/SatelliteAppTracker( 1731): packageName: com.samsung.android.calendar, value: null
07-16 13:06:40.622 E/SatelliteAppTracker( 1731): packageName: com.google.android.cellbroadcastservice, value: null
07-16 13:06:40.622 E/SatelliteAppTracker( 1731): packageName: com.sbi.lotusintouch, value: null
07-16 13:06:40.622 E/SatelliteAppTracker( 1731): packageName: com.android.providers.calendar, value: null
07-16 13:06:40.623 E/SatelliteAppTracker( 1731): packageName: com.osp.app.signin, value: com.osp.app.signin
07-16 13:06:40.627 I/PackageManager( 1285): Replacing preferred: com.google.android.apps.messaging/.ui.conversation.LaunchConversationActivity
07-16 13:06:40.627 I/PackageManager( 1285): Sets:
07-16 13:06:40.627 I/PackageManager( 1285):   android/com.android.internal.app.ForwardIntentToParent, uid: 1001, pid: 1731
07-16 13:06:40.627 E/SatelliteAppTracker( 1731): packageName: com.google.android.apps.googleassistant, value: null
07-16 13:06:40.627 E/SatelliteAppTracker( 1731): packageName: com.samsung.android.emergency, value: null
07-16 13:06:40.627 E/SatelliteAppTracker( 1731): packageName: com.samsung.android.aremoji, value: null
07-16 13:06:40.627 E/SatelliteAppTracker( 1731): packageName: com.whereismytrain.android, value: null
07-16 13:06:40.627 E/SatelliteAppTracker( 1731): packageName: com.google.android.apps.docs.editors.docs, value: null
07-16 13:06:40.627 E/SatelliteAppTracker( 1731): packageName: com.google.android.onetimeinitializer, value: null
07-16 13:06:40.627 E/SatelliteAppTracker( 1731): packageName: com.samsung.ecomm.global.in, value: null
07-16 13:06:40.627 E/SatelliteAppTracker( 1731): packageName: com.callapp.contacts, value: null
07-16 13:06:40.627 E/SatelliteAppTracker( 1731): packageName: com.samsung.android.globalpostprocmgr, value: null
07-16 13:06:40.627 E/SatelliteAppTracker( 1731): packageName: com.google.android.federatedcompute, value: null
07-16 13:06:40.627 E/SatelliteAppTracker( 1731): packageName: com.samsung.android.smartmirroring, value: null
07-16 13:06:40.627 E/SatelliteAppTracker( 1731): packageName: com.samsung.android.mcf.autohotspot, value: null
07-16 13:06:40.627 E/SatelliteAppTracker( 1731): packageName: com.samsung.android.mapsagent, value: null
07-16 13:06:40.627 E/SatelliteAppTracker( 1731): packageName: com.samsung.android.knox.er, value: null
07-16 13:06:40.627 E/SatelliteAppTracker( 1731): packageName: com.sec.android.app.safetyassurance, value: null
07-16 13:06:40.627 E/SatelliteAppTracker( 1731): packageName: com.samsung.android.incallui, value: null
07-16 13:06:40.627 E/SatelliteAppTracker( 1731): packageName: com.samsung.android.knox.containercore, value: null
07-16 13:06:40.627 E/SatelliteAppTracker( 1731): packageName: com.samsung.android.service.tagservice, value: null
07-16 13:06:40.627 E/SatelliteAppTracker( 1731): packageName: com.samsung.android.kidsinstaller, value: null
07-16 13:06:40.627 E/SatelliteAppTracker( 1731): packageName: com.sec.factory.camera, value: null
07-16 13:06:40.627 E/SatelliteAppTracker( 1731): packageName: com.simplescan.scanner, value: null
07-16 13:06:40.627 E/SatelliteAppTracker( 1731): packageName: com.samsung.android.easysetup, value: null
07-16 13:06:40.628 E/SatelliteAppTracker( 1731): packageName: com.samsung.android.aware.service, value: null
07-16 13:06:40.628 E/SatelliteAppTracker( 1731): packageName: com.android.htmlviewer, value: null
07-16 13:06:40.628 E/SatelliteAppTracker( 1731): packageName: com.samsung.android.vtcamerasettings, value: null
07-16 13:06:40.628 E/SatelliteAppTracker( 1731): packageName: com.whatsapp, value: com.whatsapp
07-16 13:06:40.629 E/SatelliteAppTracker( 1731): packageName: com.samsung.android.rubin.app, value: null
07-16 13:06:40.629 E/SatelliteAppTracker( 1731): packageName: com.google.android.apps.docs.editors.sheets, value: null
07-16 13:06:40.629 E/SatelliteAppTracker( 1731): packageName: com.google.android.apps.docs.editors.slides, value: null
07-16 13:06:40.629 E/SatelliteAppTracker( 1731): packageName: com.google.android.health.connect.backuprestore, value: null
07-16 13:06:40.629 E/SatelliteAppTracker( 1731): packageName: com.google.android.apps.messaging, value: com.google.android.apps.messaging
07-16 13:06:40.631 E/SatelliteAppTracker( 1731): packageName: com.sec.android.easyMover.Agent, value: null
07-16 13:06:40.631 E/SatelliteAppTracker( 1731): packageName: com.wsomacp, value: null
07-16 13:06:40.631 E/SatelliteAppTracker( 1731): packageName: com.getbhakti.vedabase, value: null
07-16 13:06:40.631 E/SatelliteAppTracker( 1731): packageName: com.samsung.faceservice, value: null
07-16 13:06:40.631 E/SatelliteAppTracker( 1731): packageName: com.samsung.android.visualars, value: null
07-16 13:06:40.631 E/SatelliteAppTracker( 1731): packageName: com.samsung.gpuwatchapp, value: null
07-16 13:06:40.631 E/SatelliteAppTracker( 1731): packageName: com.sec.android.app.voicenote, value: null
07-16 13:06:40.631 E/SatelliteAppTracker( 1731): packageName: com.samsung.android.simagent, value: null
07-16 13:06:40.631 E/SatelliteAppTracker( 1731): packageName: com.monotype.android.font.foundation, value: null
07-16 13:06:40.631 E/SatelliteAppTracker( 1731): packageName: com.sec.android.widgetapp.easymodecontactswidget, value: null
07-16 13:06:40.631 E/SatelliteAppTracker( 1731): packageName: com.samsung.android.knox.kpecore, value: null
07-16 13:06:40.631 E/SatelliteAppTracker( 1731): packageName: com.samsung.android.app.parentalcare, value: null
07-16 13:06:40.631 E/SatelliteAppTracker( 1731): packageName: com.samsung.android.knox.pushmanager, value: null
07-16 13:06:40.631 E/SatelliteAppTracker( 1731): packageName: com.sec.android.app.factorykeystring, value: null
07-16 13:06:40.631 E/SatelliteAppTracker( 1731): packageName: com.google.android.verifier, value: null
07-16 13:06:40.631 E/SatelliteAppTracker( 1731): packageName: com.google.android.signature, value: null
07-16 13:06:40.631 E/SatelliteAppTracker( 1731): packageName: com.sec.android.app.samsungapps, value: null
07-16 13:06:40.631 E/SatelliteAppTracker( 1731): packageName: com.samsung.android.inputshare, value: null
07-16 13:06:40.631 E/SatelliteAppTracker( 1731): packageName: com.google.android.configupdater, value: null
07-16 13:06:40.631 E/SatelliteAppTracker( 1731): packageName: com.sec.android.app.wlantest, value: null
07-16 13:06:40.631 E/SatelliteAppTracker( 1731): packageName: com.samsung.android.accessibility.talkback, value: null
07-16 13:06:40.631 E/SatelliteAppTracker( 1731): packageName: com.google.android.providers.media.module, value: null
07-16 13:06:40.631 E/SatelliteAppTracker( 1731): packageName: com.sec.android.app.billing, value: null
07-16 13:06:40.631 E/SatelliteAppTracker( 1731): packageName: com.samsung.android.visual.cloudcore, value: null
07-16 13:06:40.631 E/SatelliteAppTracker( 1731): packageName: com.sec.epdgtestapp, value: null
07-16 13:06:40.631 E/SatelliteAppTracker( 1731): packageName: com.acd.calendar, value: null
07-16 13:06:40.631 E/SatelliteAppTracker( 1731): packageName: com.samsung.android.knox.zt.framework, value: null
07-16 13:06:40.631 E/SatelliteAppTracker( 1731): packageName: com.Splitwise.SplitwiseMobile, value: null
07-16 13:06:40.631 E/SatelliteAppTracker( 1731): packageName: com.sec.android.daemonapp, value: com.sec.android.daemonapp
07-16 13:06:40.633 E/system_server( 1285): No package ID 7f found for resource ID 0x7f08050b.
07-16 13:06:40.634 E/system_server( 1285): No package ID 7f found for resource ID 0x7f140cef.
07-16 13:06:40.634 E/SatelliteAppTracker( 1731): packageName: com.google.ar.core, value: null
07-16 13:06:40.634 E/SatelliteAppTracker( 1731): packageName: com.android.vending, value: null
07-16 13:06:40.634 E/SatelliteAppTracker( 1731): packageName: com.samsung.android.knox.attestation, value: null
07-16 13:06:40.635 E/SatelliteAppTracker( 1731): packageName: com.samsung.android.secsoundpicker, value: null
07-16 13:06:40.635 E/SatelliteAppTracker( 1731): packageName: com.google.android.adservices.api, value: null
07-16 13:06:40.635 E/SatelliteAppTracker( 1731): packageName: com.samsung.SMT.lang_en_in_l02, value: null
07-16 13:06:40.635 E/SatelliteAppTracker( 1731): packageName: com.microsoft.skydrive, value: null
07-16 13:06:40.635 E/SatelliteAppTracker( 1731): packageName: com.samsung.android.alive.service, value: null
07-16 13:06:40.635 E/SatelliteAppTracker( 1731): packageName: com.samsung.android.intellivoiceservice, value: null
07-16 13:06:40.635 E/SatelliteAppTracker( 1731): packageName: com.sec.android.app.soundalive, value: null
07-16 13:06:40.635 I/PackageManager( 1285): Replacing preferred: com.google.android.apps.messaging/.ui.conversation.LaunchConversationActivity
07-16 13:06:40.635 I/PackageManager( 1285): Sets:
07-16 13:06:40.635 I/PackageManager( 1285):   android/com.android.internal.app.ForwardIntentToParent, uid: 1001, pid: 1731
07-16 13:06:40.635 E/SatelliteAppTracker( 1731): packageName: com.samsung.android.kmxservice, value: null
07-16 13:06:40.636 E/SatelliteAppTracker( 1731): packageName: com.sec.android.provider.badge, value: null
07-16 13:06:40.636 E/SatelliteAppTracker( 1731): packageName: com.samsung.android.motionphoto.app, value: null
07-16 13:06:40.636 E/SatelliteAppTracker( 1731): packageName: com.google.android.apps.accessibility.voiceaccess, value: null
07-16 13:06:40.636 E/SatelliteAppTracker( 1731): packageName: us.zoom.videomeetings, value: null
07-16 13:06:40.636 E/SatelliteAppTracker( 1731): packageName: com.samsung.SMT, value: null
07-16 13:06:40.636 E/SatelliteAppTracker( 1731): packageName: com.samsung.cmh, value: null
07-16 13:06:40.637 E/SatelliteAppTracker( 1731): packageName: com.samsung.ssu, value: null
07-16 13:06:40.637 E/SatelliteAppTracker( 1731): packageName: android, value: null
07-16 13:06:40.637 E/SatelliteAppTracker( 1731): packageName: com.android.hotwordenrollment.xgoogle, value: null
07-16 13:06:40.637 E/SatelliteAppTracker( 1731): packageName: com.samsung.android.sm.devicesecurity, value: null
07-16 13:06:40.637 E/SatelliteAppTracker( 1731): packageName: com.samsung.SMT.lang_es_mx_f00, value: null
07-16 13:06:40.637 E/SatelliteAppTracker( 1731): packageName: com.samsung.android.aircommandmanager, value: null
07-16 13:06:40.637 E/SatelliteAppTracker( 1731): packageName: com.google.android.sdksandbox, value: null
07-16 13:06:40.637 E/SatelliteAppTracker( 1731): packageName: com.samsung.android.net.wifi.wifiguider, value: null
07-16 13:06:40.637 E/SatelliteAppTracker( 1731): packageName: com.samsung.android.service.stplatform, value: null
07-16 13:06:40.637 E/SatelliteAppTracker( 1731): packageName: com.android.nfc, value: null
07-16 13:06:40.637 E/SatelliteAppTracker( 1731): packageName: com.android.stk, value: null
07-16 13:06:40.637 E/SatelliteAppTracker( 1731): packageName: com.samsung.android.messaging, value: null
07-16 13:06:40.637 E/SatelliteAppTracker( 1731): packageName: com.samsung.klmsagent, value: null
07-16 13:06:40.637 E/SatelliteAppTracker( 1731): packageName: com.samsung.android.app.find, value: com.samsung.android.app.find
07-16 13:06:40.639 I/PackageManager( 1285): Replacing preferred: com.google.android.apps.messaging/.ui.conversation.LaunchConversationActivity
07-16 13:06:40.639 I/PackageManager( 1285): Sets:
07-16 13:06:40.639 I/PackageManager( 1285):   android/com.android.internal.app.ForwardIntentToParent, uid: 1001, pid: 1731
07-16 13:06:40.646 E/SatelliteAppTracker( 1731): packageName: com.samsung.SMT.lang_en_us_f00, value: null
07-16 13:06:40.646 E/SatelliteAppTracker( 1731): packageName: com.sec.android.app.SecSetupWizard, value: null
07-16 13:06:40.646 E/SatelliteAppTracker( 1731): packageName: com.samsung.mfcontents, value: null
07-16 13:06:40.646 E/SatelliteAppTracker( 1731): packageName: com.hdfcbank.android.now, value: null
07-16 13:06:40.646 E/SatelliteAppTracker( 1731): packageName: com.samsung.android.app.telephonyui, value: null
07-16 13:06:40.646 E/SatelliteAppTracker( 1731): packageName: com.samsung.android.samsungpositioning, value: null
07-16 13:06:40.646 E/SatelliteAppTracker( 1731): packageName: com.google.android.as, value: null
07-16 13:06:40.646 E/SatelliteAppTracker( 1731): packageName: com.google.android.gm, value: null
07-16 13:06:40.646 E/SatelliteAppTracker( 1731): packageName: com.samsung.android.bixby.agent, value: null
07-16 13:06:40.646 E/SatelliteAppTracker( 1731): packageName: com.google.android.apps.tachyon, value: null
07-16 13:06:40.646 E/SatelliteAppTracker( 1731): packageName: com.sec.android.app.hwmoduletest, value: null
07-16 13:06:40.646 E/SatelliteAppTracker( 1731): packageName: com.android.settings.intelligence, value: null
07-16 13:06:40.646 E/SatelliteAppTracker( 1731): packageName: com.monotype.android.font.samsungone, value: null
07-16 13:06:40.646 E/SatelliteAppTracker( 1731): packageName: com.samsung.android.privacydashboard, value: null
07-16 13:06:40.646 E/SatelliteAppTracker( 1731): packageName: com.olacabs.customer, value: null
07-16 13:06:40.646 E/SatelliteAppTracker( 1731): packageName: com.microsoft.office.outlook, value: null
07-16 13:06:40.647 E/SatelliteAppTracker( 1731): packageName: com.google.android.permissioncontroller, value: null
07-16 13:06:40.647 E/SatelliteAppTracker( 1731): packageName: com.sec.android.app.servicemodeapp, value: null
07-16 13:06:40.647 E/SatelliteAppTracker( 1731): packageName: com.google.android.setupwizard, value: null
07-16 13:06:40.647 E/SatelliteAppTracker( 1731): packageName: com.sec.android.gallery3d, value: null
07-16 13:06:40.647 E/SatelliteAppTracker( 1731): packageName: com.sec.android.app.volumemonitorprovider, value: null
07-16 13:06:40.647 E/SatelliteAppTracker( 1731): packageName: com.samsung.accessibility, value: null
07-16 13:06:40.647 E/SatelliteAppTracker( 1731): packageName: com.sec.imsservice, value: null
07-16 13:06:40.647 E/SatelliteAppTracker( 1731): packageName: com.facebook.services, value: null
07-16 13:06:40.647 E/SatelliteAppTracker( 1731): packageName: com.samsung.android.mobileservice, value: null
07-16 13:06:40.647 E/SatelliteAppTracker( 1731): packageName: com.android.hotwordenrollment.okgoogle, value: null
07-16 13:06:40.647 E/SatelliteAppTracker( 1731): packageName: com.samsung.attribution, value: null
07-16 13:06:40.647 E/SatelliteAppTracker( 1731): packageName: com.samsung.android.mdx.kit, value: null
07-16 13:06:40.647 E/SatelliteAppTracker( 1731): packageName: com.samsung.storyservice, value: null
07-16 13:06:40.647 E/SatelliteAppTracker( 1731): packageName: qrcodescanner.barcodescanner.qrscanner.qrcodereader, value: null
07-16 13:06:40.647 E/SatelliteAppTracker( 1731): packageName: com.google.android.as.oss, value: null
07-16 13:06:40.647 E/SatelliteAppTracker( 1731): packageName: com.samsung.android.rampart, value: null
07-16 13:06:40.647 E/SatelliteAppTracker( 1731): packageName: com.sec.android.app.RilPhoneNumberService, value: null
07-16 13:06:40.647 E/SatelliteAppTracker( 1731): packageName: com.samsung.android.kgclient, value: null
07-16 13:06:40.647 E/SatelliteAppTracker( 1731): packageName: com.samsung.knox.securefolder, value: null
07-16 13:06:40.647 E/SatelliteAppTracker( 1731): packageName: com.google.audio.hearing.visualization.accessibility.scribe, value: null
07-16 13:06:40.647 E/SatelliteAppTracker( 1731): packageName: com.android.stk2, value: null
07-16 13:06:40.647 E/SatelliteAppTracker( 1731): packageName: com.samsung.android.game.gametools, value: null
07-16 13:06:40.647 E/SatelliteAppTracker( 1731): packageName: com.samsung.android.app.contacts, value: null
07-16 13:06:40.647 E/SatelliteAppTracker( 1731): packageName: com.samsung.android.service.peoplestripe, value: null
07-16 13:06:40.647 E/SatelliteAppTracker( 1731): packageName: com.jpl.jiomart, value: null
07-16 13:06:40.647 E/SatelliteAppTracker( 1731): packageName: com.samsung.android.da.daagent, value: null
07-16 13:06:40.647 E/SatelliteAppTracker( 1731): packageName: com.google.android.captiveportallogin, value: null
07-16 13:06:40.647 E/SatelliteAppTracker( 1731): packageName: com.samsung.android.app.reminder, value: null
07-16 13:06:40.647 E/SatelliteAppTracker( 1731): packageName: com.google.android.appsearch.apk, value: null
07-16 13:06:40.647 E/SatelliteAppTracker( 1731): packageName: com.samsung.android.smartcallprovider, value: null
07-16 13:06:40.647 E/SatelliteAppTracker( 1731): packageName: com.samsung.android.app.smartcapture, value: null
07-16 13:06:40.647 E/SatelliteAppTracker( 1731): packageName: com.google.android.apps.bard, value: null
07-16 13:06:40.647 E/SatelliteAppTracker( 1731): packageName: com.google.android.apps.docs, value: null
07-16 13:06:40.647 E/SatelliteAppTracker( 1731): packageName: com.google.android.apps.maps, value: com.google.android.apps.maps
07-16 13:06:40.648 E/SatelliteAppTracker( 1731): packageName: com.google.android.modulemetadata, value: null
07-16 13:06:40.648 E/SatelliteAppTracker( 1731): packageName: free.vpn.unblock.proxy.turbovpn, value: null
07-16 13:06:40.648 E/SatelliteAppTracker( 1731): packageName: com.samsung.android.app.taskedge, value: null
07-16 13:06:40.648 E/SatelliteAppTracker( 1731): packageName: com.samsung.android.dynamiclock, value: null
07-16 13:06:40.648 E/SatelliteAppTracker( 1731): packageName: com.microsoft.office.word, value: null
07-16 13:06:40.648 E/SatelliteAppTracker( 1731): packageName: net.one97.paytm, value: null
07-16 13:06:40.648 E/SatelliteAppTracker( 1731): packageName: com.samsung.android.location, value: null
07-16 13:06:40.648 E/SatelliteAppTracker( 1731): packageName: com.sec.android.app.clockpackage, value: null
07-16 13:06:40.648 E/SatelliteAppTracker( 1731): packageName: com.google.android.webview, value: null
07-16 13:06:40.648 E/SatelliteAppTracker( 1731): packageName: com.samsung.android.mdecservice, value: null
07-16 13:06:40.648 E/SatelliteAppTracker( 1731): packageName: com.samsung.android.app.telephonyui.esimclient, value: null
07-16 13:06:40.648 E/SatelliteAppTracker( 1731): packageName: com.google.android.networkstack, value: null
07-16 13:06:40.648 E/SatelliteAppTracker( 1731): packageName: com.google.android.rkpdapp, value: null
07-16 13:06:40.648 E/SatelliteAppTracker( 1731): packageName: com.google.android.contactkeys, value: null
07-16 13:06:40.648 E/SatelliteAppTracker( 1731): packageName: com.samsung.accessory.budsunitemgr, value: null
07-16 13:06:40.648 E/SatelliteAppTracker( 1731): packageName: com.android.server.telecom, value: null
07-16 13:06:40.648 E/SatelliteAppTracker( 1731): packageName: com.sec.imslogger, value: null
07-16 13:06:40.648 E/SatelliteAppTracker( 1731): packageName: com.samsung.android.privateaccesstokens, value: null
07-16 13:06:40.648 E/SatelliteAppTracker( 1731): packageName: com.android.chrome, value: null
07-16 13:06:40.648 E/SatelliteAppTracker( 1731): packageName: com.samsung.android.ipsgeofence, value: null
07-16 13:06:40.648 E/SatelliteAppTracker( 1731): packageName: com.samsung.android.themecenter, value: null
07-16 13:06:40.648 E/SatelliteAppTracker( 1731): packageName: com.samsung.android.server.wifi.mobilewips, value: null
07-16 13:06:40.648 E/SatelliteAppTracker( 1731): packageName: com.google.android.gms, value: com.google.android.gms
07-16 13:06:40.649 E/SatelliteAppTracker( 1731): packageName: com.google.android.gsf, value: null
07-16 13:06:40.649 E/SatelliteAppTracker( 1731): packageName: com.google.android.tts, value: null
07-16 13:06:40.649 E/SatelliteAppTracker( 1731): packageName: com.android.calllogbackup, value: null
07-16 13:06:40.649 E/SatelliteAppTracker( 1731): packageName: com.google.android.partnersetup, value: null
07-16 13:06:40.649 E/SatelliteAppTracker( 1731): packageName: com.mygalaxy.service, value: null
07-16 13:06:40.649 E/SatelliteAppTracker( 1731): packageName: com.sec.android.diagmonagent, value: null
07-16 13:06:40.649 E/SatelliteAppTracker( 1731): packageName: com.google.android.videos, value: null
07-16 13:06:40.649 E/SatelliteAppTracker( 1731): packageName: com.sec.spp.push, value: null
07-16 13:06:40.649 E/SatelliteAppTracker( 1731): packageName: com.samsung.android.aremojieditor, value: null
07-16 13:06:40.649 E/SatelliteAppTracker( 1731): packageName: com.android.theme.font.notoserifsource, value: null
07-16 13:06:40.649 E/SatelliteAppTracker( 1731): packageName: com.sec.android.app.myfiles, value: null
07-16 13:06:40.649 E/SatelliteAppTracker( 1731): packageName: com.samsung.android.setupindiaservicestnc, value: null
07-16 13:06:40.649 E/SatelliteAppTracker( 1731): packageName: com.google.android.safetycenter.resources, value: null
07-16 13:06:40.649 E/SatelliteAppTracker( 1731): packageName: com.samsung.android.app.routines, value: null
07-16 13:06:40.649 E/SatelliteAppTracker( 1731): packageName: org.videolan.vlc, value: null
07-16 13:06:40.649 E/SatelliteAppTracker( 1731): packageName: com.sec.android.mimage.photoretouching, value: null
07-16 13:06:40.649 E/SatelliteAppTracker( 1731): packageName: com.sec.android.app.launcher, value: null
07-16 13:06:40.649 E/SatelliteAppTracker( 1731): packageName: com.google.android.connectivity.resources, value: null
07-16 13:06:40.649 E/SatelliteAppTracker( 1731): packageName: com.mygalaxy, value: null
07-16 13:06:40.649 E/SatelliteAppTracker( 1731): packageName: com.jio.myjio, value: null
07-16 13:06:40.649 E/SatelliteAppTracker( 1731): packageName: com.google.android.apps.photos, value: null
07-16 13:06:40.649 E/SatelliteAppTracker( 1731): packageName: com.samsung.sec.android.teegris.tui_service, value: null
07-16 13:06:40.649 E/SatelliteAppTracker( 1731): packageName: com.google.android.syncadapters.calendar, value: null
07-16 13:06:40.649 E/SatelliteAppTracker( 1731): packageName: com.android.managedprovisioning, value: null
07-16 13:06:40.649 E/SatelliteAppTracker( 1731): packageName: com.samsung.android.setting.multisound, value: null
07-16 13:06:40.649 E/SatelliteAppTracker( 1731): packageName: com.samsung.android.arzone, value: null
07-16 13:06:40.649 E/SatelliteAppTracker( 1731): packageName: com.samsung.android.authfw, value: null
07-16 13:06:40.649 E/SatelliteAppTracker( 1731): packageName: com.ubercab, value: null
07-16 13:06:40.649 E/SatelliteAppTracker( 1731): packageName: com.samsung.android.wallpaper.live, value: null
07-16 13:06:40.649 E/SatelliteAppTracker( 1731): packageName: com.google.android.documentsui, value: null
07-16 13:06:40.649 E/SatelliteAppTracker( 1731): packageName: com.samsung.SMT.lang_tr_tr_f00, value: null
07-16 13:06:40.649 E/SatelliteAppTracker( 1731): packageName: com.microsoft.office.officehubrow, value: null
07-16 13:06:40.649 E/SatelliteAppTracker( 1731): packageName: com.android.dreams.phototable, value: null
07-16 13:06:40.649 E/SatelliteAppTracker( 1731): packageName: com.samsung.android.bixbyvision.framework, value: null
07-16 13:06:40.649 E/SatelliteAppTracker( 1731): packageName: com.google.mainline.telemetry, value: null
07-16 13:06:40.649 E/SatelliteAppTracker( 1731): packageName: com.samsung.safetyinformation, value: null
07-16 13:06:40.649 E/SatelliteAppTracker( 1731): packageName: com.samsung.android.dialer, value: null
07-16 13:06:40.649 E/SatelliteAppTracker( 1731): packageName: com.facebook.katana, value: null
