07-16 13:06:41.196 W/ActivityManager( 1285): Skipping broadcast of Intent { act=enterprise.container.setup.success flg=0x10 xflg=0x4 (has extras) }: user 10378 and its parent (if any) are stopped
07-16 13:06:41.233 I/ActivityManager( 1285): Changes in 10180 15 to 10, 256 to 384
07-16 13:06:41.248 E/s.work.clouddpc( 3275): Invalid resource ID 0x00000000.
07-16 13:06:41.253 E/s.work.clouddpc( 3275): Invalid resource ID 0x00000000.
07-16 13:06:41.260 E/s.work.clouddpc( 3275): Invalid resource ID 0x00000000.
07-16 13:06:41.263 E/s.work.clouddpc( 3275): Invalid resource ID 0x00000000.
07-16 13:06:41.268 E/ashmem  ( 5151): Pinning is deprecated since Android Q. Please use trim or other methods.
07-16 13:06:41.270 E/s.work.clouddpc( 3275): Invalid resource ID 0x00000000.
07-16 13:06:41.270 I/ActivityManager( 1285): Changes in 10180 10 to 10, 384 to 256
07-16 13:06:41.270 I/ActivityManager( 1285): Changes in 10089 10 to 10, 384 to 0
07-16 13:06:41.271 E/s.work.clouddpc( 3275): Invalid resource ID 0x00000000.
07-16 13:06:41.273 E/s.work.clouddpc( 3275): Invalid resource ID 0x00000000.
07-16 13:06:41.277 E/s.work.clouddpc( 3275): Invalid resource ID 0x00000000.
07-16 13:06:41.278 E/s.work.clouddpc( 3275): Invalid resource ID 0x00000000.
07-16 13:06:41.280 E/s.work.clouddpc( 3275): Invalid resource ID 0x00000000.
07-16 13:06:41.285 E/s.work.clouddpc( 3275): Invalid resource ID 0x00000000.
07-16 13:06:41.285 I/ActivityManager( 1285): Changes in 10070 19 to 19, 384 to 0
07-16 13:06:41.289 E/s.work.clouddpc( 3275): Invalid resource ID 0x00000000.
07-16 13:06:41.296 E/s.work.clouddpc( 3275): Invalid resource ID 0x00000000.
07-16 13:06:41.301 E/s.work.clouddpc( 3275): Invalid resource ID 0x00000000.
07-16 13:06:41.316 I/ActivityManager( 1285): Start proc 5314:com.samsung.android.scpm/u13s5009 for content provider {com.samsung.android.scpm/com.samsung.scsp.common.ScpmProvider}
07-16 13:06:41.320 E/s.work.clouddpc( 3275): Invalid resource ID 0x00000000.
07-16 13:06:41.324 E/s.work.clouddpc( 3275): Invalid resource ID 0x00000000.
07-16 13:06:41.329 E/s.work.clouddpc( 3275): Invalid resource ID 0x00000000.
07-16 13:06:41.329 E/s.work.clouddpc( 3275): Invalid resource ID 0x00000000.
07-16 13:06:41.330 E/s.work.clouddpc( 3275): Invalid resource ID 0x00000000.
07-16 13:06:41.335 I/ActivityManager( 1285): Changes in 5250 19 to 19, 0 to 384
07-16 13:06:41.338 I/ActivityManager( 1285): Start proc 5316:com.android.shell/2000 for content provider {com.android.shell/com.android.shell.BugreportStorageProvider}
07-16 13:06:41.341 E/s.work.clouddpc( 3275): Invalid resource ID 0x00000000.
07-16 13:06:41.348 E/s.work.clouddpc( 3275): Invalid resource ID 0x00000000.
07-16 13:06:41.349 E/s.work.clouddpc( 3275): Invalid resource ID 0x00000000.
07-16 13:06:41.351 E/s.work.clouddpc( 3275): Invalid resource ID 0x00000000.
07-16 13:06:41.352 E/s.work.clouddpc( 3275): Invalid resource ID 0x00000000.
07-16 13:06:41.353 E/s.work.clouddpc( 3275): Invalid resource ID 0x00000000.
07-16 13:06:41.354 E/s.work.clouddpc( 3275): Invalid resource ID 0x00000000.
07-16 13:06:41.354 E/s.work.clouddpc( 3275): Invalid resource ID 0x00000000.
07-16 13:06:41.356 E/s.work.clouddpc( 3275): Invalid resource ID 0x00000000.
07-16 13:06:41.357 E/s.work.clouddpc( 3275): Invalid resource ID 0x00000000.
07-16 13:06:41.368 E/s.work.clouddpc( 3275): Invalid resource ID 0x00000000.
07-16 13:06:41.372 I/ActivityManager( 1285): Changes in 1305009 20 to 19, 0 to 384
07-16 13:06:41.378 E/s.work.clouddpc( 3275): Invalid resource ID 0x00000000.
07-16 13:06:41.379 E/s.work.clouddpc( 3275): Invalid resource ID 0x00000000.
07-16 13:06:41.381 E/s.work.clouddpc( 3275): Invalid resource ID 0x00000000.
07-16 13:06:41.385 E/s.work.clouddpc( 3275): Invalid resource ID 0x00000000.
07-16 13:06:41.393 E/s.work.clouddpc( 3275): Invalid resource ID 0x00000000.
07-16 13:06:41.395 E/s.work.clouddpc( 3275): Invalid resource ID 0x00000000.
07-16 13:06:41.398 E/s.work.clouddpc( 3275): Invalid resource ID 0x00000000.
07-16 13:06:41.403 E/s.work.clouddpc( 3275): Invalid resource ID 0x00000000.
07-16 13:06:41.404 E/s.work.clouddpc( 3275): Invalid resource ID 0x00000000.
07-16 13:06:41.408 E/AppSearchManagerService( 1285): Unable to schedule fully persist job for 13
07-16 13:06:41.408 E/AppSearchManagerService( 1285): java.lang.IllegalArgumentException: Tried to schedule job for non-existent component: ComponentInfo{android/com.android.server.appsearch.AppSearchMaintenanceService}
07-16 13:06:41.408 E/AppSearchManagerService( 1285): 	at com.android.server.job.JobSchedulerService$JobSchedulerStub.enforceValidJobRequest(qb/109705038 2e69fc865445a5a746afac3d7c219c02a6808b946e8c4480050ab1a85cf31f3f:202)
07-16 13:06:41.408 E/AppSearchManagerService( 1285): 	at com.android.server.job.JobSchedulerService$JobSchedulerStub.schedule(qb/109705038 2e69fc865445a5a746afac3d7c219c02a6808b946e8c4480050ab1a85cf31f3f:43)
07-16 13:06:41.408 E/AppSearchManagerService( 1285): 	at android.app.JobSchedulerImpl.schedule(JobSchedulerImpl.java:89)
07-16 13:06:41.408 E/AppSearchManagerService( 1285): 	at com.android.server.appsearch.AppSearchMaintenanceService.scheduleFullyPersistJob(go/retraceme d7f782f29b4c904b1268c185b44df61cf40190c61b0791195743b6fcc019586d:64)
07-16 13:06:41.408 E/AppSearchManagerService( 1285): 	at com.android.server.appsearch.AppSearchManagerService.lambda$onUserUnlocking$4(go/retraceme d7f782f29b4c904b1268c185b44df61cf40190c61b0791195743b6fcc019586d:172)
07-16 13:06:41.408 E/AppSearchManagerService( 1285): 	at com.android.server.appsearch.AppSearchManagerService.$r8$lambda$uNKMmcPn2UxFGUOm51KSZSVXFP4(go/retraceme d7f782f29b4c904b1268c185b44df61cf40190c61b0791195743b6fcc019586d:1)
07-16 13:06:41.408 E/AppSearchManagerService( 1285): 	at com.android.server.appsearch.AppSearchManagerService$$ExternalSyntheticLambda5.run(go/retraceme d7f782f29b4c904b1268c185b44df61cf40190c61b0791195743b6fcc019586d:14)
07-16 13:06:41.408 E/AppSearchManagerService( 1285): 	at java.util.concurrent.ThreadPoolExecutor.runWorker(ThreadPoolExecutor.java:1100)
07-16 13:06:41.408 E/AppSearchManagerService( 1285): 	at java.util.concurrent.ThreadPoolExecutor$Worker.run(ThreadPoolExecutor.java:624)
07-16 13:06:41.408 E/AppSearchManagerService( 1285): 	at java.lang.Thread.run(Thread.java:1572)
07-16 13:06:41.423 E/s.work.clouddpc( 3275): Invalid resource ID 0x00000000.
07-16 13:06:41.431 E/s.work.clouddpc( 3275): Invalid resource ID 0x00000000.
07-16 13:06:41.438 I/ActivityManager( 1285): Changes in 2000 20 to 19, 0 to 384
07-16 13:06:41.451 E/RoleControllerServiceImpl( 1285): Default/fallback role holder package doesn't qualify for the role, package: com.google.android.gms.supervision, role: android.app.role.SYSTEM_SUPERVISION, user: 13
07-16 13:06:41.453 E/RoleControllerServiceImpl( 1285): Default/fallback role holder package doesn't qualify for the role, package: com.google.android.gms, role: android.app.role.SYSTEM_CALL_STREAMING, user: 13
07-16 13:06:41.468 E/s.work.clouddpc( 3275): Invalid resource ID 0x00000000.
07-16 13:06:41.471 E/SatelliteAppTracker( 1731): packageName: com.google.android.permissioncontroller, value: null
07-16 13:06:41.474 E/SatelliteAppTracker( 1731): packageName: com.google.android.permissioncontroller, value: null
07-16 13:06:41.474 E/SatelliteAppTracker( 1731): packageName: com.google.android.permissioncontroller, value: null
07-16 13:06:41.475 E/SatelliteAppTracker( 1731): packageName: com.android.bluetooth, value: null
07-16 13:06:41.475 E/SatelliteAppTracker( 1731): packageName: com.android.bluetooth, value: null
07-16 13:06:41.475 E/SatelliteAppTracker( 1731): packageName: com.android.bluetooth, value: null
07-16 13:06:41.476 E/ashmem  ( 5162): Pinning is deprecated since Android Q. Please use trim or other methods.
07-16 13:06:41.487 E/CellBroadcastUtils( 1731): getDefaultCellBroadcastReceiverPackageName: no package found
07-16 13:06:41.498 E/s.work.clouddpc( 3275): Invalid resource ID 0x00000000.
07-16 13:06:41.499 W/ActivityManager( 1285): pid 1285 system sent binder code 1 with flags 1 and got error -32
07-16 13:06:41.507 E/CellBroadcastUtils( 1731): getDefaultCellBroadcastReceiverPackageName: no package found
07-16 13:06:41.507 I/ActivityManager( 1285): Changes in 1310232 19 to 5, 384 to 511
07-16 13:06:41.526 E/s.work.clouddpc( 3275): Invalid resource ID 0x00000000.
07-16 13:06:41.541 E/s.work.clouddpc( 3275): Invalid resource ID 0x00000000.
07-16 13:06:41.567 E/s.work.clouddpc( 3275): Invalid resource ID 0x00000000.
07-16 13:06:41.569 E/s.work.clouddpc( 3275): Invalid resource ID 0x00000000.
07-16 13:06:41.583 I/ActivityManager( 1285): Changes in 2000 19 to 19, 384 to 0
07-16 13:06:41.591 E/s.work.clouddpc( 3275): Invalid resource ID 0x00000000.
07-16 13:06:41.601 I/ActivityManager( 1285): com.samsung.android.providers.contacts is exempt from freezer by list
07-16 13:06:41.634 I/ActivityManager( 1285): Start proc 5365:android.process.acore/u13a56 for content provider {com.samsung.android.providers.contacts/com.samsung.android.providers.contacts.SamsungContactsProvider2}
07-16 13:06:41.652 I/ActivityManager( 1285): Changes in 1301000 10 to 19, 384 to 0
07-16 13:06:41.699 E/s.work.clouddpc( 3275): Invalid resource ID 0x00000000.
07-16 13:06:41.720 E/s.work.clouddpc( 3275): Invalid resource ID 0x00000000.
07-16 13:06:41.720 I/ActivityManager( 1285): Changes in 1301000 19 to 6, 0 to 384
07-16 13:06:41.780 E/s.work.clouddpc( 3275): Invalid resource ID 0x00000000.
07-16 13:06:41.780 I/ActivityManager( 1285): Changes in 10274 6 to 17, 384 to 128
07-16 13:06:41.785 E/s.work.clouddpc( 3275): Invalid resource ID 0x00000000.
07-16 13:06:41.788 E/s.work.clouddpc( 3275): Invalid resource ID 0x00000000.
07-16 13:06:41.791 E/AppOpService( 1285): Blocked setUidMode call for runtime permission app op: uid = 1301000, code = CAMERA, mode = foreground, callingUid = 1000, oldMode = allow
07-16 13:06:41.791 E/AppOpService( 1285): java.lang.RuntimeException
07-16 13:06:41.791 E/AppOpService( 1285): 	at com.android.server.permission.access.appop.AppOpService.setUidMode(qb/109705038 2e69fc865445a5a746afac3d7c219c02a6808b946e8c4480050ab1a85cf31f3f:145)
07-16 13:06:41.791 E/AppOpService( 1285): 	at com.android.server.appop.AppOpsService.setUidMode(qb/109705038 2e69fc865445a5a746afac3d7c219c02a6808b946e8c4480050ab1a85cf31f3f:56)
07-16 13:06:41.791 E/AppOpService( 1285): 	at com.android.server.appop.AppOpsService.setUidMode(qb/109705038 2e69fc865445a5a746afac3d7c219c02a6808b946e8c4480050ab1a85cf31f3f:1)
07-16 13:06:41.791 E/AppOpService( 1285): 	at android.app.AppOpsManager.setUidMode(AppOpsManager.java:8782)
07-16 13:06:41.791 E/AppOpService( 1285): 	at com.android.role.controller.model.Permissions.setAppOpModeAsUser(Permissions.java:908)
07-16 13:06:41.791 E/AppOpService( 1285): 	at com.android.role.controller.model.Permissions.setAppOpUidModeAsUser(Permissions.java:885)
07-16 13:06:41.791 E/AppOpService( 1285): 	at com.android.role.controller.model.Permissions.grantPermissionAndAppOpAsUser(Permissions.java:373)
07-16 13:06:41.791 E/AppOpService( 1285): 	at com.android.role.controller.model.Permissions.grantSingleAsUser(Permissions.java:247)
07-16 13:06:41.791 E/AppOpService( 1285): 	at com.android.role.controller.model.Permissions.grantAsUser(Permissions.java:205)
07-16 13:06:41.791 E/AppOpService( 1285): 	at com.android.role.controller.model.Role.grantAsUser(Role.java:947)
07-16 13:06:41.791 E/AppOpService( 1285): 	at com.android.role.controller.service.RoleControllerServiceImpl.addRoleHolderInternal(RoleControllerServiceImpl.java:380)
07-16 13:06:41.791 E/AppOpService( 1285): 	at com.android.role.controller.service.RoleControllerServiceImpl.onGrantDefaultRoles(RoleControllerServiceImpl.java:163)
07-16 13:06:41.791 E/AppOpService( 1285): 	at com.android.role.LocalRoleController.lambda$grantDefaultRoles$1(LocalRoleController.java:56)
07-16 13:06:41.791 E/AppOpService( 1285): 	at com.android.role.LocalRoleController.$r8$lambda$ye-flP7Mf14AbTzwSmiTgndT6Cg(LocalRoleController.java:0)
07-16 13:06:41.791 E/AppOpService( 1285): 	at com.android.role.LocalRoleController$$ExternalSyntheticLambda1.run(R8$$SyntheticClass:0)
07-16 13:06:41.791 E/AppOpService( 1285): 	at android.os.Handler.handleCallback(Handler.java:1070)
07-16 13:06:41.791 E/AppOpService( 1285): 	at android.os.Handler.dispatchMessage(Handler.java:125)
07-16 13:06:41.791 E/AppOpService( 1285): 	at android.os.Looper.dispatchMessage(Looper.java:358)
07-16 13:06:41.791 E/AppOpService( 1285): 	at android.os.Looper.loopOnce(Looper.java:288)
07-16 13:06:41.791 E/AppOpService( 1285): 	at android.os.Looper.loop(Looper.java:392)
07-16 13:06:41.791 E/AppOpService( 1285): 	at android.os.HandlerThread.run(HandlerThread.java:139)
07-16 13:06:41.796 W/ActivityManager( 1285): Slow operation: 111ms so far, now at startProcess: done updating battery stats
07-16 13:06:41.796 W/ActivityManager( 1285): Slow operation: 111ms so far, now at startProcess: building log message
07-16 13:06:41.796 I/ActivityManager( 1285): Start proc 5378:com.google.android.apps.docs/u0a310 for content provider {com.google.android.apps.docs/com.google.android.apps.docs.common.storagebackend.StorageBackendContentProvider}
07-16 13:06:41.796 W/ActivityManager( 1285): Slow operation: 111ms so far, now at startProcess: starting to update pids map
07-16 13:06:41.796 E/s.work.clouddpc( 3275): Invalid resource ID 0x00000000.
07-16 13:06:41.796 W/ActivityManager( 1285): Slow operation: 111ms so far, now at startProcess: done updating pids map
07-16 13:06:41.812 I/ActivityManager( 1285): Changes in 1310056 20 to 19, 0 to 384
07-16 13:06:41.820 I/ActivityManager( 1285): Changes in 10310 20 to 19, 0 to 384
07-16 13:06:41.828 E/s.work.clouddpc( 3275): Invalid resource ID 0x00000000.
07-16 13:06:41.836 E/s.work.clouddpc( 3275): Invalid resource ID 0x00000000.
07-16 13:06:41.838 E/s.work.clouddpc( 3275): Invalid resource ID 0x00000000.
07-16 13:06:41.849 I/ActivityManager( 1285): Changes in 1301000 10 to 19, 384 to 0
07-16 13:06:41.859 E/s.work.clouddpc( 3275): Invalid resource ID 0x00000000.
07-16 13:06:41.871 E/keystore2(  604): system/security/keystore2/src/error.rs:186 - Rc(r#KEY_NOT_FOUND), "system/security/keystore2/src/service.rs:179: In get_key_entry, while trying to load key info. AppUid(1000), Some(\"com.android.server.locksettings.unified_profile_cache_v2_13\")"
07-16 13:06:41.874 E/keystore2(  604): system/security/keystore2/src/error.rs:186 - Rc(r#KEY_NOT_FOUND), "system/security/keystore2/src/service.rs:179: In get_key_entry, while trying to load key info. AppUid(1000), Some(\"com.android.server.locksettings.unified_profile_cache_13\")"
07-16 13:06:41.877 I/ActivityManager( 1285): Changes in 5250 19 to 5, 384 to 440
07-16 13:06:41.879 E/s.work.clouddpc( 3275): Invalid resource ID 0x00000000.
07-16 13:06:41.880 E/s.work.clouddpc( 3275): Invalid resource ID 0x00000000.
07-16 13:06:41.887 E/s.work.clouddpc( 3275): Invalid resource ID 0x00000000.
07-16 13:06:41.888 E/s.work.clouddpc( 3275): Invalid resource ID 0x00000000.
07-16 13:06:41.891 E/s.work.clouddpc( 3275): Invalid resource ID 0x00000000.
07-16 13:06:41.895 E/s.work.clouddpc( 3275): Invalid resource ID 0x00000000.
07-16 13:06:41.897 E/s.work.clouddpc( 3275): Invalid resource ID 0x00000000.
07-16 13:06:41.899 E/s.work.clouddpc( 3275): Invalid resource ID 0x00000000.
07-16 13:06:41.900 E/s.work.clouddpc( 3275): Invalid resource ID 0x00000000.
07-16 13:06:41.902 E/s.work.clouddpc( 3275): Invalid resource ID 0x00000000.
07-16 13:06:41.903 E/s.work.clouddpc( 3275): Invalid resource ID 0x00000000.
07-16 13:06:41.907 E/s.work.clouddpc( 3275): Invalid resource ID 0x00000000.
07-16 13:06:41.914 E/s.work.clouddpc( 3275): Invalid resource ID 0x00000000.
07-16 13:06:41.928 E/s.work.clouddpc( 3275): Invalid resource ID 0x00000000.
07-16 13:06:41.933 E/rs.media.module( 5151): Failed to query component interface for required system resources: 6
07-16 13:06:41.933 E/s.work.clouddpc( 3275): Invalid resource ID 0x00000000.
07-16 13:06:41.935 E/s.work.clouddpc( 3275): Invalid resource ID 0x00000000.
07-16 13:06:41.936 E/s.work.clouddpc( 3275): Invalid resource ID 0x00000000.
07-16 13:06:41.960 E/s.work.clouddpc( 3275): Invalid resource ID 0x00000000.
07-16 13:06:41.961 E/s.work.clouddpc( 3275): Invalid resource ID 0x00000000.
07-16 13:06:41.966 I/ActivityManager( 1285): Killing 665:com.samsung.android.mdx/u0a87 (adj 985): empty #33
07-16 13:06:41.967 I/ActivityManager( 1285): Changes in 1310189 10 to 19, 384 to 0
07-16 13:06:41.969 E/s.work.clouddpc( 3275): Invalid resource ID 0x00000000.
07-16 13:06:41.973 E/DualDAR::ProxyManager( 5285): Error: DualDAR Communication Proxy Service Not Found.
07-16 13:06:41.973 E/DualDAR::ProxyManager( 5285): Error: relayMessage failed. agentName = SYSTEM_PROXY_AGENT, svcName = DDAR_LOG_SERVICE, command = LOG_MSG_COMMAND
07-16 13:06:41.977 E/s.work.clouddpc( 3275): Invalid resource ID 0x00000000.
07-16 13:06:41.978 E/DualDAR::ProxyManager( 5285): Error: DualDAR Communication Proxy Service Not Found.
07-16 13:06:41.978 E/DualDAR::ProxyManager( 5285): Error: relayMessage failed. agentName = SYSTEM_PROXY_AGENT, svcName = DDAR_LOG_SERVICE, command = LOG_MSG_COMMAND
07-16 13:06:41.988 E/DualDAR::ProxyManager( 5285): Error: DualDAR Communication Proxy Service Not Found.
07-16 13:06:41.988 E/DualDAR::ProxyManager( 5285): Error: relayMessage failed. agentName = SYSTEM_PROXY_AGENT, svcName = DDAR_LOG_SERVICE, command = LOG_MSG_COMMAND
07-16 13:06:41.991 I/ActivityManager( 1285): Changes in 1310275 19 to 0, 384 to 511
07-16 13:06:42.029 I/ActivityManager( 1285): Start proc 5439:com.sec.android.diagmonagent/u13s1000 for content provider {com.sec.android.diagmonagent/com.sec.android.diagmonagent.dma.DiagmonProvider}
07-16 13:06:42.024 E/s.work.clouddpc( 3275): Invalid resource ID 0x00000000.
07-16 13:06:42.032 E/KNOXCORE::CACHE( 5285): clr value {old=1 new:1
07-16 13:06:42.066 E/s.work.clouddpc( 3275): Invalid resource ID 0x00000000.
07-16 13:06:42.069 E/hwvault_tee(  873): [[31mERR[0m] (nwd_hv_kv_common.cpp:103) _kv2_init onlypower 0 1
07-16 13:06:42.070 E/KNOXCORE::CACHE( 5285): clr value {old=0 new:0
07-16 13:06:42.091 E/s.work.clouddpc( 3275): Invalid resource ID 0x00000000.
07-16 13:06:42.096 E/SensorManager( 1285): sensor or listener is null
07-16 13:06:42.103 I/ActivityManager( 1285): Changes in 1301000 19 to 19, 0 to 384
07-16 13:06:42.147 E/s.work.clouddpc( 3275): Invalid resource ID 0x00000000.
07-16 13:06:42.179 E/ActivityManager( 1285): Sending non-protected broadcast com.sec.knox.container.action.observer from system 1285:system/1000 pkg android
07-16 13:06:42.179 E/ActivityManager( 1285): java.lang.Throwable
07-16 13:06:42.179 E/ActivityManager( 1285): 	at com.android.server.am.BroadcastController.checkBroadcastFromSystem(qb/109705038 2e69fc865445a5a746afac3d7c219c02a6808b946e8c4480050ab1a85cf31f3f:252)
07-16 13:06:42.179 E/ActivityManager( 1285): 	at com.android.server.am.BroadcastController.broadcastIntentLockedTraced(qb/109705038 2e69fc865445a5a746afac3d7c219c02a6808b946e8c4480050ab1a85cf31f3f:355)
07-16 13:06:42.179 E/ActivityManager( 1285): 	at com.android.server.am.BroadcastController.broadcastIntentLocked(qb/109705038 2e69fc865445a5a746afac3d7c219c02a6808b946e8c4480050ab1a85cf31f3f:22)
07-16 13:06:42.179 E/ActivityManager( 1285): 	at com.android.server.am.ActivityManagerService.broadcastIntentWithFeature(qb/109705038 2e69fc865445a5a746afac3d7c219c02a6808b946e8c4480050ab1a85cf31f3f:106)
07-16 13:06:42.179 E/ActivityManager( 1285): 	at android.app.ContextImpl.sendBroadcastAsUser(ContextImpl.java:1650)
07-16 13:06:42.179 E/ActivityManager( 1285): 	at android.app.ContextImpl.sendBroadcastAsUser(ContextImpl.java:1621)
07-16 13:06:42.179 E/ActivityManager( 1285): 	at com.android.server.pm.PersonaLegacyStateMonitor.-$$Nest$mnotifyStateChange(qb/109705038 2e69fc865445a5a746afac3d7c219c02a6808b946e8c4480050ab1a85cf31f3f:164)
07-16 13:06:42.179 E/ActivityManager( 1285): 	at com.android.server.pm.PersonaLegacyStateMonitor$1.onContainerCreated(qb/109705038 2e69fc865445a5a746afac3d7c219c02a6808b946e8c4480050ab1a85cf31f3f:5)
07-16 13:06:42.179 E/ActivityManager( 1285): 	at android.os.ContainerStateReceiver.onReceive(ContainerStateReceiver.java:369)
07-16 13:06:42.179 E/ActivityManager( 1285): 	at android.app.LoadedApk$ReceiverDispatcher$Args.lambda$getRunnable$0(LoadedApk.java:2073)
07-16 13:06:42.179 E/ActivityManager( 1285): 	at android.app.LoadedApk$ReceiverDispatcher$Args.$r8$lambda$mcNAAl1SQ4MyJPyDg8TJ2x2h0Rk(LoadedApk.java:0)
07-16 13:06:42.179 E/ActivityManager( 1285): 	at android.app.LoadedApk$ReceiverDispatcher$Args$$ExternalSyntheticLambda0.run(D8$$SyntheticClass:0)
07-16 13:06:42.179 E/ActivityManager( 1285): 	at android.os.Handler.handleCallback(Handler.java:1070)
07-16 13:06:42.179 E/ActivityManager( 1285): 	at android.os.Handler.dispatchMessage(Handler.java:125)
07-16 13:06:42.179 E/ActivityManager( 1285): 	at android.os.Looper.dispatchMessage(Looper.java:358)
07-16 13:06:42.179 E/ActivityManager( 1285): 	at android.os.Looper.loopOnce(Looper.java:288)
07-16 13:06:42.179 E/ActivityManager( 1285): 	at android.os.Looper.loop(Looper.java:392)
07-16 13:06:42.179 E/ActivityManager( 1285): 	at com.android.server.SystemServer.main(qb/109705038 2e69fc865445a5a746afac3d7c219c02a6808b946e8c4480050ab1a85cf31f3f:898)
07-16 13:06:42.179 E/ActivityManager( 1285): 	at java.lang.reflect.Method.invoke(Native Method)
07-16 13:06:42.179 E/ActivityManager( 1285): 	at com.android.internal.os.RuntimeInit$MethodAndArgsCaller.run(RuntimeInit.java:638)
07-16 13:06:42.179 E/ActivityManager( 1285): 	at com.android.internal.os.ZygoteInit.main(ZygoteInit.java:950)
07-16 13:06:42.214 E/s.work.clouddpc( 3275): Invalid resource ID 0x00000000.
07-16 13:06:42.253 E/s.work.clouddpc( 3275): Invalid resource ID 0x00000000.
07-16 13:06:42.272 E/s.work.clouddpc( 3275): Invalid resource ID 0x00000000.
07-16 13:06:42.281 E/s.work.clouddpc( 3275): Invalid resource ID 0x00000000.
07-16 13:06:42.311 E/s.work.clouddpc( 3275): Invalid resource ID 0x00000000.
07-16 13:06:42.313 E/ashmem  ( 5314): Pinning is deprecated since Android Q. Please use trim or other methods.
07-16 13:06:42.333 E/s.work.clouddpc( 3275): Invalid resource ID 0x00000000.
07-16 13:06:42.334 E/s.work.clouddpc( 3275): Invalid resource ID 0x00000000.
07-16 13:06:42.335 E/s.work.clouddpc( 3275): Invalid resource ID 0x00000000.
07-16 13:06:42.338 E/s.work.clouddpc( 3275): Invalid resource ID 0x00000000.
07-16 13:06:42.343 E/s.work.clouddpc( 3275): Invalid resource ID 0x00000000.
07-16 13:06:42.345 E/s.work.clouddpc( 3275): Invalid resource ID 0x00000000.
07-16 13:06:42.389 E/s.work.clouddpc( 3275): Invalid resource ID 0x00000000.
07-16 13:06:42.399 E/s.work.clouddpc( 3275): Invalid resource ID 0x00000000.
07-16 13:06:42.419 E/s.work.clouddpc( 3275): Invalid resource ID 0x00000000.
07-16 13:06:42.430 I/PackageManager( 1285): 0003/{new=2, caller=com.sec.android.diagmonagent, ver=970301000, old=0, pkg=com.sec.android.diagmonagent}
07-16 13:06:42.455 E/s.work.clouddpc( 3275): Invalid resource ID 0x00000000.
07-16 13:06:42.460 E/hwvault_tee(  873): [[31mERR[0m] (nwd_hv_kv_common.cpp:103) _kv2_init onlypower 0 1
07-16 13:06:42.466 I/ActivityManager( 1285): Killing 5439:com.sec.android.diagmonagent/u13s1000 (adj 0): change com.sec.android.diagmonagent
07-16 13:06:42.468 E/s.work.clouddpc( 3275): Invalid resource ID 0x00000000.
07-16 13:06:42.474 I/ActivityManager( 1285): Changes in 1301000 19 to 19, 384 to 0
07-16 13:06:42.481 E/ashmem  ( 5365): Pinning is deprecated since Android Q. Please use trim or other methods.
07-16 13:06:42.482 E/s.work.clouddpc( 3275): Invalid resource ID 0x00000000.
07-16 13:06:42.512 E/s.work.clouddpc( 3275): Invalid resource ID 0x00000000.
07-16 13:06:42.515 E/DIAGMON_SDK[605079]( 5162): Attempt to invoke virtual method 'java.lang.String android.os.BaseBundle.getString(java.lang.String)' on a null object reference
07-16 13:06:42.516 E/s.work.clouddpc( 3275): Invalid resource ID 0x00000000.
07-16 13:06:42.517 E/s.work.clouddpc( 3275): Invalid resource ID 0x00000000.
07-16 13:06:42.518 E/s.work.clouddpc( 3275): Invalid resource ID 0x00000000.
07-16 13:06:42.519 E/s.work.clouddpc( 3275): Invalid resource ID 0x00000000.
07-16 13:06:42.521 E/s.work.clouddpc( 3275): Invalid resource ID 0x00000000.
07-16 13:06:42.528 E/s.work.clouddpc( 3275): Invalid resource ID 0x00000000.
07-16 13:06:42.537 E/RoleControllerServiceImpl( 1285): Default/fallback role holder package doesn't qualify for the role, package: com.google.android.gms.supervision, role: android.app.role.SYSTEM_SUPERVISION, user: 13
07-16 13:06:42.547 E/RoleControllerServiceImpl( 1285): Default/fallback role holder package doesn't qualify for the role, package: com.google.android.gms, role: android.app.role.SYSTEM_CALL_STREAMING, user: 13
07-16 13:06:42.549 W/ActivityManager( 1285): Slow operation: 70ms so far, now at finishAttachApplicationInner: after mServices.attachApplicationLocked
07-16 13:06:42.549 W/ActivityManager( 1285): Slow operation: 70ms so far, now at finishAttachApplicationInner: after dispatching broadcasts
07-16 13:06:42.549 I/ActivityManager( 1285): Killing 1102:com.samsung.android.vtcamerasettings/1000 (adj 995): empty #33
07-16 13:06:42.549 W/ActivityManager( 1285): Slow operation: 70ms so far, now at finishAttachApplicationInner: after updateOomAdjLocked
07-16 13:06:42.563 E/voldUtils(  561): compare hash error
07-16 13:06:42.563 E/voldUtils(  561): error  : Success
07-16 13:06:42.563 E/voldUtils(  561): unlink : /sys/fs/f2fs/userdata/mp_uid
07-16 13:06:42.565 E/ashmem  ( 5236): Pinning is deprecated since Android Q. Please use trim or other methods.
07-16 13:06:42.603 W/ActivityManager( 1285): Slow operation: 88ms so far, now at finishAttachApplicationInner: after mServices.attachApplicationLocked
07-16 13:06:42.604 W/ActivityManager( 1285): Slow operation: 89ms so far, now at finishAttachApplicationInner: after dispatching broadcasts
07-16 13:06:42.618 E/ActivityThread( 5162): Failed to find provider info for com.sec.android.log.diagmonagent.sa
07-16 13:06:42.619 E/ActivityThread( 5314): Failed to find provider info for com.sec.android.log.diagmonagent
07-16 13:06:42.624 E/idmap2d ( 5098): failed to retrieve loaded package at index 0 for '/product/overlay/MediaProviderConfigOverlay.apk' -> failed to generate resource map for '/product/overlay/MediaProviderConfigOverlay.apk'
07-16 13:06:42.637 E/MediaProvider( 5151): Error in recovering data
07-16 13:06:42.637 E/MediaProvider( 5151): java.io.FileNotFoundException: Backup file not found for external_primary
07-16 13:06:42.637 E/MediaProvider( 5151): 	at com.android.providers.media.DatabaseBackupAndRecovery.recoverData(DatabaseBackupAndRecovery.java:1345)
07-16 13:06:42.637 E/MediaProvider( 5151): 	at com.android.providers.media.DatabaseHelper.tryRecoverDatabase(DatabaseHelper.java:653)
07-16 13:06:42.637 E/MediaProvider( 5151): 	at com.android.providers.media.DatabaseHelper.onOpen(DatabaseHelper.java:580)
07-16 13:06:42.637 E/MediaProvider( 5151): 	at android.database.sqlite.SQLiteOpenHelper.getDatabaseLocked(SQLiteOpenHelper.java:525)
07-16 13:06:42.637 E/MediaProvider( 5151): 	at android.database.sqlite.SQLiteOpenHelper.getWritableDatabase(SQLiteOpenHelper.java:410)
07-16 13:06:42.637 E/MediaProvider( 5151): 	at com.android.providers.media.DatabaseHelper.setFilterVolumeNames(DatabaseHelper.java:342)
07-16 13:06:42.637 E/MediaProvider( 5151): 	at com.android.providers.media.MediaProvider.lambda$updateVolumes$0(MediaProvider.java:640)
07-16 13:06:42.637 E/MediaProvider( 5151): 	at com.android.providers.media.MediaProvider.$r8$lambda$FfC0eTN4zVrvwLZaOM_Ga9D5kJw(MediaProvider.java:0)
07-16 13:06:42.637 E/MediaProvider( 5151): 	at com.android.providers.media.MediaProvider$$ExternalSyntheticLambda17.run(R8$$SyntheticClass:0)
07-16 13:06:42.637 E/MediaProvider( 5151): 	at android.os.Handler.handleCallback(Handler.java:1070)
07-16 13:06:42.637 E/MediaProvider( 5151): 	at android.os.Handler.dispatchMessage(Handler.java:125)
07-16 13:06:42.637 E/MediaProvider( 5151): 	at android.os.Looper.dispatchMessage(Looper.java:358)
07-16 13:06:42.637 E/MediaProvider( 5151): 	at android.os.Looper.loopOnce(Looper.java:288)
07-16 13:06:42.637 E/MediaProvider( 5151): 	at android.os.Looper.loop(Looper.java:392)
07-16 13:06:42.637 E/MediaProvider( 5151): 	at android.os.HandlerThread.run(HandlerThread.java:139)
07-16 13:06:42.640 E/s.work.clouddpc( 3275): Invalid resource ID 0x00000000.
07-16 13:06:42.642 E/s.work.clouddpc( 3275): Invalid resource ID 0x00000000.
07-16 13:06:42.645 E/DatabaseBackupAndRecovery( 5151): Failed to set xattr:user.lastbackedgeneration to 0 for path: /data/media/13/.transforms/recovery/leveldb-external_primary.
07-16 13:06:42.645 E/DatabaseBackupAndRecovery( 5151): java.io.FileNotFoundException: open failed: ENOENT (No such file or directory)
07-16 13:06:42.645 E/DatabaseBackupAndRecovery( 5151): 	at android.os.ParcelFileDescriptor.openInternal(ParcelFileDescriptor.java:356)
07-16 13:06:42.645 E/DatabaseBackupAndRecovery( 5151): 	at android.os.ParcelFileDescriptor.open(ParcelFileDescriptor.java:233)
07-16 13:06:42.645 E/DatabaseBackupAndRecovery( 5151): 	at com.android.providers.media.DatabaseBackupAndRecovery.setXattr(DatabaseBackupAndRecovery.java:1179)
07-16 13:06:42.645 E/DatabaseBackupAndRecovery( 5151): 	at com.android.providers.media.DatabaseBackupAndRecovery.resetLastBackedUpGenerationNumber(DatabaseBackupAndRecovery.java:1493)
07-16 13:06:42.645 E/DatabaseBackupAndRecovery( 5151): 	at com.android.providers.media.DatabaseHelper.tryRecoverDatabase(DatabaseHelper.java:659)
07-16 13:06:42.645 E/DatabaseBackupAndRecovery( 5151): 	at com.android.providers.media.DatabaseHelper.onOpen(DatabaseHelper.java:580)
07-16 13:06:42.645 E/DatabaseBackupAndRecovery( 5151): 	at android.database.sqlite.SQLiteOpenHelper.getDatabaseLocked(SQLiteOpenHelper.java:525)
07-16 13:06:42.645 E/DatabaseBackupAndRecovery( 5151): 	at android.database.sqlite.SQLiteOpenHelper.getWritableDatabase(SQLiteOpenHelper.java:410)
07-16 13:06:42.645 E/DatabaseBackupAndRecovery( 5151): 	at com.android.providers.media.DatabaseHelper.setFilterVolumeNames(DatabaseHelper.java:342)
07-16 13:06:42.645 E/DatabaseBackupAndRecovery( 5151): 	at com.android.providers.media.MediaProvider.lambda$updateVolumes$0(MediaProvider.java:640)
07-16 13:06:42.645 E/DatabaseBackupAndRecovery( 5151): 	at com.android.providers.media.MediaProvider.$r8$lambda$FfC0eTN4zVrvwLZaOM_Ga9D5kJw(MediaProvider.java:0)
07-16 13:06:42.645 E/DatabaseBackupAndRecovery( 5151): 	at com.android.providers.media.MediaProvider$$ExternalSyntheticLambda17.run(R8$$SyntheticClass:0)
07-16 13:06:42.645 E/DatabaseBackupAndRecovery( 5151): 	at android.os.Handler.handleCallback(Handler.java:1070)
07-16 13:06:42.645 E/DatabaseBackupAndRecovery( 5151): 	at android.os.Handler.dispatchMessage(Handler.java:125)
07-16 13:06:42.645 E/DatabaseBackupAndRecovery( 5151): 	at android.os.Looper.dispatchMessage(Looper.java:358)
07-16 13:06:42.645 E/DatabaseBackupAndRecovery( 5151): 	at android.os.Looper.loopOnce(Looper.java:288)
07-16 13:06:42.645 E/DatabaseBackupAndRecovery( 5151): 	at android.os.Looper.loop(Looper.java:392)
07-16 13:06:42.645 E/DatabaseBackupAndRecovery( 5151): 	at android.os.HandlerThread.run(HandlerThread.java:139)
07-16 13:06:42.646 E/s.work.clouddpc( 3275): Invalid resource ID 0x00000000.
07-16 13:06:42.655 E/DatabaseBackupAndRecovery( 5151): Exception while marking public volumes for recovery
07-16 13:06:42.655 E/DatabaseBackupAndRecovery( 5151): java.lang.NullPointerException: Attempt to get length of null array
07-16 13:06:42.655 E/DatabaseBackupAndRecovery( 5151): 	at com.android.providers.media.DatabaseBackupAndRecovery.markPublicVolumesRecovery(DatabaseBackupAndRecovery.java:1303)
07-16 13:06:42.655 E/DatabaseBackupAndRecovery( 5151): 	at com.android.providers.media.DatabaseHelper.tryRecoverDatabase(DatabaseHelper.java:662)
07-16 13:06:42.655 E/DatabaseBackupAndRecovery( 5151): 	at com.android.providers.media.DatabaseHelper.onOpen(DatabaseHelper.java:580)
07-16 13:06:42.655 E/DatabaseBackupAndRecovery( 5151): 	at android.database.sqlite.SQLiteOpenHelper.getDatabaseLocked(SQLiteOpenHelper.java:525)
07-16 13:06:42.655 E/DatabaseBackupAndRecovery( 5151): 	at android.database.sqlite.SQLiteOpenHelper.getWritableDatabase(SQLiteOpenHelper.java:410)
07-16 13:06:42.655 E/DatabaseBackupAndRecovery( 5151): 	at com.android.providers.media.DatabaseHelper.setFilterVolumeNames(DatabaseHelper.java:342)
07-16 13:06:42.655 E/DatabaseBackupAndRecovery( 5151): 	at com.android.providers.media.MediaProvider.lambda$updateVolumes$0(MediaProvider.java:640)
07-16 13:06:42.655 E/DatabaseBackupAndRecovery( 5151): 	at com.android.providers.media.MediaProvider.$r8$lambda$FfC0eTN4zVrvwLZaOM_Ga9D5kJw(MediaProvider.java:0)
07-16 13:06:42.655 E/DatabaseBackupAndRecovery( 5151): 	at com.android.providers.media.MediaProvider$$ExternalSyntheticLambda17.run(R8$$SyntheticClass:0)
07-16 13:06:42.655 E/DatabaseBackupAndRecovery( 5151): 	at android.os.Handler.handleCallback(Handler.java:1070)
07-16 13:06:42.655 E/DatabaseBackupAndRecovery( 5151): 	at android.os.Handler.dispatchMessage(Handler.java:125)
07-16 13:06:42.655 E/DatabaseBackupAndRecovery( 5151): 	at android.os.Looper.dispatchMessage(Looper.java:358)
07-16 13:06:42.655 E/DatabaseBackupAndRecovery( 5151): 	at android.os.Looper.loopOnce(Looper.java:288)
07-16 13:06:42.655 E/DatabaseBackupAndRecovery( 5151): 	at android.os.Looper.loop(Looper.java:392)
07-16 13:06:42.655 E/DatabaseBackupAndRecovery( 5151): 	at android.os.HandlerThread.run(HandlerThread.java:139)
07-16 13:06:42.675 W/ActivityManager( 1285): Slow operation: 56ms so far, now at startProcess: done starting proc!
07-16 13:06:42.681 E/FuseDaemon( 5151): Leveldb setup is missing for: internal
07-16 13:06:42.706 E/SQLiteLog( 5314): (1) no such column: hash in "SELECT hash FROM configuration_item WHERE 1=0"
07-16 13:06:42.706 E/SQLiteConnection( 5314): DB version: 7
07-16 13:06:42.730 W/ActivityManager( 1285): Slow operation: 71ms so far, now at startProcess: returned from zygote!
07-16 13:06:42.731 I/ActivityManager( 1285): Changes in 1310116 19 to 5, 384 to 511
07-16 13:06:42.739 I/ActivityManager( 1285): Changes in 1305009 19 to 5, 384 to 400
07-16 13:06:42.740 W/ActivityManager( 1285): Slow operation: 133ms so far, now at finishAttachApplicationInner: after mServices.attachApplicationLocked
07-16 13:06:42.740 W/ActivityManager( 1285): Slow operation: 133ms so far, now at finishAttachApplicationInner: after dispatching broadcasts
07-16 13:06:42.746 E/s.work.clouddpc( 3275): Invalid resource ID 0x00000000.
07-16 13:06:42.747 E/s.work.clouddpc( 3275): Invalid resource ID 0x00000000.
07-16 13:06:42.763 E/SQLiteLog( 5314): (1) fileHasMoved : original inode of /data/user/13/com.samsung.android.scpm/databases/ppmt.db is (295663)
07-16 13:06:42.765 E/SQLiteLog( 5314): (1) Stat of fd(113) : st_mode(100660) st_uid(1305009) st_gid(1305009) st_ino(295663) st_size(4096)
07-16 13:06:42.766 E/SQLiteLog( 5314): (1) File name of fd(113) : /data/user/13/com.samsung.android.scpm/databases/ppmt.db (deleted)
07-16 13:06:42.766 E/SQLiteLog( 5314): (1) osStat failed "/data/user/13/com.samsung.android.scpm/databases/ppmt.db" due to error (2)
07-16 13:06:42.766 E/SQLiteLog( 5314): (1) Stat of /data/user/13/com.samsung.android.scpm/databases : st_mode(40771) st_uid(1305009) st_gid(1305009) st_ino(295116) tcontext(u:object_r:app_data_file:s0:c525,c768)
07-16 13:06:42.766 E/SQLiteLog( 5314): (1) Stat of /data/user/13/com.samsung.android.scpm : st_mode(40700) st_uid(1305009) st_gid(1305009) st_ino(291942) tcontext(u:object_r:app_data_file:s0:c525,c768)
07-16 13:06:42.766 E/SQLiteLog( 5314): (1) Stat of /data/user/13 : st_mode(40771) st_uid(1000) st_gid(1000) st_ino(282704) tcontext(u:object_r:system_data_file:s0:c525,c768)
07-16 13:06:42.766 E/SQLiteLog( 5314): (1) Stat of /data/user : st_mode(40511) st_uid(1000) st_gid(1000) st_ino(155) tcontext(u:object_r:system_userdir_file:s0)
07-16 13:06:42.766 E/SQLiteLog( 5314): (1) Stat of /data : st_mode(40771) st_uid(1000) st_gid(1000) st_ino(3) tcontext(u:object_r:system_data_root_file:s0)
07-16 13:06:42.778 E/FuseDaemon( 5151): Leveldb setup is missing for: external_primary
07-16 13:06:42.792 E/AppOpService( 1285): Blocked setUidMode call for runtime permission app op: uid = 1301000, code = CAMERA, mode = foreground, callingUid = 1000, oldMode = allow
07-16 13:06:42.792 E/AppOpService( 1285): java.lang.RuntimeException
07-16 13:06:42.792 E/AppOpService( 1285): 	at com.android.server.permission.access.appop.AppOpService.setUidMode(qb/109705038 2e69fc865445a5a746afac3d7c219c02a6808b946e8c4480050ab1a85cf31f3f:145)
07-16 13:06:42.792 E/AppOpService( 1285): 	at com.android.server.appop.AppOpsService.setUidMode(qb/109705038 2e69fc865445a5a746afac3d7c219c02a6808b946e8c4480050ab1a85cf31f3f:56)
07-16 13:06:42.792 E/AppOpService( 1285): 	at com.android.server.appop.AppOpsService.setUidMode(qb/109705038 2e69fc865445a5a746afac3d7c219c02a6808b946e8c4480050ab1a85cf31f3f:1)
07-16 13:06:42.792 E/AppOpService( 1285): 	at android.app.AppOpsManager.setUidMode(AppOpsManager.java:8782)
07-16 13:06:42.792 E/AppOpService( 1285): 	at com.android.role.controller.model.Permissions.setAppOpModeAsUser(Permissions.java:908)
07-16 13:06:42.792 E/AppOpService( 1285): 	at com.android.role.controller.model.Permissions.setAppOpUidModeAsUser(Permissions.java:885)
07-16 13:06:42.792 E/AppOpService( 1285): 	at com.android.role.controller.model.Permissions.grantPermissionAndAppOpAsUser(Permissions.java:373)
07-16 13:06:42.792 E/AppOpService( 1285): 	at com.android.role.controller.model.Permissions.grantSingleAsUser(Permissions.java:247)
07-16 13:06:42.792 E/AppOpService( 1285): 	at com.android.role.controller.model.Permissions.grantAsUser(Permissions.java:205)
07-16 13:06:42.792 E/AppOpService( 1285): 	at com.android.role.controller.model.Role.grantAsUser(Role.java:947)
07-16 13:06:42.792 E/AppOpService( 1285): 	at com.android.role.controller.service.RoleControllerServiceImpl.addRoleHolderInternal(RoleControllerServiceImpl.java:380)
07-16 13:06:42.792 E/AppOpService( 1285): 	at com.android.role.controller.service.RoleControllerServiceImpl.onGrantDefaultRoles(RoleControllerServiceImpl.java:163)
07-16 13:06:42.792 E/AppOpService( 1285): 	at com.android.role.LocalRoleController.lambda$grantDefaultRoles$1(LocalRoleController.java:56)
07-16 13:06:42.792 E/AppOpService( 1285): 	at com.android.role.LocalRoleController.$r8$lambda$ye-flP7Mf14AbTzwSmiTgndT6Cg(LocalRoleController.java:0)
07-16 13:06:42.792 E/AppOpService( 1285): 	at com.android.role.LocalRoleController$$ExternalSyntheticLambda1.run(R8$$SyntheticClass:0)
07-16 13:06:42.792 E/AppOpService( 1285): 	at android.os.Handler.handleCallback(Handler.java:1070)
07-16 13:06:42.792 E/AppOpService( 1285): 	at android.os.Handler.dispatchMessage(Handler.java:125)
07-16 13:06:42.792 E/AppOpService( 1285): 	at android.os.Looper.dispatchMessage(Looper.java:358)
07-16 13:06:42.792 E/AppOpService( 1285): 	at android.os.Looper.loopOnce(Looper.java:288)
07-16 13:06:42.792 E/AppOpService( 1285): 	at android.os.Looper.loop(Looper.java:392)
07-16 13:06:42.792 E/AppOpService( 1285): 	at android.os.HandlerThread.run(HandlerThread.java:139)
07-16 13:06:42.802 E/[SCPMV2][FileRequestResolver]( 5314): configuration is not downloaded. please wait next schedule.
07-16 13:06:42.813 E/[SCPMLIB_1.0.0][E]ConfigurationApi( 5162): cannot get new policy : 90000000, configuration is not downloaded. please wait next schedule. 
07-16 13:06:42.815 E/RequestManager_FLP( 2839): [LocationManager] Location request D5E4A8BE(Listener) network interval=21600000ms (min=21600000ms) from com.google.android.as (1310232_COARSE_fg_svc_true_foreground)
07-16 13:06:42.817 E/[SCPMV2][FileRequestResolver]( 5314): configuration is not downloaded. please wait next schedule.
07-16 13:06:42.821 E/[SCPMLIB_1.0.0][E]ConfigurationApi( 5162): cannot get new policy : 90000000, configuration is not downloaded. please wait next schedule. 
07-16 13:06:42.829 E/[SCPMV2][FileRequestResolver]( 5314): configuration is not downloaded. please wait next schedule.
07-16 13:06:42.841 E/[SCPMLIB_1.0.0][E]ConfigurationApi( 5162): cannot get new policy : 90000000, configuration is not downloaded. please wait next schedule. 
07-16 13:06:42.845 E/[SCPMV2][FileRequestResolver]( 5314): configuration is not downloaded. please wait next schedule.
07-16 13:06:42.850 E/[SCPMLIB_1.0.0][E]ConfigurationApi( 5162): cannot get new policy : 90000000, configuration is not downloaded. please wait next schedule. 
07-16 13:06:42.852 E/[SCPMV2][FileRequestResolver]( 5314): configuration is not downloaded. please wait next schedule.
07-16 13:06:42.856 E/[SCPMLIB_1.0.0][E]ConfigurationApi( 5162): cannot get new policy : 90000000, configuration is not downloaded. please wait next schedule. 
07-16 13:06:42.858 E/[SCPMV2][FileRequestResolver]( 5314): configuration is not downloaded. please wait next schedule.
07-16 13:06:42.863 E/[SCPMLIB_1.0.0][E]ConfigurationApi( 5162): cannot get new policy : 90000000, configuration is not downloaded. please wait next schedule. 
07-16 13:06:42.866 E/[SCPMV2][FileRequestResolver]( 5314): configuration is not downloaded. please wait next schedule.
07-16 13:06:42.870 E/[SCPMLIB_1.0.0][E]ConfigurationApi( 5162): cannot get new policy : 90000000, configuration is not downloaded. please wait next schedule. 
07-16 13:06:42.874 E/[SCPMV2][FileRequestResolver]( 5314): configuration is not downloaded. please wait next schedule.
07-16 13:06:42.878 E/[SCPMLIB_1.0.0][E]ConfigurationApi( 5162): cannot get new policy : 90000000, configuration is not downloaded. please wait next schedule. 
07-16 13:06:42.881 E/[SCPMV2][FileRequestResolver]( 5314): configuration is not downloaded. please wait next schedule.
07-16 13:06:42.885 E/[SCPMLIB_1.0.0][E]ConfigurationApi( 5162): cannot get new policy : 90000000, configuration is not downloaded. please wait next schedule. 
07-16 13:06:42.888 E/[SCPMV2][FileRequestResolver]( 5314): configuration is not downloaded. please wait next schedule.
07-16 13:06:42.892 E/FuseDaemon( 5151): Leveldb setup is missing for: ownership
07-16 13:06:42.900 E/[SCPMLIB_1.0.0][E]ConfigurationApi( 5162): cannot get new policy : 90000000, configuration is not downloaded. please wait next schedule. 
07-16 13:06:42.902 E/[SCPMV2][FileRequestResolver]( 5314): configuration is not downloaded. please wait next schedule.
07-16 13:06:42.907 E/[SCPMLIB_1.0.0][E]ConfigurationApi( 5162): cannot get new policy : 90000000, configuration is not downloaded. please wait next schedule. 
07-16 13:06:42.910 E/[SCPMV2][FileRequestResolver]( 5314): configuration is not downloaded. please wait next schedule.
07-16 13:06:42.914 E/[SCPMLIB_1.0.0][E]ConfigurationApi( 5162): cannot get new policy : 90000000, configuration is not downloaded. please wait next schedule. 
07-16 13:06:42.929 E/[SCPMV2][FileRequestResolver]( 5314): configuration is not downloaded. please wait next schedule.
07-16 13:06:42.934 E/[SCPMLIB_1.0.0][E]ConfigurationApi( 5162): cannot get new policy : 90000000, configuration is not downloaded. please wait next schedule. 
07-16 13:06:42.936 E/[SCPMV2][FileRequestResolver]( 5314): configuration is not downloaded. please wait next schedule.
07-16 13:06:42.944 E/[SCPMLIB_1.0.0][E]ConfigurationApi( 5162): cannot get new policy : 90000000, configuration is not downloaded. please wait next schedule. 
07-16 13:06:42.946 E/[SCPMV2][FileRequestResolver]( 5314): configuration is not downloaded. please wait next schedule.
07-16 13:06:42.955 E/[SCPMLIB_1.0.0][E]ConfigurationApi( 5162): cannot get new policy : 90000000, configuration is not downloaded. please wait next schedule. 
07-16 13:06:42.957 E/[SCPMV2][FileRequestResolver]( 5314): configuration is not downloaded. please wait next schedule.
07-16 13:06:42.960 E/[SCPMLIB_1.0.0][E]ConfigurationApi( 5162): cannot get new policy : 90000000, configuration is not downloaded. please wait next schedule. 
07-16 13:06:42.963 E/[SCPMV2][FileRequestResolver]( 5314): configuration is not downloaded. please wait next schedule.
07-16 13:06:42.978 E/[SCPMLIB_1.0.0][E]ConfigurationApi( 5162): cannot get new policy : 90000000, configuration is not downloaded. please wait next schedule. 
07-16 13:06:42.980 E/[SCPMV2][FileRequestResolver]( 5314): configuration is not downloaded. please wait next schedule.
07-16 13:06:42.984 E/[SCPMLIB_1.0.0][E]ConfigurationApi( 5162): cannot get new policy : 90000000, configuration is not downloaded. please wait next schedule. 
07-16 13:06:42.986 E/[SCPMV2][FileRequestResolver]( 5314): configuration is not downloaded. please wait next schedule.
07-16 13:06:42.989 E/[SCPMLIB_1.0.0][E]ConfigurationApi( 5162): cannot get new policy : 90000000, configuration is not downloaded. please wait next schedule. 
07-16 13:06:42.991 E/[SCPMV2][FileRequestResolver]( 5314): configuration is not downloaded. please wait next schedule.
07-16 13:06:42.996 E/[SCPMLIB_1.0.0][E]ConfigurationApi( 5162): cannot get new policy : 90000000, configuration is not downloaded. please wait next schedule. 
07-16 13:06:42.998 E/[SCPMV2][FileRequestResolver]( 5314): configuration is not downloaded. please wait next schedule.
07-16 13:06:43.004 E/[SCPMLIB_1.0.0][E]ConfigurationApi( 5162): cannot get new policy : 90000000, configuration is not downloaded. please wait next schedule. 
07-16 13:06:43.006 E/[SCPMV2][FileRequestResolver]( 5314): configuration is not downloaded. please wait next schedule.
07-16 13:06:43.010 E/[SCPMLIB_1.0.0][E]ConfigurationApi( 5162): cannot get new policy : 90000000, configuration is not downloaded. please wait next schedule. 
07-16 13:06:43.011 E/[SCPMV2][FileRequestResolver]( 5314): configuration is not downloaded. please wait next schedule.
07-16 13:06:43.022 E/ActivityThread( 5314): Failed to find provider info for com.sec.android.log.diagmonagent.sa
07-16 13:06:43.029 I/ActivityManager( 1285): com.android.providers.media is exempt from freezer by list
07-16 13:06:43.044 E/[SCPMLIB_1.0.0][E]ConfigurationApi( 5162): cannot get new policy : 90000000, configuration is not downloaded. please wait next schedule. 
07-16 13:06:43.046 W/ActivityManager( 1285): Slow operation: 387ms so far, now at startProcess: done updating battery stats
07-16 13:06:43.046 W/ActivityManager( 1285): Slow operation: 387ms so far, now at startProcess: building log message
07-16 13:06:43.046 I/ActivityManager( 1285): Start proc 5637:com.yono.yono_vamana/u13a378 for broadcast {com.yono.yono_vamana/com.yono.yono_vamana.vamana.isolate.WorkProfileAdminReceiver}
07-16 13:06:43.046 W/ActivityManager( 1285): Slow operation: 387ms so far, now at startProcess: starting to update pids map
07-16 13:06:43.046 W/ActivityManager( 1285): Slow operation: 387ms so far, now at startProcess: done updating pids map
07-16 13:06:43.060 I/ActivityManager( 1285): Changes in 1310378 20 to 19, 0 to 384
07-16 13:06:43.060 I/ActivityManager( 1285): Changes in 10180 10 to 3, 256 to 400
07-16 13:06:43.060 I/ActivityManager( 1285): Changes in 10089 10 to 2, 0 to 511
07-16 13:06:43.074 E/[SCPMV2][FileRequestResolver]( 5314): configuration is not downloaded. please wait next schedule.
07-16 13:06:43.080 W/ActivityManager( 1285): Slow operation: 52ms so far, now at startProcess: returned from zygote!
07-16 13:06:43.082 E/KNOXCORE::CACHE( 5285): clr value {old=0 new:0
07-16 13:06:43.089 I/ActivityManager( 1285): Background started FGS: Allowed [callingPackage: com.google.android.as; callingUid: 1310232; uidState: BFGS; uidBFSL: [BFSL]; intent: Intent { act=com.google.android.apps.miphone.aiai.captions.CaptionsSharedPrefsDataSyncService#ACTION_SYNC_FROM_CAPTIONS_TO_PERSISTENT_PROCESS xflg=0x4 cmp=com.google.android.as/com.google.android.apps.miphone.aiai.captions.CaptionsSharedPrefsDataSyncService (has extras) }; code:BACKGROUND_ACTIVITY_PERMISSION; tempAllowListReason:<null>; allowWiu:58; targetSdkVersion:36; callerTargetSdkVersion:36; startForegroundCount:0; bindFromPackage:null: isBindService:false]
07-16 13:06:43.096 E/keystore2(  604): system/security/keystore2/src/error.rs:186 - Rc(r#KEY_NOT_FOUND), "system/security/keystore2/src/service.rs:179: In get_key_entry, while trying to load key info. AppUid(1305009), Some(\"sakUid\")"
07-16 13:06:43.111 W/ActivityManager( 1285): Slow operation: 83ms so far, now at startProcess: done updating battery stats
07-16 13:06:43.111 W/ActivityManager( 1285): Slow operation: 83ms so far, now at startProcess: building log message
07-16 13:06:43.111 I/ActivityManager( 1285): Start proc 5696:android.process.media/u13a65 for content provider {com.android.providers.media/com.android.providers.media.LegacyMediaProvider}
07-16 13:06:43.111 W/ActivityManager( 1285): Slow operation: 83ms so far, now at startProcess: starting to update pids map
07-16 13:06:43.112 W/ActivityManager( 1285): Slow operation: 84ms so far, now at startProcess: done updating pids map
07-16 13:06:43.130 I/ActivityManager( 1285): Changes in 10357 2 to 10, 511 to 384
07-16 13:06:43.139 I/ActivityManager( 1285): Changes in 10238 3 to 5, 511 to 440
07-16 13:06:43.150 E/[SCPMLIB_1.0.0][E]ConfigurationApi( 5162): cannot get new policy : 90000000, configuration is not downloaded. please wait next schedule. 
07-16 13:06:43.158 W/ActivityManager( 1285): Slow operation: 61ms so far, now at startProcess: returned from zygote!
07-16 13:06:43.158 W/ActivityManager( 1285): Slow operation: 61ms so far, now at startProcess: done updating battery stats
07-16 13:06:43.158 W/ActivityManager( 1285): Slow operation: 61ms so far, now at startProcess: building log message
07-16 13:06:43.158 I/ActivityManager( 1285): Start proc 5749:com.google.android.as:captions/u13a232 for service {com.google.android.as/com.google.android.apps.miphone.aiai.captions.CaptionsSharedPrefsDataSyncService}
07-16 13:06:43.158 W/ActivityManager( 1285): Slow operation: 61ms so far, now at startProcess: starting to update pids map
