07-16 13:06:55.189 W/ActivityManager( 1285): Slow operation: 112ms so far, now at startProcess: building log message
07-16 13:06:55.189 I/ActivityManager( 1285): Start proc 7632:com.google.android.setupwizard/u13a265 for broadcast {com.google.android.setupwizard/com.google.android.setupwizard.util.SetupWizardUserInitReceiver}
07-16 13:06:55.189 W/ActivityManager( 1285): Slow operation: 112ms so far, now at startProcess: starting to update pids map
07-16 13:06:55.190 E/ashmem  ( 7443): Pinning is deprecated since Android Q. Please use trim or other methods.
07-16 13:06:55.204 W/ActivityManager( 1285): Slow operation: 127ms so far, now at startProcess: done updating pids map
07-16 13:06:55.218 I/ActivityManager( 1285): Changes in 1310109 20 to 19, 0 to 384
07-16 13:06:55.222 E/EmojiCore( 7507): globalManager is null creating new one
07-16 13:06:55.243 I/ActivityManager( 1285): Changes in 10318 10 to 19, 384 to 0
07-16 13:06:55.255 I/ActivityManager( 1285): Changes in 1310265 20 to 19, 0 to 384
07-16 13:06:55.262 E/SSS@search user 13( 6145): (SemanticSearchCoreHelper) isSemanticFeatureSupport: SSCO package not found.
07-16 13:06:55.401 E/AppOpService( 1285): Blocked setUidMode call for runtime permission app op: uid = 1301000, code = CAMERA, mode = foreground, callingUid = 1000, oldMode = allow
07-16 13:06:55.401 E/AppOpService( 1285): java.lang.RuntimeException
07-16 13:06:55.401 E/AppOpService( 1285): 	at com.android.server.permission.access.appop.AppOpService.setUidMode(qb/109705038 2e69fc865445a5a746afac3d7c219c02a6808b946e8c4480050ab1a85cf31f3f:145)
07-16 13:06:55.401 E/AppOpService( 1285): 	at com.android.server.appop.AppOpsService.setUidMode(qb/109705038 2e69fc865445a5a746afac3d7c219c02a6808b946e8c4480050ab1a85cf31f3f:56)
07-16 13:06:55.401 E/AppOpService( 1285): 	at com.android.server.appop.AppOpsService.setUidMode(qb/109705038 2e69fc865445a5a746afac3d7c219c02a6808b946e8c4480050ab1a85cf31f3f:1)
07-16 13:06:55.401 E/AppOpService( 1285): 	at android.app.AppOpsManager.setUidMode(AppOpsManager.java:8782)
07-16 13:06:55.401 E/AppOpService( 1285): 	at com.android.role.controller.model.Permissions.setAppOpModeAsUser(Permissions.java:908)
07-16 13:06:55.401 E/AppOpService( 1285): 	at com.android.role.controller.model.Permissions.setAppOpUidModeAsUser(Permissions.java:885)
07-16 13:06:55.401 E/AppOpService( 1285): 	at com.android.role.controller.model.Permissions.grantPermissionAndAppOpAsUser(Permissions.java:373)
07-16 13:06:55.401 E/AppOpService( 1285): 	at com.android.role.controller.model.Permissions.grantSingleAsUser(Permissions.java:247)
07-16 13:06:55.401 E/AppOpService( 1285): 	at com.android.role.controller.model.Permissions.grantAsUser(Permissions.java:205)
07-16 13:06:55.401 E/AppOpService( 1285): 	at com.android.role.controller.model.Role.grantAsUser(Role.java:947)
07-16 13:06:55.401 E/AppOpService( 1285): 	at com.android.role.controller.service.RoleControllerServiceImpl.addRoleHolderInternal(RoleControllerServiceImpl.java:380)
07-16 13:06:55.401 E/AppOpService( 1285): 	at com.android.role.controller.service.RoleControllerServiceImpl.onGrantDefaultRoles(RoleControllerServiceImpl.java:163)
07-16 13:06:55.401 E/AppOpService( 1285): 	at com.android.role.LocalRoleController.lambda$grantDefaultRoles$1(LocalRoleController.java:56)
07-16 13:06:55.401 E/AppOpService( 1285): 	at com.android.role.LocalRoleController.$r8$lambda$ye-flP7Mf14AbTzwSmiTgndT6Cg(LocalRoleController.java:0)
07-16 13:06:55.401 E/AppOpService( 1285): 	at com.android.role.LocalRoleController$$ExternalSyntheticLambda1.run(R8$$SyntheticClass:0)
07-16 13:06:55.401 E/AppOpService( 1285): 	at android.os.Handler.handleCallback(Handler.java:1070)
07-16 13:06:55.401 E/AppOpService( 1285): 	at android.os.Handler.dispatchMessage(Handler.java:125)
07-16 13:06:55.401 E/AppOpService( 1285): 	at android.os.Looper.dispatchMessage(Looper.java:358)
07-16 13:06:55.401 E/AppOpService( 1285): 	at android.os.Looper.loopOnce(Looper.java:288)
07-16 13:06:55.401 E/AppOpService( 1285): 	at android.os.Looper.loop(Looper.java:392)
07-16 13:06:55.401 E/AppOpService( 1285): 	at android.os.HandlerThread.run(HandlerThread.java:139)
07-16 13:06:55.422 I/ActivityManager( 1285): Killing 32690:com.google.android.cellbroadcastreceiver/u0a282 (adj 975): empty #33
07-16 13:06:55.422 I/ActivityManager( 1285): Changes in 1310113 19 to 19, 384 to 128
07-16 13:06:55.441 E/ActivityThread( 7443): Failed to find provider info for com.sec.android.log.diagmonagent
07-16 13:06:55.464 E/ActivityThread( 7507): Failed to find provider info for com.sec.android.log.diagmonagent.sa
07-16 13:06:55.471 E/ashmem  ( 7567): Pinning is deprecated since Android Q. Please use trim or other methods.
07-16 13:06:55.491 E/SSS@search user 13( 6145): (SemanticSearchCoreHelper) isSemanticFeatureSupport: SSCO package not found.
07-16 13:06:55.538 I/ActivityManager( 1285): Start proc 7686:com.samsung.SMT/u13s1000 for content provider {com.samsung.SMT/com.samsung.SMT.LanguageProvider}
07-16 13:06:55.559 E/pageboostd( 3030): Received HALT command code 2
07-16 13:06:55.564 E/SSS@search user 13( 6145): (SemanticSearchCoreHelper) isSemanticFeatureSupport: SSCO package not found.
07-16 13:06:55.578 I/ActivityTaskManager( 1285): START u0 {act=android.settings.SETTINGS flg=0x14000000 xflg=0x4 cmp=com.android.settings/.homepage.SettingsHomepageActivity} with LAUNCH_MULTIPLE from uid 10047 (com.android.systemui) (BAL_ALLOW_NON_APP_VISIBLE_WINDOW) result code=0
07-16 13:06:55.588 E/pageboostd( 3030): Received HALT command code 2
07-16 13:06:55.651 I/ActivityManager( 1285): Changes in 10274 6 to 3, 384 to 440
07-16 13:06:55.757 E/MnxbService( 1285): android.ui:android.content.pm.PackageManager$NameNotFoundException: android.uid.system:1000
07-16 13:06:55.757 E/MnxbService( 1285): 	at android.app.ApplicationPackageManager.getApplicationInfoAsUser(ApplicationPackageManager.java:591)
07-16 13:06:55.757 E/MnxbService( 1285): 	at android.app.ApplicationPackageManager.getApplicationInfo(ApplicationPackageManager.java:574)
07-16 13:06:55.757 E/MnxbService( 1285): 	at android.app.ApplicationPackageManager.getApplicationInfo(ApplicationPackageManager.java:568)
07-16 13:06:55.757 E/MnxbService( 1285): 	at com.samsung.android.mnxb.MnxbService$ProcessObserver.onForegroundActivitiesChanged(MnxbService.java:1266)
07-16 13:06:55.757 E/MnxbService( 1285): 	at com.android.server.am.ProcessList.dispatchProcessesChanged(qb/109705038 2e69fc865445a5a746afac3d7c219c02a6808b946e8c4480050ab1a85cf31f3f:78)
07-16 13:06:55.757 E/MnxbService( 1285): 	at com.android.server.am.ActivityManagerService$UiHandler.handleMessage$com$android$server$am$ActivityManagerService$UiHandler(qb/109705038 2e69fc865445a5a746afac3d7c219c02a6808b946e8c4480050ab1a85cf31f3f:280)
07-16 13:06:55.757 E/MnxbService( 1285): 	at com.android.server.am.ActivityManagerService$UiHandler.handleMessage(qb/109705038 2e69fc865445a5a746afac3d7c219c02a6808b946e8c4480050ab1a85cf31f3f:1135)
07-16 13:06:55.757 E/MnxbService( 1285): 	at android.os.Handler.dispatchMessage(Handler.java:132)
07-16 13:06:55.757 E/MnxbService( 1285): 	at android.os.Looper.dispatchMessage(Looper.java:358)
07-16 13:06:55.757 E/MnxbService( 1285): 	at android.os.Looper.loopOnce(Looper.java:288)
07-16 13:06:55.757 E/MnxbService( 1285): 	at android.os.Looper.loop(Looper.java:392)
07-16 13:06:55.757 E/MnxbService( 1285): 	at android.os.HandlerThread.run(HandlerThread.java:139)
07-16 13:06:55.757 E/MnxbService( 1285): 	at com.android.server.ServiceThread.run(ServiceThread.java:46)
07-16 13:06:55.757 E/MnxbService( 1285): 	at com.android.server.UiThread.run(qb/109705038 2e69fc865445a5a746afac3d7c219c02a6808b946e8c4480050ab1a85cf31f3f:16)
07-16 13:06:55.834 E/SSS@search user 13( 6145): (SemanticSearchCoreHelper) getSscoFirstInstallTime: SSCO package not found.
07-16 13:06:55.852 E/SSS@search user 13( 6145): (CollectorManager) App collector was null for : logs.call
07-16 13:06:55.852 E/SSS@search user 13( 6145): (CollectorManager) App collector was null for : com.samsung.android.app.reminder
07-16 13:06:55.853 E/SSS@search user 13( 6145): (CollectorManager) App collector was null for : com.samsung.android.app.notes
07-16 13:06:55.853 E/SSS@search user 13( 6145): (CollectorManager) App collector was null for : com.sec.android.app.voicenote
07-16 13:06:55.853 E/SSS@search user 13( 6145): (CollectorManager) App collector was null for : logs.sec_memo
07-16 13:06:55.853 E/SSS@search user 13( 6145): (CollectorManager) App collector was null for : pde.user_history
07-16 13:06:55.865 E/SurfaceFlinger(  937): alpha changed 1.000 -> 0.000 - Task=1326#5029
07-16 13:06:55.865 E/SurfaceFlinger(  937): alpha changed 1.000 -> 0.000 - DimTransitionLayer for Surface(name=Task=1347#6601)/@0x3ca6240#6632
07-16 13:06:55.865 E/SurfaceFlinger(  937): alpha changed 0.000 -> 0.000 - DimTransitionLayer for Surface(name=Task=1347#6601)/@0x3ca6240#6632
07-16 13:06:55.865 E/SurfaceFlinger(  937): alpha changed 0.000 -> 1.000 - Task=1326#5029
07-16 13:06:55.874 E/NativeCustomFrequencyManager(  937): [NativeCFMS] BpCustomFrequencyManager::acquire()
07-16 13:06:55.883 E/SurfaceFlinger(  937): alpha changed 0.000 -> 0.010 - DimTransitionLayer for Surface(name=Task=1347#6601)/@0x3ca6240#6632
07-16 13:06:56.043 E/EmojiCore( 7507): Resource s loading failed
07-16 13:06:56.045 I/ActivityManager( 1285): Killing 2785:com.samsung.android.game.gos/u0a75 (adj 975): empty #33
07-16 13:06:56.046 I/ActivityManager( 1285): Changes in 1310265 11 to 19, 384 to 128
07-16 13:06:56.053 E/SatelliteAppTracker( 1731): packageName: com.google.android.gms, value: com.google.android.gms
07-16 13:06:56.054 E/SatelliteAppTracker( 1731): packageName: com.google.android.googlequicksearchbox, value: null
07-16 13:06:56.056 E/SatelliteAppTracker( 1731): packageName: com.google.android.googlequicksearchbox, value: null
07-16 13:06:56.056 E/SatelliteAppTracker( 1731): packageName: com.google.android.googlequicksearchbox, value: null
07-16 13:06:56.084 E/RoleControllerServiceImpl( 1285): Default/fallback role holder package doesn't qualify for the role, package: com.google.android.gms.supervision, role: android.app.role.SYSTEM_SUPERVISION, user: 13
07-16 13:06:56.086 E/RoleControllerServiceImpl( 1285): Default/fallback role holder package doesn't qualify for the role, package: com.google.android.gms, role: android.app.role.SYSTEM_CALL_STREAMING, user: 13
07-16 13:06:56.086 E/CellBroadcastUtils( 1731): getDefaultCellBroadcastReceiverPackageName: no package found
07-16 13:06:56.089 I/ActivityManager( 1285): Start proc 7743:com.android.traceur/u13a215 for broadcast {com.android.traceur/com.android.traceur.Receiver}
07-16 13:06:56.098 E/CellBroadcastUtils( 1731): getDefaultCellBroadcastReceiverPackageName: no package found
07-16 13:06:56.181 E/system_server( 1285): No package ID 7f found for resource ID 0x7f081155.
07-16 13:06:56.181 E/system_server( 1285): No package ID 7f found for resource ID 0x7f1527b4.
07-16 13:06:56.182 E/system_server( 1285): No package ID 7f found for resource ID 0x7f08115d.
07-16 13:06:56.182 E/system_server( 1285): No package ID 7f found for resource ID 0x7f1527b5.
07-16 13:06:56.200 E/NotifRow( 1929): Magnetic state changed from IDLE to IDLE on a null swiped listener, or the logging key of the listener is null
07-16 13:06:56.227 E/EmojiCore( 7507): Resource s loading failed
07-16 13:06:56.285 I/ActivityManager( 1285): Changes in 1310357 19 to 8, 128 to 384
07-16 13:06:56.322 E/WindowManager( 1285): win=Window{33cf320 u0 NotificationShade} destroySurfaces: appStopped=true cleanupOnResume=false win.mWindowRemovalAllowed=false win.mRemoveOnExit=false win.mViewVisibility=4 caller=com.android.server.wm.WindowManagerService.tryStartExitingAnimation:128 com.android.server.wm.WindowManagerService.relayoutWindow:1121 com.android.server.wm.Session.relayout:30 android.view.IWindowSession$Stub.onTransact:840 com.android.server.wm.Session.onTransact:1 android.os.Binder.execTransactInternal:1509 android.os.Binder.execTransact:1454 
07-16 13:06:56.326 I/ActivityManager( 1285): Changes in 1310215 19 to 19, 0 to 384
07-16 13:06:56.513 I/ActivityManager( 1285): Changes in 10056 5 to 15, 400 to 256
07-16 13:06:56.521 I/ActivityManager( 1285): Changes in 1310357 10 to 19, 384 to 128
07-16 13:06:56.564 I/ActivityManager( 1285): Changes in 10122 5 to 15, 400 to 256
07-16 13:06:56.638 I/ActivityManager( 1285): Changes in 5009 5 to 15, 400 to 256
07-16 13:06:56.685 W/ActivityManager( 1285): Slow operation: 100ms so far, now at startProcess: returned from zygote!
07-16 13:06:56.713 I/ActivityManager( 1285): Changes in 1310378 2 to 15, 511 to 384
07-16 13:06:56.713 I/ActivityManager( 1285): Changes in 1310238 3 to 8, 440 to 384
07-16 13:06:56.716 W/ActivityManager( 1285): Slow operation: 131ms so far, now at startProcess: done updating battery stats
07-16 13:06:56.716 W/ActivityManager( 1285): Slow operation: 131ms so far, now at startProcess: building log message
07-16 13:06:56.716 I/ActivityManager( 1285): Start proc 7787:com.samsung.android.providers.media/u13a65 for content provider {com.samsung.android.providers.media/com.samsung.android.providers.media.feature.cmh.CMHProvider}
07-16 13:06:56.736 E/WindowManager( 1285): win=Window{5ac8735 u13 com.yono.yono_vamana/com.yono.yono_vamana.LauncherAlias} destroySurfaces: appStopped=true cleanupOnResume=false win.mWindowRemovalAllowed=false win.mRemoveOnExit=false win.mViewVisibility=8 caller=com.android.server.wm.ActivityRecord.destroySurfaces:24 com.android.server.wm.ActivityRecord.activityStopped:209 com.android.server.wm.ActivityClientController.activityStopped:102 android.app.IActivityClientController$Stub.onTransact:829 com.android.server.wm.ActivityClientController.onTransact:1 android.os.Binder.execTransactInternal:1514 android.os.Binder.execTransact:1454 
07-16 13:06:56.823 E/AppOpService( 1285): Blocked setUidMode call for runtime permission app op: uid = 1301000, code = CAMERA, mode = foreground, callingUid = 1000, oldMode = allow
07-16 13:06:56.823 E/AppOpService( 1285): java.lang.RuntimeException
07-16 13:06:56.823 E/AppOpService( 1285): 	at com.android.server.permission.access.appop.AppOpService.setUidMode(qb/109705038 2e69fc865445a5a746afac3d7c219c02a6808b946e8c4480050ab1a85cf31f3f:145)
07-16 13:06:56.823 E/AppOpService( 1285): 	at com.android.server.appop.AppOpsService.setUidMode(qb/109705038 2e69fc865445a5a746afac3d7c219c02a6808b946e8c4480050ab1a85cf31f3f:56)
07-16 13:06:56.823 E/AppOpService( 1285): 	at com.android.server.appop.AppOpsService.setUidMode(qb/109705038 2e69fc865445a5a746afac3d7c219c02a6808b946e8c4480050ab1a85cf31f3f:1)
07-16 13:06:56.823 E/AppOpService( 1285): 	at android.app.AppOpsManager.setUidMode(AppOpsManager.java:8782)
07-16 13:06:56.823 E/AppOpService( 1285): 	at com.android.role.controller.model.Permissions.setAppOpModeAsUser(Permissions.java:908)
07-16 13:06:56.823 E/AppOpService( 1285): 	at com.android.role.controller.model.Permissions.setAppOpUidModeAsUser(Permissions.java:885)
07-16 13:06:56.823 E/AppOpService( 1285): 	at com.android.role.controller.model.Permissions.grantPermissionAndAppOpAsUser(Permissions.java:373)
07-16 13:06:56.823 E/AppOpService( 1285): 	at com.android.role.controller.model.Permissions.grantSingleAsUser(Permissions.java:247)
07-16 13:06:56.823 E/AppOpService( 1285): 	at com.android.role.controller.model.Permissions.grantAsUser(Permissions.java:205)
07-16 13:06:56.823 E/AppOpService( 1285): 	at com.android.role.controller.model.Role.grantAsUser(Role.java:947)
07-16 13:06:56.823 E/AppOpService( 1285): 	at com.android.role.controller.service.RoleControllerServiceImpl.addRoleHolderInternal(RoleControllerServiceImpl.java:380)
07-16 13:06:56.823 E/AppOpService( 1285): 	at com.android.role.controller.service.RoleControllerServiceImpl.onGrantDefaultRoles(RoleControllerServiceImpl.java:163)
07-16 13:06:56.823 E/AppOpService( 1285): 	at com.android.role.LocalRoleController.lambda$grantDefaultRoles$1(LocalRoleController.java:56)
07-16 13:06:56.823 E/AppOpService( 1285): 	at com.android.role.LocalRoleController.$r8$lambda$ye-flP7Mf14AbTzwSmiTgndT6Cg(LocalRoleController.java:0)
07-16 13:06:56.823 E/AppOpService( 1285): 	at com.android.role.LocalRoleController$$ExternalSyntheticLambda1.run(R8$$SyntheticClass:0)
07-16 13:06:56.823 E/AppOpService( 1285): 	at android.os.Handler.handleCallback(Handler.java:1070)
07-16 13:06:56.823 E/AppOpService( 1285): 	at android.os.Handler.dispatchMessage(Handler.java:125)
07-16 13:06:56.823 E/AppOpService( 1285): 	at android.os.Looper.dispatchMessage(Looper.java:358)
07-16 13:06:56.823 E/AppOpService( 1285): 	at android.os.Looper.loopOnce(Looper.java:288)
07-16 13:06:56.823 E/AppOpService( 1285): 	at android.os.Looper.loop(Looper.java:392)
07-16 13:06:56.823 E/AppOpService( 1285): 	at android.os.HandlerThread.run(HandlerThread.java:139)
07-16 13:06:56.832 W/ActivityManager( 1285): Slow operation: 247ms so far, now at startProcess: starting to update pids map
07-16 13:06:56.832 I/ActivityTaskManager( 1285): Displayed com.android.settings/.homepage.SettingsHomepageActivity for user 0: +1s165ms
07-16 13:06:56.833 I/ActivityTaskManager( 1285): Fully drawn com.android.settings/.homepage.SettingsHomepageActivity: +1s165ms
07-16 13:06:56.833 E/pageboostd( 3030): Received HALT command code 2
07-16 13:06:56.833 W/ActivityManager( 1285): Slow operation: 248ms so far, now at startProcess: done updating pids map
07-16 13:06:56.895 E/ashmem  ( 7686): Pinning is deprecated since Android Q. Please use trim or other methods.
07-16 13:06:56.994 I/ActivityManager( 1285): Changes in 1310378 15 to 15, 384 to 256
07-16 13:06:57.005 I/ActivityManager( 1285): Changes in 10378 15 to 16, 256 to 0
07-16 13:06:57.012 W/ActivityManager( 1285): Unable to start service Intent { xflg=0x4 cmp=com.samsung.android.deviceidservice/.DeviceIdService } U=13: not found
07-16 13:06:57.085 E/HBD     ( 5467): HoneyBoardService onAppPrivateCommand DISPLAY_ID failed, component is not initialized 
07-16 13:06:57.089 E/HBD     ( 5467): y Invalid window - setImeNavigationBar 
07-16 13:06:57.089 E/HBD     ( 5467): y Dialog or Window is null. 
07-16 13:06:57.091 I/ActivityManager( 1285): Killing 3697:com.aura.oobe.samsung/u0a268 (adj 985): empty #33
07-16 13:06:57.104 I/ActivityManager( 1285): Changes in 1310215 11 to 19, 384 to 128
07-16 13:06:57.128 E/SatelliteAppTracker( 1731): packageName: com.samsung.android.intellivoiceservice, value: null
07-16 13:06:57.129 E/SatelliteAppTracker( 1731): packageName: com.samsung.android.intellivoiceservice, value: null
07-16 13:06:57.129 E/SatelliteAppTracker( 1731): packageName: com.samsung.android.intellivoiceservice, value: null
07-16 13:06:57.129 E/SatelliteAppTracker( 1731): packageName: com.google.android.gms, value: com.google.android.gms
07-16 13:06:57.132 E/CellBroadcastUtils( 1731): getDefaultCellBroadcastReceiverPackageName: no package found
07-16 13:06:57.140 I/ActivityManager( 1285): com.sec.facatfunction is exempt from freezer by list
07-16 13:06:57.160 E/FlexPanelStartController( 1929): failed to call SemStatusBarManager
07-16 13:06:57.160 E/FlexPanelStartController( 1929): java.lang.NullPointerException
07-16 13:06:57.160 E/FlexPanelStartController( 1929): 	at com.android.wm.shell.flexpanel.FlexPanelStartController.onFlexModeChanged(qb/109705038 f5cdd847defb22c6f839e3669f8d10f7af72c08fa404412b1930c4c43cec8c15:24)
07-16 13:06:57.160 E/FlexPanelStartController( 1929): 	at com.android.wm.shell.flexpanel.FlexPanelStartController$1.onReceive(qb/109705038 f5cdd847defb22c6f839e3669f8d10f7af72c08fa404412b1930c4c43cec8c15:72)
07-16 13:06:57.160 E/FlexPanelStartController( 1929): 	at android.app.LoadedApk$ReceiverDispatcher$Args.lambda$getRunnable$0(LoadedApk.java:2073)
07-16 13:06:57.160 E/FlexPanelStartController( 1929): 	at android.app.LoadedApk$ReceiverDispatcher$Args.$r8$lambda$mcNAAl1SQ4MyJPyDg8TJ2x2h0Rk(LoadedApk.java:0)
07-16 13:06:57.160 E/FlexPanelStartController( 1929): 	at android.app.LoadedApk$ReceiverDispatcher$Args$$ExternalSyntheticLambda0.run(D8$$SyntheticClass:0)
07-16 13:06:57.160 E/FlexPanelStartController( 1929): 	at android.os.Handler.handleCallback(Handler.java:1070)
07-16 13:06:57.160 E/FlexPanelStartController( 1929): 	at android.os.Handler.dispatchMessage(Handler.java:125)
07-16 13:06:57.160 E/FlexPanelStartController( 1929): 	at android.os.Looper.dispatchMessage(Looper.java:358)
07-16 13:06:57.160 E/FlexPanelStartController( 1929): 	at android.os.Looper.loopOnce(Looper.java:288)
07-16 13:06:57.160 E/FlexPanelStartController( 1929): 	at android.os.Looper.loop(Looper.java:392)
07-16 13:06:57.160 E/FlexPanelStartController( 1929): 	at android.app.ActivityThread.main(ActivityThread.java:10346)
07-16 13:06:57.160 E/FlexPanelStartController( 1929): 	at java.lang.reflect.Method.invoke(Native Method)
07-16 13:06:57.160 E/FlexPanelStartController( 1929): 	at com.android.internal.os.RuntimeInit$MethodAndArgsCaller.run(RuntimeInit.java:638)
07-16 13:06:57.160 E/FlexPanelStartController( 1929): 	at com.android.internal.os.ZygoteInit.main(ZygoteInit.java:972)
07-16 13:06:57.222 W/ActivityManager( 1285): Slow operation: 82ms so far, now at startProcess: returned from zygote!
07-16 13:06:57.222 W/ActivityManager( 1285): Slow operation: 82ms so far, now at startProcess: done updating battery stats
07-16 13:06:57.223 W/ActivityManager( 1285): Slow operation: 83ms so far, now at startProcess: building log message
07-16 13:06:57.223 I/ActivityManager( 1285): Start proc 7820:com.sec.facatfunction/u13s1000 for broadcast {com.sec.facatfunction/com.sec.facatfunction.entry.FactoryTestBroadcastReceiver}
07-16 13:06:57.223 W/ActivityManager( 1285): Slow operation: 83ms so far, now at startProcess: starting to update pids map
07-16 13:06:57.225 E/CellBroadcastUtils( 1731): getDefaultCellBroadcastReceiverPackageName: no package found
07-16 13:06:57.230 W/ActivityManager( 1285): Slow operation: 90ms so far, now at startProcess: done updating pids map
07-16 13:06:57.264 E/RoleControllerServiceImpl( 1285): Default/fallback role holder package doesn't qualify for the role, package: com.google.android.gms.supervision, role: android.app.role.SYSTEM_SUPERVISION, user: 13
07-16 13:06:57.265 E/RoleControllerServiceImpl( 1285): Default/fallback role holder package doesn't qualify for the role, package: com.google.android.gms, role: android.app.role.SYSTEM_CALL_STREAMING, user: 13
07-16 13:06:57.279 W/ActivityManager( 1285): Slow operation: 69ms so far, now at startProcess: returned from zygote!
07-16 13:06:57.290 W/ActivityManager( 1285): Slow operation: 80ms so far, now at startProcess: done updating battery stats
07-16 13:06:57.290 W/ActivityManager( 1285): Slow operation: 80ms so far, now at startProcess: building log message
07-16 13:06:57.290 I/ActivityManager( 1285): Start proc 7825:com.samsung.android.stickercenter/1000 for content provider {com.samsung.android.stickercenter/com.samsung.android.stickercenter.service.StickerProvider}
07-16 13:06:57.290 W/ActivityManager( 1285): Slow operation: 80ms so far, now at startProcess: starting to update pids map
07-16 13:06:57.290 W/ActivityManager( 1285): Slow operation: 80ms so far, now at startProcess: done updating pids map
07-16 13:06:57.332 E/SurfaceFlinger(  937): alpha changed 1.000 -> 0.000 - Surface(name=c8cf6d2 InputMethod#6640)/@0xb0ba6a0 - animation-leash of insets_animation#6641
07-16 13:06:57.333 E/HBD     ( 5467): a getPackageInfo, NameNotFoundException(com.samsung.android.keyscafe) 
07-16 13:06:57.333 E/HBD     ( 5467): a Cannot find pkgName = com.samsung.android.keyscafe 
07-16 13:06:57.348 E/ashmem  ( 7621): Pinning is deprecated since Android Q. Please use trim or other methods.
07-16 13:06:57.364 E/SSS@search user 13( 6145): (BaseCollector::TASKS) Failed to schedule ObserverWorker: com.samsung.android.calendar.synctasks, observer:TASKS, policy: REPLACE
07-16 13:06:57.364 E/SSS@search user 13( 6145): java.util.concurrent.TimeoutException: Waited 1000 milliseconds (plus 1 milliseconds, 232153 nanoseconds delay) for androidx.concurrent.futures.ResolvableFuture@6b95bb0[status=PENDING]
07-16 13:06:57.364 E/SSS@search user 13( 6145): 	at androidx.concurrent.futures.AbstractResolvableFuture.get(SourceFile:50)
07-16 13:06:57.364 E/SSS@search user 13( 6145): 	at androidx.concurrent.futures.m.get(SourceFile:2)
07-16 13:06:57.364 E/SSS@search user 13( 6145): 	at com.samsung.android.smartsuggestions.search.data.collector.base.g.M(SourceFile:192)
07-16 13:06:57.364 E/SSS@search user 13( 6145): 	at a7.a.run(SourceFile:520)
07-16 13:06:57.364 E/SSS@search user 13( 6145): 	at java.util.concurrent.Executors$RunnableAdapter.call(Executors.java:520)
07-16 13:06:57.364 E/SSS@search user 13( 6145): 	at java.util.concurrent.FutureTask.run(FutureTask.java:328)
07-16 13:06:57.364 E/SSS@search user 13( 6145): 	at java.util.concurrent.ScheduledThreadPoolExecutor$ScheduledFutureTask.run(ScheduledThreadPoolExecutor.java:323)
07-16 13:06:57.364 E/SSS@search user 13( 6145): 	at java.util.concurrent.ThreadPoolExecutor.runWorker(ThreadPoolExecutor.java:1100)
07-16 13:06:57.364 E/SSS@search user 13( 6145): 	at java.util.concurrent.ThreadPoolExecutor$Worker.run(ThreadPoolExecutor.java:624)
07-16 13:06:57.364 E/SSS@search user 13( 6145): 	at java.lang.Thread.run(Thread.java:1572)
07-16 13:06:57.365 E/SSS@search user 13( 6145): (BaseCollector::CONTACTS) Failed to schedule ObserverWorker: com.samsung.android.contacts, observer:CONTACTS, policy: REPLACE
07-16 13:06:57.365 E/SSS@search user 13( 6145): java.util.concurrent.TimeoutException: Waited 1000 milliseconds (plus 145384 nanoseconds delay) for androidx.concurrent.futures.ResolvableFuture@cf362f3[status=PENDING]
07-16 13:06:57.365 E/SSS@search user 13( 6145): 	at androidx.concurrent.futures.AbstractResolvableFuture.get(SourceFile:50)
07-16 13:06:57.365 E/SSS@search user 13( 6145): 	at androidx.concurrent.futures.m.get(SourceFile:2)
07-16 13:06:57.365 E/SSS@search user 13( 6145): 	at com.samsung.android.smartsuggestions.search.data.collector.base.g.M(SourceFile:192)
07-16 13:06:57.365 E/SSS@search user 13( 6145): 	at a7.a.run(SourceFile:520)
07-16 13:06:57.365 E/SSS@search user 13( 6145): 	at java.util.concurrent.Executors$RunnableAdapter.call(Executors.java:520)
07-16 13:06:57.365 E/SSS@search user 13( 6145): 	at java.util.concurrent.FutureTask.run(FutureTask.java:328)
07-16 13:06:57.365 E/SSS@search user 13( 6145): 	at java.util.concurrent.ScheduledThreadPoolExecutor$ScheduledFutureTask.run(ScheduledThreadPoolExecutor.java:323)
07-16 13:06:57.365 E/SSS@search user 13( 6145): 	at java.util.concurrent.ThreadPoolExecutor.runWorker(ThreadPoolExecutor.java:1100)
07-16 13:06:57.365 E/SSS@search user 13( 6145): 	at java.util.concurrent.ThreadPoolExecutor$Worker.run(ThreadPoolExecutor.java:624)
07-16 13:06:57.365 E/SSS@search user 13( 6145): 	at java.lang.Thread.run(Thread.java:1572)
07-16 13:06:57.365 E/SSS@search user 13( 6145): (BaseCollector::GALLERY) Failed to schedule ObserverWorker: com.google.android.providers.media, observer:GALLERY, policy: REPLACE
07-16 13:06:57.365 E/SSS@search user 13( 6145): java.util.concurrent.TimeoutException: Waited 1000 milliseconds (plus 1 milliseconds, 628307 nanoseconds delay) for androidx.concurrent.futures.ResolvableFuture@c573b4f[status=PENDING]
07-16 13:06:57.365 E/SSS@search user 13( 6145): 	at androidx.concurrent.futures.AbstractResolvableFuture.get(SourceFile:50)
07-16 13:06:57.365 E/SSS@search user 13( 6145): 	at androidx.concurrent.futures.m.get(SourceFile:2)
07-16 13:06:57.365 E/SSS@search user 13( 6145): 	at com.samsung.android.smartsuggestions.search.data.collector.base.g.M(SourceFile:192)
07-16 13:06:57.365 E/SSS@search user 13( 6145): 	at a7.a.run(SourceFile:520)
07-16 13:06:57.365 E/SSS@search user 13( 6145): 	at java.util.concurrent.Executors$RunnableAdapter.call(Executors.java:520)
07-16 13:06:57.365 E/SSS@search user 13( 6145): 	at java.util.concurrent.FutureTask.run(FutureTask.java:328)
07-16 13:06:57.365 E/SSS@search user 13( 6145): 	at java.util.concurrent.ScheduledThreadPoolExecutor$ScheduledFutureTask.run(ScheduledThreadPoolExecutor.java:323)
07-16 13:06:57.365 E/SSS@search user 13( 6145): 	at java.util.concurrent.ThreadPoolExecutor.runWorker(ThreadPoolExecutor.java:1100)
07-16 13:06:57.365 E/SSS@search user 13( 6145): 	at java.util.concurrent.ThreadPoolExecutor$Worker.run(ThreadPoolExecutor.java:624)
07-16 13:06:57.365 E/SSS@search user 13( 6145): 	at java.lang.Thread.run(Thread.java:1572)
07-16 13:06:57.365 E/SSS@search user 13( 6145): (BaseCollector::AOSP_MP) Failed to schedule ObserverWorker: com.sec.android.app.myfiles, observer:AOSP_MP, policy: REPLACE
07-16 13:06:57.365 E/SSS@search user 13( 6145): java.util.concurrent.TimeoutException: Waited 1000 milliseconds (plus 1 milliseconds, 705769 nanoseconds delay) for androidx.concurrent.futures.ResolvableFuture@34eefe5[status=PENDING]
07-16 13:06:57.365 E/SSS@search user 13( 6145): 	at androidx.concurrent.futures.AbstractResolvableFuture.get(SourceFile:50)
07-16 13:06:57.365 E/SSS@search user 13( 6145): 	at androidx.concurrent.futures.m.get(SourceFile:2)
07-16 13:06:57.365 E/SSS@search user 13( 6145): 	at com.samsung.android.smartsuggestions.search.data.collector.base.g.M(SourceFile:192)
07-16 13:06:57.365 E/SSS@search user 13( 6145): 	at ai.m.M(SourceFile:35)
07-16 13:06:57.365 E/SSS@search user 13( 6145): 	at a7.a.run(SourceFile:520)
07-16 13:06:57.365 E/SSS@search user 13( 6145): 	at java.util.concurrent.Executors$RunnableAdapter.call(Executors.java:520)
07-16 13:06:57.365 E/SSS@search user 13( 6145): 	at java.util.concurrent.FutureTask.run(FutureTask.java:328)
07-16 13:06:57.365 E/SSS@search user 13( 6145): 	at java.util.concurrent.ScheduledThreadPoolExecutor$ScheduledFutureTask.run(ScheduledThreadPoolExecutor.java:323)
07-16 13:06:57.365 E/SSS@search user 13( 6145): 	at java.util.concurrent.ThreadPoolExecutor.runWorker(ThreadPoolExecutor.java:1100)
07-16 13:06:57.365 E/SSS@search user 13( 6145): 	at java.util.concurrent.ThreadPoolExecutor$Worker.run(ThreadPoolExecutor.java:624)
07-16 13:06:57.365 E/SSS@search user 13( 6145): 	at java.lang.Thread.run(Thread.java:1572)
07-16 13:06:57.366 E/SSS@search user 13( 6145): (BaseCollector::ALBUM_GROUPS) Failed to schedule ObserverWorker: com.sec.android.gallery3d.provider2.album_group, observer:ALBUM_GROUPS, policy: REPLACE
07-16 13:06:57.366 E/SSS@search user 13( 6145): java.util.concurrent.TimeoutException: Waited 1000 milliseconds (plus 1 milliseconds, 855115 nanoseconds delay) for androidx.concurrent.futures.ResolvableFuture@4763d6b[status=PENDING]
07-16 13:06:57.366 E/SSS@search user 13( 6145): 	at androidx.concurrent.futures.AbstractResolvableFuture.get(SourceFile:50)
07-16 13:06:57.366 E/SSS@search user 13( 6145): 	at androidx.concurrent.futures.m.get(SourceFile:2)
07-16 13:06:57.366 E/SSS@search user 13( 6145): 	at com.samsung.android.smartsuggestions.search.data.collector.base.g.M(SourceFile:192)
07-16 13:06:57.366 E/SSS@search user 13( 6145): 	at a7.a.run(SourceFile:520)
07-16 13:06:57.366 E/SSS@search user 13( 6145): 	at java.util.concurrent.Executors$RunnableAdapter.call(Executors.java:520)
07-16 13:06:57.366 E/SSS@search user 13( 6145): 	at java.util.concurrent.FutureTask.run(FutureTask.java:328)
07-16 13:06:57.366 E/SSS@search user 13( 6145): 	at java.util.concurrent.ScheduledThreadPoolExecutor$ScheduledFutureTask.run(ScheduledThreadPoolExecutor.java:323)
07-16 13:06:57.366 E/SSS@search user 13( 6145): 	at java.util.concurrent.ThreadPoolExecutor.runWorker(ThreadPoolExecutor.java:1100)
07-16 13:06:57.366 E/SSS@search user 13( 6145): 	at java.util.concurrent.ThreadPoolExecutor$Worker.run(ThreadPoolExecutor.java:624)
07-16 13:06:57.366 E/SSS@search user 13( 6145): 	at java.lang.Thread.run(Thread.java:1572)
07-16 13:06:57.366 E/SSS@search user 13( 6145): (BaseCollector::PDE_EVENT) Failed to schedule ObserverWorker: com.samsung.android.pde.datacore, observer:PDE_EVENT, policy: REPLACE
07-16 13:06:57.366 E/SSS@search user 13( 6145): java.util.concurrent.TimeoutException: Waited 1000 milliseconds (plus 2 milliseconds, 89768 nanoseconds delay) for androidx.concurrent.futures.ResolvableFuture@d03a561[status=PENDING]
07-16 13:06:57.366 E/SSS@search user 13( 6145): 	at androidx.concurrent.futures.AbstractResolvableFuture.get(SourceFile:50)
07-16 13:06:57.366 E/SSS@search user 13( 6145): 	at androidx.concurrent.futures.m.get(SourceFile:2)
07-16 13:06:57.366 E/SSS@search user 13( 6145): 	at com.samsung.android.smartsuggestions.search.data.collector.base.g.M(SourceFile:192)
07-16 13:06:57.366 E/SSS@search user 13( 6145): 	at a7.a.run(SourceFile:520)
07-16 13:06:57.366 E/SSS@search user 13( 6145): 	at java.util.concurrent.Executors$RunnableAdapter.call(Executors.java:520)
07-16 13:06:57.366 E/SSS@search user 13( 6145): 	at java.util.concurrent.FutureTask.run(FutureTask.java:328)
07-16 13:06:57.366 E/SSS@search user 13( 6145): 	at java.util.concurrent.ScheduledThreadPoolExecutor$ScheduledFutureTask.run(ScheduledThreadPoolExecutor.java:323)
07-16 13:06:57.366 E/SSS@search user 13( 6145): 	at java.util.concurrent.ThreadPoolExecutor.runWorker(ThreadPoolExecutor.java:1100)
07-16 13:06:57.366 E/SSS@search user 13( 6145): 	at java.util.concurrent.ThreadPoolExecutor$Worker.run(ThreadPoolExecutor.java:624)
07-16 13:06:57.366 E/SSS@search user 13( 6145): 	at java.lang.Thread.run(Thread.java:1572)
07-16 13:06:57.366 E/SSS@search user 13( 6145): (BaseCollector::CALL_RECORDING) Failed to schedule ObserverWorker: com.samsung.android.callassistant, observer:CALL_RECORDING, policy: REPLACE
07-16 13:06:57.366 E/SSS@search user 13( 6145): java.util.concurrent.TimeoutException: Waited 1000 milliseconds (plus 1 milliseconds, 54230 nanoseconds delay) for androidx.concurrent.futures.ResolvableFuture@5394547[status=PENDING]
07-16 13:06:57.366 E/SSS@search user 13( 6145): 	at androidx.concurrent.futures.AbstractResolvableFuture.get(SourceFile:50)
07-16 13:06:57.366 E/SSS@search user 13( 6145): 	at androidx.concurrent.futures.m.get(SourceFile:2)
07-16 13:06:57.366 E/SSS@search user 13( 6145): 	at com.samsung.android.smartsuggestions.search.data.collector.base.g.M(SourceFile:192)
07-16 13:06:57.366 E/SSS@search user 13( 6145): 	at a7.a.run(SourceFile:520)
07-16 13:06:57.366 E/SSS@search user 13( 6145): 	at java.util.concurrent.Executors$RunnableAdapter.call(Executors.java:520)
07-16 13:06:57.366 E/SSS@search user 13( 6145): 	at java.util.concurrent.FutureTask.run(FutureTask.java:328)
07-16 13:06:57.366 E/SSS@search user 13( 6145): 	at java.util.concurrent.ScheduledThreadPoolExecutor$ScheduledFutureTask.run(ScheduledThreadPoolExecutor.java:323)
07-16 13:06:57.366 E/SSS@search user 13( 6145): 	at java.util.concurrent.ThreadPoolExecutor.runWorker(ThreadPoolExecutor.java:1100)
07-16 13:06:57.366 E/SSS@search user 13( 6145): 	at java.util.concurrent.ThreadPoolExecutor$Worker.run(ThreadPoolExecutor.java:624)
07-16 13:06:57.366 E/SSS@search user 13( 6145): 	at java.lang.Thread.run(Thread.java:1572)
07-16 13:06:57.376 E/SSS@search user 13( 6145): (BaseCollector::CALENDAR) Failed to schedule ObserverWorker: com.samsung.android.calendar, observer:CALENDAR, policy: REPLACE
07-16 13:06:57.376 E/SSS@search user 13( 6145): java.util.concurrent.TimeoutException: Waited 1000 milliseconds (plus 3 milliseconds, 567538 nanoseconds delay) for androidx.concurrent.futures.ResolvableFuture@f4369d[status=PENDING]
07-16 13:06:57.376 E/SSS@search user 13( 6145): 	at androidx.concurrent.futures.AbstractResolvableFuture.get(SourceFile:50)
07-16 13:06:57.376 E/SSS@search user 13( 6145): 	at androidx.concurrent.futures.m.get(SourceFile:2)
07-16 13:06:57.376 E/SSS@search user 13( 6145): 	at com.samsung.android.smartsuggestions.search.data.collector.base.g.M(SourceFile:192)
07-16 13:06:57.376 E/SSS@search user 13( 6145): 	at a7.a.run(SourceFile:520)
07-16 13:06:57.376 E/SSS@search user 13( 6145): 	at java.util.concurrent.Executors$RunnableAdapter.call(Executors.java:520)
07-16 13:06:57.376 E/SSS@search user 13( 6145): 	at java.util.concurrent.FutureTask.run(FutureTask.java:328)
07-16 13:06:57.376 E/SSS@search user 13( 6145): 	at java.util.concurrent.ScheduledThreadPoolExecutor$ScheduledFutureTask.run(ScheduledThreadPoolExecutor.java:323)
07-16 13:06:57.376 E/SSS@search user 13( 6145): 	at java.util.concurrent.ThreadPoolExecutor.runWorker(ThreadPoolExecutor.java:1100)
07-16 13:06:57.376 E/SSS@search user 13( 6145): 	at java.util.concurrent.ThreadPoolExecutor$Worker.run(ThreadPoolExecutor.java:624)
07-16 13:06:57.376 E/SSS@search user 13( 6145): 	at java.lang.Thread.run(Thread.java:1572)
07-16 13:06:57.409 I/ActivityManager( 1285): Killing 4486:com.grofers.customerapp/u0a337 (adj 975): empty #33
07-16 13:06:57.434 E/SamsungAccount( 7052): [FamilyGroupUtil] getCountryCodeListWithRegionMcc - no country code with region mcc
07-16 13:06:57.438 W/ActivityManager( 1285): Unable to start service Intent { act=com.samsung.android.ce.ACTION_START xflg=0x4 cmp=com.samsung.android.mcfds/com.samsung.android.ce.ContextEngineSystemService (has extras) } U=0: not found
07-16 13:06:57.446 E/StorageManager( 5151): Failed to set extended attributes for /storage/emulated/13/Android to set project id.: Operation not permitted
07-16 13:06:57.447 E/StorageManager( 5151): Failed to set extended attributes for /storage/emulated/13/Android/media to set project id.: Operation not permitted
07-16 13:06:57.448 W/ActivityManager( 1285): Unable to start service Intent { act=com.samsung.android.ce.ACTION_START xflg=0x4 cmp=com.samsung.android.ce/.ContextEngineSystemService (has extras) } U=0: not found
07-16 13:06:57.451 W/ActivityManager( 1285): Unbind failed: could not find connection for android.os.BinderProxy@abfa8de
07-16 13:06:57.457 E/SurfaceFlinger(  937): alpha changed 1.000 -> 0.000 - Surface(name=c8cf6d2 InputMethod#6640)/@0xb0ba6a0 - animation-leash of insets_animation#6642
07-16 13:06:57.550 E/AppOpService( 1285): Blocked setUidMode call for runtime permission app op: uid = 1301000, code = CAMERA, mode = foreground, callingUid = 1000, oldMode = allow
07-16 13:06:57.550 E/AppOpService( 1285): java.lang.RuntimeException
07-16 13:06:57.550 E/AppOpService( 1285): 	at com.android.server.permission.access.appop.AppOpService.setUidMode(qb/109705038 2e69fc865445a5a746afac3d7c219c02a6808b946e8c4480050ab1a85cf31f3f:145)
07-16 13:06:57.550 E/AppOpService( 1285): 	at com.android.server.appop.AppOpsService.setUidMode(qb/109705038 2e69fc865445a5a746afac3d7c219c02a6808b946e8c4480050ab1a85cf31f3f:56)
07-16 13:06:57.550 E/AppOpService( 1285): 	at com.android.server.appop.AppOpsService.setUidMode(qb/109705038 2e69fc865445a5a746afac3d7c219c02a6808b946e8c4480050ab1a85cf31f3f:1)
07-16 13:06:57.550 E/AppOpService( 1285): 	at android.app.AppOpsManager.setUidMode(AppOpsManager.java:8782)
07-16 13:06:57.550 E/AppOpService( 1285): 	at com.android.role.controller.model.Permissions.setAppOpModeAsUser(Permissions.java:908)
07-16 13:06:57.550 E/AppOpService( 1285): 	at com.android.role.controller.model.Permissions.setAppOpUidModeAsUser(Permissions.java:885)
07-16 13:06:57.550 E/AppOpService( 1285): 	at com.android.role.controller.model.Permissions.grantPermissionAndAppOpAsUser(Permissions.java:373)
07-16 13:06:57.550 E/AppOpService( 1285): 	at com.android.role.controller.model.Permissions.grantSingleAsUser(Permissions.java:247)
07-16 13:06:57.550 E/AppOpService( 1285): 	at com.android.role.controller.model.Permissions.grantAsUser(Permissions.java:205)
07-16 13:06:57.550 E/AppOpService( 1285): 	at com.android.role.controller.model.Role.grantAsUser(Role.java:947)
07-16 13:06:57.550 E/AppOpService( 1285): 	at com.android.role.controller.service.RoleControllerServiceImpl.addRoleHolderInternal(RoleControllerServiceImpl.java:380)
07-16 13:06:57.550 E/AppOpService( 1285): 	at com.android.role.controller.service.RoleControllerServiceImpl.onGrantDefaultRoles(RoleControllerServiceImpl.java:163)
07-16 13:06:57.550 E/AppOpService( 1285): 	at com.android.role.LocalRoleController.lambda$grantDefaultRoles$1(LocalRoleController.java:56)
07-16 13:06:57.550 E/AppOpService( 1285): 	at com.android.role.LocalRoleController.$r8$lambda$ye-flP7Mf14AbTzwSmiTgndT6Cg(LocalRoleController.java:0)
07-16 13:06:57.550 E/AppOpService( 1285): 	at com.android.role.LocalRoleController$$ExternalSyntheticLambda1.run(R8$$SyntheticClass:0)
07-16 13:06:57.550 E/AppOpService( 1285): 	at android.os.Handler.handleCallback(Handler.java:1070)
07-16 13:06:57.550 E/AppOpService( 1285): 	at android.os.Handler.dispatchMessage(Handler.java:125)
07-16 13:06:57.550 E/AppOpService( 1285): 	at android.os.Looper.dispatchMessage(Looper.java:358)
07-16 13:06:57.550 E/AppOpService( 1285): 	at android.os.Looper.loopOnce(Looper.java:288)
07-16 13:06:57.550 E/AppOpService( 1285): 	at android.os.Looper.loop(Looper.java:392)
07-16 13:06:57.550 E/AppOpService( 1285): 	at android.os.HandlerThread.run(HandlerThread.java:139)
07-16 13:06:57.656 E/AtomicFile( 6328): Failed to rename /data/user_de/13/com.samsung.android.honeyboard/files/selected.json.new to /data/user_de/13/com.samsung.android.honeyboard/files/selected.json
07-16 13:06:57.659 E/AtomicFile( 6328): Failed to rename /data/user_de/13/com.samsung.android.honeyboard/files/selected.json.new to /data/user_de/13/com.samsung.android.honeyboard/files/selected.json
07-16 13:06:57.925 E/libbinder.IPCThreadState( 1285): binder thread pool (31 threads) starved for 120 ms
07-16 13:06:57.941 E/RequestManager_FLP( 2839): [LocationManager] Location request F475A499(Listener) passive (min=0ms) from com.google.android.gms.persistent[com.google.android.gms] (1310238_FINE_perceptible_false_background)
07-16 13:06:57.950 I/ActivityManager( 1285): Killing 29502:com.jio.myjio/u0a249 (adj 975): empty #33
07-16 13:06:57.951 I/ActivityManager( 1285): Changes in 10265 15 to 19, 256 to 0
07-16 13:06:58.128 E/RoleControllerServiceImpl( 1285): Default/fallback role holder package doesn't qualify for the role, package: com.google.android.gms.supervision, role: android.app.role.SYSTEM_SUPERVISION, user: 13
07-16 13:06:58.129 E/RoleControllerServiceImpl( 1285): Default/fallback role holder package doesn't qualify for the role, package: com.google.android.gms, role: android.app.role.SYSTEM_CALL_STREAMING, user: 13
07-16 13:06:58.178 E/AppOpService( 1285): Blocked setUidMode call for runtime permission app op: uid = 1301000, code = CAMERA, mode = foreground, callingUid = 1000, oldMode = allow
07-16 13:06:58.178 E/AppOpService( 1285): java.lang.RuntimeException
07-16 13:06:58.178 E/AppOpService( 1285): 	at com.android.server.permission.access.appop.AppOpService.setUidMode(qb/109705038 2e69fc865445a5a746afac3d7c219c02a6808b946e8c4480050ab1a85cf31f3f:145)
07-16 13:06:58.178 E/AppOpService( 1285): 	at com.android.server.appop.AppOpsService.setUidMode(qb/109705038 2e69fc865445a5a746afac3d7c219c02a6808b946e8c4480050ab1a85cf31f3f:56)
07-16 13:06:58.178 E/AppOpService( 1285): 	at com.android.server.appop.AppOpsService.setUidMode(qb/109705038 2e69fc865445a5a746afac3d7c219c02a6808b946e8c4480050ab1a85cf31f3f:1)
07-16 13:06:58.178 E/AppOpService( 1285): 	at android.app.AppOpsManager.setUidMode(AppOpsManager.java:8782)
07-16 13:06:58.178 E/AppOpService( 1285): 	at com.android.role.controller.model.Permissions.setAppOpModeAsUser(Permissions.java:908)
07-16 13:06:58.178 E/AppOpService( 1285): 	at com.android.role.controller.model.Permissions.setAppOpUidModeAsUser(Permissions.java:885)
07-16 13:06:58.178 E/AppOpService( 1285): 	at com.android.role.controller.model.Permissions.grantPermissionAndAppOpAsUser(Permissions.java:373)
07-16 13:06:58.178 E/AppOpService( 1285): 	at com.android.role.controller.model.Permissions.grantSingleAsUser(Permissions.java:247)
07-16 13:06:58.178 E/AppOpService( 1285): 	at com.android.role.controller.model.Permissions.grantAsUser(Permissions.java:205)
07-16 13:06:58.178 E/AppOpService( 1285): 	at com.android.role.controller.model.Role.grantAsUser(Role.java:947)
07-16 13:06:58.178 E/AppOpService( 1285): 	at com.android.role.controller.service.RoleControllerServiceImpl.addRoleHolderInternal(RoleControllerServiceImpl.java:380)
07-16 13:06:58.178 E/AppOpService( 1285): 	at com.android.role.controller.service.RoleControllerServiceImpl.onGrantDefaultRoles(RoleControllerServiceImpl.java:163)
07-16 13:06:58.178 E/AppOpService( 1285): 	at com.android.role.LocalRoleController.lambda$grantDefaultRoles$1(LocalRoleController.java:56)
07-16 13:06:58.178 E/AppOpService( 1285): 	at com.android.role.LocalRoleController.$r8$lambda$ye-flP7Mf14AbTzwSmiTgndT6Cg(LocalRoleController.java:0)
07-16 13:06:58.178 E/AppOpService( 1285): 	at com.android.role.LocalRoleController$$ExternalSyntheticLambda1.run(R8$$SyntheticClass:0)
07-16 13:06:58.178 E/AppOpService( 1285): 	at android.os.Handler.handleCallback(Handler.java:1070)
07-16 13:06:58.178 E/AppOpService( 1285): 	at android.os.Handler.dispatchMessage(Handler.java:125)
07-16 13:06:58.178 E/AppOpService( 1285): 	at android.os.Looper.dispatchMessage(Looper.java:358)
07-16 13:06:58.178 E/AppOpService( 1285): 	at android.os.Looper.loopOnce(Looper.java:288)
07-16 13:06:58.178 E/AppOpService( 1285): 	at android.os.Looper.loop(Looper.java:392)
07-16 13:06:58.178 E/AppOpService( 1285): 	at android.os.HandlerThread.run(HandlerThread.java:139)
07-16 13:06:58.178 E/keystore2(  604): system/security/keystore2/src/error.rs:186 - Rc(r#KEY_NOT_FOUND), "system/security/keystore2/src/service.rs:179: In get_key_entry, while trying to load key info. AppUid(1310238), Some(\"unstable.c7202ece89390c490b1b94d5b71225e1.B-7812177165960070445\")"
07-16 13:06:58.180 E/Watchdog( 1285): !@Sync: 440 heap(MB): 199 / 199 native(MB): 123 FD: 1327 WaitTime: 91 ms GCcnt: 0 FullGC: 0 [2026-07-16 13:06:57.769]
07-16 13:06:58.185 E/keystore2(  604): system/security/keystore2/src/error.rs:186 - Rc(r#KEY_NOT_FOUND), "system/security/keystore2/src/service.rs:179: In get_key_entry, while trying to load key info. AppUid(1310238), Some(\"unstable.c7202ece89390c490b1b94d5b71225e1.B7535423779103810723\")"
07-16 13:06:58.188 E/keystore2(  604): system/security/keystore2/src/error.rs:186 - Rc(r#KEY_NOT_FOUND), "system/security/keystore2/src/service.rs:179: In get_key_entry, while trying to load key info. AppUid(1310238), Some(\"unstable.c7202ece89390c490b1b94d5b71225e1.A-7812177165960070445\")"
07-16 13:06:58.191 E/keystore2(  604): system/security/keystore2/src/error.rs:186 - Rc(r#KEY_NOT_FOUND), "system/security/keystore2/src/service.rs:179: In get_key_entry, while trying to load key info. AppUid(1310238), Some(\"unstable.c7202ece89390c490b1b94d5b71225e1.A7535423779103810723\")"
07-16 13:06:58.260 W/ActivityManager( 1285): Slow operation: 295ms so far, now at finishAttachApplicationInner: after dispatching broadcasts
07-16 13:06:58.269 E/martsuggestions( 4050): Invalid resource ID 0x00000000.
07-16 13:06:58.269 E/ShortcutLoader( 4050): com.samsung.android.app.tips, SS-08, android.content.pm.PackageManager$NameNotFoundException: com.samsung.android.app.tips
07-16 13:06:58.305 I/ActivityManager( 1285): Changes in 5009 15 to 5, 256 to 400
07-16 13:06:58.317 I/ActivityManager( 1285): com.samsung.android.providers.factory is exempt from freezer by list
07-16 13:06:58.320 E/ashmem  ( 7787): Pinning is deprecated since Android Q. Please use trim or other methods.
07-16 13:06:58.353 E/[SC]SyncRunnerManager( 6401): [E] sync runners are not ready: 0 
07-16 13:06:58.360 I/ActivityManager( 1285): Start proc 7930:com.samsung.android.providers.factory/u13s1000 for content provider {com.samsung.android.providers.factory/com.samsung.android.providers.factory.FactoryTestProvider}
07-16 13:06:58.370 E/ashmem  ( 7825): Pinning is deprecated since Android Q. Please use trim or other methods.
07-16 13:06:58.398 E/.osp.app.signin( 7621): No package ID 6a found for resource ID 0x6a0b0013.
07-16 13:06:58.406 E/[SC]SyncPolicyManager( 6401): [E] SamsungPass is not supported 
07-16 13:06:58.408 E/[SC]SyncProvision( 6401): [E] provisioning of com.samsung.android.samsungpass.scloud failed due to 333 
07-16 13:06:58.428 E/[SC]SyncPolicyManager( 6401): [E] Memo is not installed 
07-16 13:06:58.437 E/[SC]SyncProvision( 6401): [E] provisioning of com.samsung.android.memo failed due to 330 
07-16 13:06:58.464 E/EmojiCore( 7825): globalManager is null creating new one
07-16 13:06:58.484 E/ashmem  ( 7930): Pinning is deprecated since Android Q. Please use trim or other methods.
07-16 13:06:58.485 E/SQLiteLog( 7930): (14) cannot open file at line 45732 of [a881857822]
07-16 13:06:58.485 E/SQLiteLog( 7930): (14) os_unix.c:45732: (2) open(/data/user_de/13/com.samsung.android.providers.factory/databases/factoryproviderdb.db) - 
07-16 13:06:58.485 E/SQLiteLog( 7930): (1) Process oviders.factory : Pid (7930) Uid (1301000) Euid (1301000) Gid (1301000) Egid (1301000) scontext(u:r:system_app:s0)
07-16 13:06:58.485 E/SQLiteLog( 7930): (1) osStat failed "/data/user_de/13/com.samsung.android.providers.factory/databases/factoryproviderdb.db" due to error (2)
07-16 13:06:58.485 E/SQLiteLog( 7930): (1) Stat of /data/user_de/13/com.samsung.android.providers.factory/databases : st_mode(40771) st_uid(1301000) st_gid(1301000) st_ino(71811) tcontext(u:object_r:system_app_data_file:s0)
07-16 13:06:58.485 E/SQLiteLog( 7930): (1) Stat of /data/user_de/13/com.samsung.android.providers.factory : st_mode(40700) st_uid(1301000) st_gid(1301000) st_ino(281730) tcontext(u:object_r:system_app_data_file:s0)
07-16 13:06:58.485 E/SQLiteLog( 7930): (1) Stat of /data/user_de/13 : st_mode(40771) st_uid(1000) st_gid(1000) st_ino(533062) tcontext(u:object_r:system_data_file:s0:c525,c768)
07-16 13:06:58.485 E/SQLiteLog( 7930): (1) Stat of /data/user_de : st_mode(40511) st_uid(1000) st_gid(1000) st_ino(156) tcontext(u:object_r:system_userdir_file:s0)
07-16 13:06:58.485 E/SQLiteLog( 7930): (1) Stat of /data : st_mode(40771) st_uid(1000) st_gid(1000) st_ino(3) tcontext(u:object_r:system_data_root_file:s0)
07-16 13:06:58.485 E/SQLiteDatabase( 7930): Failed to open database '/data/user_de/13/com.samsung.android.providers.factory/databases/factoryproviderdb.db'.
