07-16 13:06:30.916 E/SurfaceFlinger(  937): alpha changed 0.870 -> 0.000 - ActivityRecord{187909513 u0 com.google.android.apps.work.clouddpc/.base.managedprovisioning.v2.activities.preprovisioning.PreProvisioningOrchestratorActivity t1346}#6490
07-16 13:06:30.916 E/SurfaceFlinger(  937): alpha changed 0.000 -> 1.000 - ActivityRecord{217526814 u0 com.android.managedprovisioning/.common.RetryLaunchActivity t1346}#6479
07-16 13:06:30.923 I/ActivityTaskManager( 1285): START u0 {xflg=0x4 cmp=com.android.managedprovisioning/.common.RetryLaunchActivity (has extras)} with LAUNCH_MULTIPLE from uid 10089 (com.android.managedprovisioning) (rr=34693387) (BAL_ALLOW_VISIBLE_WINDOW) result code=0
07-16 13:06:30.923 E/pageboostd( 3030): Received HALT command code 2
07-16 13:06:30.924 E/FrameEvents(30170): addRelease: Did not find frame.
07-16 13:06:30.924 E/SurfaceFlinger(  937): alpha changed 0.000 -> 1.000 - ActivityRecord{187909513 u0 com.google.android.apps.work.clouddpc/.base.managedprovisioning.v2.activities.preprovisioning.PreProvisioningOrchestratorActivity t1346}#6490
07-16 13:06:30.936 I/ActivityManager( 1285): broadcastAllowList remove BroadcastFilter{f9d8a17 10241/u0 ReceiverList{13e96 28377 com.google.android.apps.messaging/10241/u0 remote:fcf09b1}}
07-16 13:06:30.936 I/ActivityManager( 1285): broadcastAllowList remove BroadcastFilter{7715225 10073/u0 ReceiverList{1de200e 6084 com.facebook.services/10073/u0 remote:ea52609}}
07-16 13:06:30.936 I/ActivityManager( 1285): broadcastAllowList remove BroadcastFilter{1a74e7a 10241/u0 ReceiverList{aad9aa5 4078 com.google.android.apps.messaging:rcs/10241/u0 remote:728209c}}
07-16 13:06:30.966 E/SurfaceFlinger(  937): alpha changed 1.000 -> 0.000 - ActivityRecord{34693387 u0 com.android.managedprovisioning/.preprovisioning.PreProvisioningActivity t1346}#6458
07-16 13:06:30.987 I/ActivityTaskManager( 1285): START u0 {act=android.app.action.UPDATE_DEVICE_POLICY_MANAGEMENT_ROLE_HOLDER xflg=0x4 pkg=com.google.android.gms cmp=com.google.android.gms/.auth.managed.ui.DevicePolicyManagementRoleHolderInstallActivity (has extras)} with LAUNCH_MULTIPLE from uid 10089 (com.android.managedprovisioning) (rr=157942246) (BAL_ALLOW_VISIBLE_WINDOW) result code=0
07-16 13:06:31.002 E/pageboostd( 3030): Received HALT command code 2
07-16 13:06:31.023 E/RoleControllerServiceImpl( 1285): Default/fallback role holder package doesn't qualify for the role, package: com.google.android.gms.supervision, role: android.app.role.SYSTEM_SUPERVISION, user: 0
07-16 13:06:31.024 E/RoleControllerServiceImpl( 1285): Default/fallback role holder package doesn't qualify for the role, package: com.google.android.gms, role: android.app.role.SYSTEM_CALL_STREAMING, user: 0
07-16 13:06:31.025 I/ActivityManager( 1285): Changes in 10274 17 to 6, 0 to 384
07-16 13:06:31.025 I/ActivityManager( 1285): Changes in 10265 19 to 3, 384 to 400
07-16 13:06:31.025 I/ActivityManager( 1285): Changes in 10240 19 to 3, 0 to 440
07-16 13:06:31.025 E/MnxbService( 1285): android.ui:android.content.pm.PackageManager$NameNotFoundException: com.google.uid.shared:10238
07-16 13:06:31.025 E/MnxbService( 1285): 	at android.app.ApplicationPackageManager.getApplicationInfoAsUser(ApplicationPackageManager.java:591)
07-16 13:06:31.025 E/MnxbService( 1285): 	at android.app.ApplicationPackageManager.getApplicationInfo(ApplicationPackageManager.java:574)
07-16 13:06:31.025 E/MnxbService( 1285): 	at android.app.ApplicationPackageManager.getApplicationInfo(ApplicationPackageManager.java:568)
07-16 13:06:31.025 E/MnxbService( 1285): 	at com.samsung.android.mnxb.MnxbService$ProcessObserver.onForegroundActivitiesChanged(MnxbService.java:1266)
07-16 13:06:31.025 E/MnxbService( 1285): 	at com.android.server.am.ProcessList.dispatchProcessesChanged(qb/109705038 2e69fc865445a5a746afac3d7c219c02a6808b946e8c4480050ab1a85cf31f3f:78)
07-16 13:06:31.025 E/MnxbService( 1285): 	at com.android.server.am.ActivityManagerService$UiHandler.handleMessage$com$android$server$am$ActivityManagerService$UiHandler(qb/109705038 2e69fc865445a5a746afac3d7c219c02a6808b946e8c4480050ab1a85cf31f3f:280)
07-16 13:06:31.025 E/MnxbService( 1285): 	at com.android.server.am.ActivityManagerService$UiHandler.handleMessage(qb/109705038 2e69fc865445a5a746afac3d7c219c02a6808b946e8c4480050ab1a85cf31f3f:1135)
07-16 13:06:31.025 E/MnxbService( 1285): 	at android.os.Handler.dispatchMessage(Handler.java:132)
07-16 13:06:31.025 E/MnxbService( 1285): 	at android.os.Looper.dispatchMessage(Looper.java:358)
07-16 13:06:31.025 E/MnxbService( 1285): 	at android.os.Looper.loopOnce(Looper.java:288)
07-16 13:06:31.025 E/MnxbService( 1285): 	at android.os.Looper.loop(Looper.java:392)
07-16 13:06:31.025 E/MnxbService( 1285): 	at android.os.HandlerThread.run(HandlerThread.java:139)
07-16 13:06:31.025 E/MnxbService( 1285): 	at com.android.server.ServiceThread.run(ServiceThread.java:46)
07-16 13:06:31.025 E/MnxbService( 1285): 	at com.android.server.UiThread.run(qb/109705038 2e69fc865445a5a746afac3d7c219c02a6808b946e8c4480050ab1a85cf31f3f:16)
07-16 13:06:31.075 E/SurfaceFlinger(  937): alpha changed 0.110 -> 0.000 - ActivityRecord{217526814 u0 com.android.managedprovisioning/.common.RetryLaunchActivity t1346}#6479
07-16 13:06:31.084 E/SurfaceFlinger(  937): alpha changed 0.000 -> 0.208 - ActivityRecord{34693387 u0 com.android.managedprovisioning/.preprovisioning.PreProvisioningActivity t1346}#6458
07-16 13:06:31.089 I/ActivityManager( 1285): Changes in 10357 19 to 19, 384 to 0
07-16 13:06:31.098 E/RoleControllerServiceImpl( 1285): Default/fallback role holder package doesn't qualify for the role, package: com.samsung.android.spayfw, role: android.app.role.WALLET, user: 0
07-16 13:06:31.304 I/ActivityTaskManager( 1285): done cause=notifyTransitionStarting drawn timestamp=13165640084427 info=TransitionInfo{b263e34 a=ActivityRecord{218390115 u0 com.google.android.gms/.auth.managed.ui.DevicePolicyManagementRoleHolderInstallActivity t1346} r=null d=true}
07-16 13:06:31.305 I/ActivityTaskManager( 1285): Displayed com.google.android.gms/.auth.managed.ui.DevicePolicyManagementRoleHolderInstallActivity for user 0: +380ms
07-16 13:06:31.305 E/pageboostd( 3030): Received HALT command code 2
07-16 13:06:31.316 E/SurfaceFlinger(  937): alpha changed 0.000 -> 1.000 - ActivityRecord{217526814 u0 com.android.managedprovisioning/.common.RetryLaunchActivity t1346}#6479
07-16 13:06:31.342 E/SurfaceFlinger(  937): alpha changed 1.000 -> 0.000 - ActivityRecord{218390115 u0 com.google.android.gms/.auth.managed.ui.DevicePolicyManagementRoleHolderInstallActivity t1346}#6517
07-16 13:06:31.342 E/SurfaceFlinger(  937): alpha changed 0.000 -> 0.000 - ActivityRecord{218390115 u0 com.google.android.gms/.auth.managed.ui.DevicePolicyManagementRoleHolderInstallActivity t1346}#6517
07-16 13:06:31.450 E/SurfaceFlinger(  937): alpha changed 0.110 -> 0.000 - ActivityRecord{34693387 u0 com.android.managedprovisioning/.preprovisioning.PreProvisioningActivity t1346}#6458
07-16 13:06:31.450 E/SurfaceFlinger(  937): alpha changed 0.000 -> 1.000 - ActivityRecord{218390115 u0 com.google.android.gms/.auth.managed.ui.DevicePolicyManagementRoleHolderInstallActivity t1346}#6517
07-16 13:06:31.450 E/SurfaceFlinger(  937): alpha changed 0.000 -> 0.000 - ActivityRecord{34693387 u0 com.android.managedprovisioning/.preprovisioning.PreProvisioningActivity t1346}#6458
07-16 13:06:31.450 E/SurfaceFlinger(  937): alpha changed 0.000 -> 1.000 - ActivityRecord{34693387 u0 com.android.managedprovisioning/.preprovisioning.PreProvisioningActivity t1346}#6458
07-16 13:06:31.483 E/SurfaceFlinger(  937): alpha changed 1.000 -> 0.000 - ActivityRecord{157942246 u0 com.android.managedprovisioning/.common.RetryLaunchActivity t1346}#6507
07-16 13:06:31.500 E/SurfaceFlinger(  937): alpha changed 0.981 -> 0.000 - ActivityRecord{218390115 u0 com.google.android.gms/.auth.managed.ui.DevicePolicyManagementRoleHolderInstallActivity t1346}#6517
07-16 13:06:31.500 E/SurfaceFlinger(  937): alpha changed 0.000 -> 1.000 - ActivityRecord{157942246 u0 com.android.managedprovisioning/.common.RetryLaunchActivity t1346}#6507
07-16 13:06:31.500 E/SurfaceFlinger(  937): alpha changed 0.000 -> 1.000 - ActivityRecord{218390115 u0 com.google.android.gms/.auth.managed.ui.DevicePolicyManagementRoleHolderInstallActivity t1346}#6517
07-16 13:06:31.502 I/ActivityTaskManager( 1285): START u0 {xflg=0x4 cmp=com.android.managedprovisioning/.common.RetryLaunchActivity (has extras)} with LAUNCH_MULTIPLE from uid 10089 (com.android.managedprovisioning) (rr=34693387) (BAL_ALLOW_VISIBLE_WINDOW) result code=0
07-16 13:06:31.502 E/pageboostd( 3030): Received HALT command code 2
07-16 13:06:31.517 E/SurfaceFlinger(  937): alpha changed 1.000 -> 0.000 - ActivityRecord{34693387 u0 com.android.managedprovisioning/.preprovisioning.PreProvisioningActivity t1346}#6458
07-16 13:06:31.545 I/ActivityManager( 1285): Changes in 10265 3 to 19, 400 to 0
07-16 13:06:31.545 I/ActivityManager( 1285): Changes in 10240 3 to 19, 440 to 0
07-16 13:06:31.592 E/ActivityManager( 1285): [IntentRedirect Hardening] The intent does not have its nested keys collected as a preparation for creating intent creator tokens. Intent: Intent { act=android.app.action.ROLE_HOLDER_PROVISION_MANAGED_PROFILE pkg=com.google.android.apps.work.clouddpc (has extras) }; creatorPackage: com.android.managedprovisioning
07-16 13:06:31.607 I/ActivityTaskManager( 1285): START u0 {act=android.app.action.ROLE_HOLDER_PROVISION_MANAGED_PROFILE xflg=0x4 pkg=com.google.android.apps.work.clouddpc cmp=com.google.android.apps.work.clouddpc/.base.managedprovisioning.preprovisioning.PreProvisioningActivity (has extras)} with LAUNCH_SINGLE_TOP from uid 10089 (com.android.managedprovisioning) (rr=209926331) (BAL_ALLOW_VISIBLE_WINDOW) result code=0
07-16 13:06:31.609 E/pageboostd( 3030): Received HALT command code 2
07-16 13:06:31.625 E/SurfaceFlinger(  937): alpha changed 0.110 -> 0.000 - ActivityRecord{157942246 u0 com.android.managedprovisioning/.common.RetryLaunchActivity t1346}#6507
07-16 13:06:31.630 I/ActivityManager( 1285): Changes in 10357 19 to 2, 0 to 511
07-16 13:06:31.631 I/ActivityManager( 1285): Changes in 10265 19 to 3, 0 to 400
07-16 13:06:31.634 E/SurfaceFlinger(  937): alpha changed 0.000 -> 0.208 - ActivityRecord{34693387 u0 com.android.managedprovisioning/.preprovisioning.PreProvisioningActivity t1346}#6458
07-16 13:06:31.653 I/ActivityTaskManager( 1285): START u0 {flg=0x2000000 xflg=0x4 cmp=com.google.android.apps.work.clouddpc/.base.managedprovisioning.v2.activities.preprovisioning.PreProvisioningOrchestratorActivity (has extras)} with LAUNCH_SINGLE_TOP from uid 10357 (com.google.android.apps.work.clouddpc) (sr=197345623) (BAL_ALLOW_VISIBLE_WINDOW) result code=0
07-16 13:06:31.653 E/pageboostd( 3030): Received HALT command code 2
07-16 13:06:31.655 W/ActivityManager( 1285): Unable to start service Intent { xflg=0x4 cmp=com.android.managedprovisioning/com.google.android.apps.work.clouddpc.base.managedprovisioning.provisioning.ProvisioningService } U=0: not found
07-16 13:06:31.674 E/s.work.clouddpc( 3275): Invalid resource ID 0x00000000.
07-16 13:06:31.675 E/s.work.clouddpc( 3275): Invalid resource ID 0x00000000.
07-16 13:06:31.676 E/s.work.clouddpc( 3275): Invalid resource ID 0x00000000.
07-16 13:06:31.677 E/s.work.clouddpc( 3275): Invalid resource ID 0x00000000.
07-16 13:06:31.680 E/s.work.clouddpc( 3275): Invalid resource ID 0x00000000.
07-16 13:06:31.681 E/s.work.clouddpc( 3275): Invalid resource ID 0x00000000.
07-16 13:06:31.682 E/s.work.clouddpc( 3275): Invalid resource ID 0x00000000.
07-16 13:06:31.683 E/s.work.clouddpc( 3275): Invalid resource ID 0x00000000.
07-16 13:06:31.685 E/s.work.clouddpc( 3275): Invalid resource ID 0x00000000.
07-16 13:06:31.685 E/s.work.clouddpc( 3275): Invalid resource ID 0x00000000.
07-16 13:06:31.708 E/s.work.clouddpc( 3275): Invalid resource ID 0x00000000.
07-16 13:06:31.709 E/s.work.clouddpc( 3275): Invalid resource ID 0x00000000.
07-16 13:06:31.718 E/s.work.clouddpc( 3275): Invalid resource ID 0x00000000.
07-16 13:06:31.720 E/s.work.clouddpc( 3275): Invalid resource ID 0x00000000.
07-16 13:06:31.721 E/s.work.clouddpc( 3275): Invalid resource ID 0x00000000.
07-16 13:06:31.722 E/s.work.clouddpc( 3275): Invalid resource ID 0x00000000.
07-16 13:06:31.723 E/s.work.clouddpc( 3275): Invalid resource ID 0x00000000.
07-16 13:06:31.724 E/s.work.clouddpc( 3275): Invalid resource ID 0x00000000.
07-16 13:06:31.725 E/s.work.clouddpc( 3275): Invalid resource ID 0x00000000.
07-16 13:06:31.726 E/s.work.clouddpc( 3275): Invalid resource ID 0x00000000.
07-16 13:06:31.727 E/s.work.clouddpc( 3275): Invalid resource ID 0x00000000.
07-16 13:06:31.728 E/s.work.clouddpc( 3275): Invalid resource ID 0x00000000.
07-16 13:06:31.730 E/s.work.clouddpc( 3275): Invalid resource ID 0x00000000.
07-16 13:06:31.731 E/s.work.clouddpc( 3275): Invalid resource ID 0x00000000.
07-16 13:06:31.732 E/s.work.clouddpc( 3275): Invalid resource ID 0x00000000.
07-16 13:06:31.733 E/s.work.clouddpc( 3275): Invalid resource ID 0x00000000.
07-16 13:06:31.734 E/s.work.clouddpc( 3275): Invalid resource ID 0x00000000.
07-16 13:06:31.736 E/s.work.clouddpc( 3275): Invalid resource ID 0x00000000.
07-16 13:06:31.737 E/s.work.clouddpc( 3275): Invalid resource ID 0x00000000.
07-16 13:06:31.740 E/s.work.clouddpc( 3275): Invalid resource ID 0x00000000.
07-16 13:06:31.742 E/s.work.clouddpc( 3275): Invalid resource ID 0x00000000.
07-16 13:06:31.742 E/s.work.clouddpc( 3275): Invalid resource ID 0x00000000.
07-16 13:06:31.743 E/s.work.clouddpc( 3275): Invalid resource ID 0x00000000.
07-16 13:06:31.744 E/s.work.clouddpc( 3275): Invalid resource ID 0x00000000.
07-16 13:06:31.744 E/s.work.clouddpc( 3275): Invalid resource ID 0x00000000.
07-16 13:06:31.745 E/s.work.clouddpc( 3275): Invalid resource ID 0x00000000.
07-16 13:06:31.746 E/s.work.clouddpc( 3275): Invalid resource ID 0x00000000.
07-16 13:06:31.747 E/s.work.clouddpc( 3275): Invalid resource ID 0x00000000.
07-16 13:06:31.748 E/s.work.clouddpc( 3275): Invalid resource ID 0x00000000.
07-16 13:06:31.749 E/s.work.clouddpc( 3275): Invalid resource ID 0x00000000.
07-16 13:06:31.749 E/s.work.clouddpc( 3275): Invalid resource ID 0x00000000.
07-16 13:06:31.750 E/s.work.clouddpc( 3275): Invalid resource ID 0x00000000.
07-16 13:06:31.751 E/s.work.clouddpc( 3275): Invalid resource ID 0x00000000.
07-16 13:06:31.751 E/s.work.clouddpc( 3275): Invalid resource ID 0x00000000.
07-16 13:06:31.751 E/s.work.clouddpc( 3275): Invalid resource ID 0x00000000.
07-16 13:06:31.756 E/s.work.clouddpc( 3275): Invalid resource ID 0x00000000.
07-16 13:06:31.757 E/s.work.clouddpc( 3275): Invalid resource ID 0x00000000.
07-16 13:06:31.758 E/s.work.clouddpc( 3275): Invalid resource ID 0x00000000.
07-16 13:06:31.759 E/s.work.clouddpc( 3275): Invalid resource ID 0x00000000.
07-16 13:06:31.760 E/s.work.clouddpc( 3275): Invalid resource ID 0x00000000.
07-16 13:06:31.761 E/s.work.clouddpc( 3275): Invalid resource ID 0x00000000.
07-16 13:06:31.762 I/ActivityTaskManager( 1285): done cause=notifyTransitionStarting drawn timestamp=13166098763273 info=TransitionInfo{792a64b a=ActivityRecord{267982214 u0 com.google.android.apps.work.clouddpc/.base.managedprovisioning.v2.activities.preprovisioning.PreProvisioningOrchestratorActivity t1346} r=null d=true}
07-16 13:06:31.763 I/ActivityTaskManager( 1285): Displayed com.google.android.apps.work.clouddpc/.base.managedprovisioning.v2.activities.preprovisioning.PreProvisioningOrchestratorActivity for user 0: +266ms
07-16 13:06:31.763 E/pageboostd( 3030): Received HALT command code 2
07-16 13:06:31.767 E/s.work.clouddpc( 3275): Invalid resource ID 0x00000000.
07-16 13:06:31.768 E/s.work.clouddpc( 3275): Invalid resource ID 0x00000000.
07-16 13:06:31.771 E/s.work.clouddpc( 3275): Invalid resource ID 0x00000000.
07-16 13:06:31.782 E/SurfaceFlinger(  937): alpha changed 0.000 -> 1.000 - ActivityRecord{157942246 u0 com.android.managedprovisioning/.common.RetryLaunchActivity t1346}#6507
07-16 13:06:31.787 E/s.work.clouddpc( 3275): Invalid resource ID 0x00000000.
07-16 13:06:31.787 E/s.work.clouddpc( 3275): Invalid resource ID 0x00000000.
07-16 13:06:31.788 E/s.work.clouddpc( 3275): Invalid resource ID 0x00000000.
07-16 13:06:31.789 E/s.work.clouddpc( 3275): Invalid resource ID 0x00000000.
07-16 13:06:31.790 E/s.work.clouddpc( 3275): Invalid resource ID 0x00000000.
07-16 13:06:31.791 E/s.work.clouddpc( 3275): Invalid resource ID 0x00000000.
07-16 13:06:31.792 E/s.work.clouddpc( 3275): Invalid resource ID 0x00000000.
07-16 13:06:31.793 E/s.work.clouddpc( 3275): Invalid resource ID 0x00000000.
07-16 13:06:31.794 E/s.work.clouddpc( 3275): Invalid resource ID 0x00000000.
07-16 13:06:31.795 E/s.work.clouddpc( 3275): Invalid resource ID 0x00000000.
07-16 13:06:31.796 E/s.work.clouddpc( 3275): Invalid resource ID 0x00000000.
07-16 13:06:31.796 E/s.work.clouddpc( 3275): Invalid resource ID 0x00000000.
07-16 13:06:31.796 E/s.work.clouddpc( 3275): Invalid resource ID 0x00000000.
07-16 13:06:31.797 E/s.work.clouddpc( 3275): Invalid resource ID 0x00000000.
07-16 13:06:31.806 E/s.work.clouddpc( 3275): Invalid resource ID 0x00000000.
07-16 13:06:31.807 E/SurfaceFlinger(  937): alpha changed 1.000 -> 0.000 - ActivityRecord{267982214 u0 com.google.android.apps.work.clouddpc/.base.managedprovisioning.v2.activities.preprovisioning.PreProvisioningOrchestratorActivity t1346}#6548
07-16 13:06:31.807 E/SurfaceFlinger(  937): alpha changed 0.000 -> 0.000 - ActivityRecord{267982214 u0 com.google.android.apps.work.clouddpc/.base.managedprovisioning.v2.activities.preprovisioning.PreProvisioningOrchestratorActivity t1346}#6548
07-16 13:06:31.809 E/s.work.clouddpc( 3275): Invalid resource ID 0x00000000.
07-16 13:06:31.811 E/s.work.clouddpc( 3275): Invalid resource ID 0x00000000.
07-16 13:06:31.811 E/s.work.clouddpc( 3275): Invalid resource ID 0x00000000.
07-16 13:06:31.823 E/s.work.clouddpc( 3275): Invalid resource ID 0x00000000.
07-16 13:06:31.826 E/s.work.clouddpc( 3275): Invalid resource ID 0x00000000.
07-16 13:06:31.830 E/s.work.clouddpc( 3275): Invalid resource ID 0x00000000.
07-16 13:06:31.835 E/s.work.clouddpc( 3275): Invalid resource ID 0x00000000.
07-16 13:06:31.835 E/s.work.clouddpc( 3275): Invalid resource ID 0x00000000.
07-16 13:06:31.837 E/s.work.clouddpc( 3275): Invalid resource ID 0x00000000.
07-16 13:06:31.837 E/s.work.clouddpc( 3275): Invalid resource ID 0x00000000.
07-16 13:06:31.838 E/s.work.clouddpc( 3275): Invalid resource ID 0x00000000.
07-16 13:06:31.838 E/s.work.clouddpc( 3275): Invalid resource ID 0x00000000.
07-16 13:06:31.839 E/s.work.clouddpc( 3275): Invalid resource ID 0x00000000.
07-16 13:06:31.842 E/s.work.clouddpc( 3275): Invalid resource ID 0x00000000.
07-16 13:06:31.843 E/s.work.clouddpc( 3275): Invalid resource ID 0x00000000.
07-16 13:06:31.845 E/s.work.clouddpc( 3275): Invalid resource ID 0x00000000.
07-16 13:06:31.846 E/s.work.clouddpc( 3275): Invalid resource ID 0x00000000.
07-16 13:06:31.847 E/s.work.clouddpc( 3275): Invalid resource ID 0x00000000.
07-16 13:06:31.848 E/s.work.clouddpc( 3275): Invalid resource ID 0x00000000.
07-16 13:06:31.849 E/s.work.clouddpc( 3275): Invalid resource ID 0x00000000.
07-16 13:06:31.850 E/s.work.clouddpc( 3275): Invalid resource ID 0x00000000.
07-16 13:06:31.855 E/s.work.clouddpc( 3275): Invalid resource ID 0x00000000.
07-16 13:06:31.856 E/s.work.clouddpc( 3275): Invalid resource ID 0x00000000.
07-16 13:06:31.860 E/s.work.clouddpc( 3275): Invalid resource ID 0x00000000.
07-16 13:06:31.862 E/s.work.clouddpc( 3275): Invalid resource ID 0x00000000.
07-16 13:06:31.863 E/s.work.clouddpc( 3275): Invalid resource ID 0x00000000.
07-16 13:06:31.864 E/s.work.clouddpc( 3275): Invalid resource ID 0x00000000.
07-16 13:06:31.864 E/s.work.clouddpc( 3275): Invalid resource ID 0x00000000.
07-16 13:06:31.877 E/s.work.clouddpc( 3275): Invalid resource ID 0x00000000.
07-16 13:06:31.880 E/s.work.clouddpc( 3275): Invalid resource ID 0x00000000.
07-16 13:06:31.885 E/s.work.clouddpc( 3275): Invalid resource ID 0x00000000.
07-16 13:06:31.885 E/s.work.clouddpc( 3275): Invalid resource ID 0x00000000.
07-16 13:06:31.886 E/s.work.clouddpc( 3275): Invalid resource ID 0x00000000.
07-16 13:06:31.887 E/s.work.clouddpc( 3275): Invalid resource ID 0x00000000.
07-16 13:06:31.888 E/s.work.clouddpc( 3275): Invalid resource ID 0x00000000.
07-16 13:06:31.888 E/s.work.clouddpc( 3275): Invalid resource ID 0x00000000.
07-16 13:06:31.889 E/s.work.clouddpc( 3275): Invalid resource ID 0x00000000.
07-16 13:06:31.892 E/s.work.clouddpc( 3275): Invalid resource ID 0x00000000.
07-16 13:06:31.894 E/s.work.clouddpc( 3275): Invalid resource ID 0x00000000.
07-16 13:06:31.897 E/s.work.clouddpc( 3275): Invalid resource ID 0x00000000.
07-16 13:06:31.898 E/s.work.clouddpc( 3275): Invalid resource ID 0x00000000.
07-16 13:06:31.904 E/s.work.clouddpc( 3275): Invalid resource ID 0x00000000.
07-16 13:06:31.912 E/s.work.clouddpc( 3275): Invalid resource ID 0x00000000.
07-16 13:06:31.915 E/SurfaceFlinger(  937): alpha changed 0.110 -> 0.000 - ActivityRecord{34693387 u0 com.android.managedprovisioning/.preprovisioning.PreProvisioningActivity t1346}#6458
07-16 13:06:31.923 E/SurfaceFlinger(  937): alpha changed 0.000 -> 0.193 - ActivityRecord{267982214 u0 com.google.android.apps.work.clouddpc/.base.managedprovisioning.v2.activities.preprovisioning.PreProvisioningOrchestratorActivity t1346}#6548
07-16 13:06:31.930 E/s.work.clouddpc( 3275): Invalid resource ID 0x00000000.
07-16 13:06:31.933 E/s.work.clouddpc( 3275): Invalid resource ID 0x00000000.
07-16 13:06:31.934 E/s.work.clouddpc( 3275): Invalid resource ID 0x00000000.
07-16 13:06:31.934 E/s.work.clouddpc( 3275): Invalid resource ID 0x00000000.
07-16 13:06:31.936 E/s.work.clouddpc( 3275): Invalid resource ID 0x00000000.
07-16 13:06:31.937 E/s.work.clouddpc( 3275): Invalid resource ID 0x00000000.
07-16 13:06:31.938 E/s.work.clouddpc( 3275): Invalid resource ID 0x00000000.
07-16 13:06:31.939 E/s.work.clouddpc( 3275): Invalid resource ID 0x00000000.
07-16 13:06:31.939 E/s.work.clouddpc( 3275): Invalid resource ID 0x00000000.
07-16 13:06:31.941 E/s.work.clouddpc( 3275): Invalid resource ID 0x00000000.
07-16 13:06:31.943 E/s.work.clouddpc( 3275): Invalid resource ID 0x00000000.
07-16 13:06:31.943 E/s.work.clouddpc( 3275): Invalid resource ID 0x00000000.
07-16 13:06:31.944 E/s.work.clouddpc( 3275): Invalid resource ID 0x00000000.
07-16 13:06:31.946 E/s.work.clouddpc( 3275): Invalid resource ID 0x00000000.
07-16 13:06:31.947 E/s.work.clouddpc( 3275): Invalid resource ID 0x00000000.
07-16 13:06:31.947 E/s.work.clouddpc( 3275): Invalid resource ID 0x00000000.
07-16 13:06:31.948 E/s.work.clouddpc( 3275): Invalid resource ID 0x00000000.
07-16 13:06:31.955 E/s.work.clouddpc( 3275): Invalid resource ID 0x00000000.
07-16 13:06:31.956 E/s.work.clouddpc( 3275): Invalid resource ID 0x00000000.
07-16 13:06:31.960 I/ActivityManager( 1285): Start proc 5013:com.samsung.android.dqagent/1000 for broadcast {com.samsung.android.dqagent/com.samsung.android.dqagent.receiver.DQADataReceiver}
07-16 13:06:31.961 E/s.work.clouddpc( 3275): Invalid resource ID 0x00000000.
07-16 13:06:31.969 E/s.work.clouddpc( 3275): Invalid resource ID 0x00000000.
07-16 13:06:31.970 E/s.work.clouddpc( 3275): Invalid resource ID 0x00000000.
07-16 13:06:31.972 E/s.work.clouddpc( 3275): Invalid resource ID 0x00000000.
07-16 13:06:31.972 E/s.work.clouddpc( 3275): Invalid resource ID 0x00000000.
07-16 13:06:31.973 E/SurfaceFlinger(  937): alpha changed 1.000 -> 0.000 - Surface(name=357122e InputMethod#5295)/@0x563ca65 - animation-leash of insets_animation#6556
07-16 13:06:31.974 E/s.work.clouddpc( 3275): Invalid resource ID 0x00000000.
07-16 13:06:31.975 E/s.work.clouddpc( 3275): Invalid resource ID 0x00000000.
07-16 13:06:31.976 E/s.work.clouddpc( 3275): Invalid resource ID 0x00000000.
07-16 13:06:31.979 E/s.work.clouddpc( 3275): Invalid resource ID 0x00000000.
07-16 13:06:31.979 E/s.work.clouddpc( 3275): Invalid resource ID 0x00000000.
07-16 13:06:31.980 E/s.work.clouddpc( 3275): Invalid resource ID 0x00000000.
07-16 13:06:31.981 E/s.work.clouddpc( 3275): Invalid resource ID 0x00000000.
07-16 13:06:31.982 E/s.work.clouddpc( 3275): Invalid resource ID 0x00000000.
07-16 13:06:31.983 E/s.work.clouddpc( 3275): Invalid resource ID 0x00000000.
07-16 13:06:31.984 E/s.work.clouddpc( 3275): Invalid resource ID 0x00000000.
07-16 13:06:31.985 E/s.work.clouddpc( 3275): Invalid resource ID 0x00000000.
07-16 13:06:31.988 E/s.work.clouddpc( 3275): Invalid resource ID 0x00000000.
07-16 13:06:31.990 E/s.work.clouddpc( 3275): Invalid resource ID 0x00000000.
07-16 13:06:31.991 E/s.work.clouddpc( 3275): Invalid resource ID 0x00000000.
07-16 13:06:31.993 E/s.work.clouddpc( 3275): Invalid resource ID 0x00000000.
07-16 13:06:31.994 E/s.work.clouddpc( 3275): Invalid resource ID 0x00000000.
07-16 13:06:31.995 E/s.work.clouddpc( 3275): Invalid resource ID 0x00000000.
07-16 13:06:31.996 E/s.work.clouddpc( 3275): Invalid resource ID 0x00000000.
07-16 13:06:31.997 E/s.work.clouddpc( 3275): Invalid resource ID 0x00000000.
07-16 13:06:31.999 E/s.work.clouddpc( 3275): Invalid resource ID 0x00000000.
07-16 13:06:32.002 E/s.work.clouddpc( 3275): Invalid resource ID 0x00000000.
07-16 13:06:32.003 E/s.work.clouddpc( 3275): Invalid resource ID 0x00000000.
07-16 13:06:32.007 E/s.work.clouddpc( 3275): Invalid resource ID 0x00000000.
07-16 13:06:32.008 E/s.work.clouddpc( 3275): Invalid resource ID 0x00000000.
07-16 13:06:32.009 E/s.work.clouddpc( 3275): Invalid resource ID 0x00000000.
07-16 13:06:32.010 E/s.work.clouddpc( 3275): Invalid resource ID 0x00000000.
07-16 13:06:32.011 E/s.work.clouddpc( 3275): Invalid resource ID 0x00000000.
07-16 13:06:32.012 E/s.work.clouddpc( 3275): Invalid resource ID 0x00000000.
07-16 13:06:32.013 E/s.work.clouddpc( 3275): Invalid resource ID 0x00000000.
07-16 13:06:32.014 E/s.work.clouddpc( 3275): Invalid resource ID 0x00000000.
07-16 13:06:32.014 E/s.work.clouddpc( 3275): Invalid resource ID 0x00000000.
07-16 13:06:32.016 E/s.work.clouddpc( 3275): Invalid resource ID 0x00000000.
07-16 13:06:32.016 E/s.work.clouddpc( 3275): Invalid resource ID 0x00000000.
07-16 13:06:32.017 E/s.work.clouddpc( 3275): Invalid resource ID 0x00000000.
07-16 13:06:32.017 E/s.work.clouddpc( 3275): Invalid resource ID 0x00000000.
07-16 13:06:32.019 E/s.work.clouddpc( 3275): Invalid resource ID 0x00000000.
07-16 13:06:32.020 E/s.work.clouddpc( 3275): Invalid resource ID 0x00000000.
07-16 13:06:32.021 E/s.work.clouddpc( 3275): Invalid resource ID 0x00000000.
07-16 13:06:32.021 E/s.work.clouddpc( 3275): Invalid resource ID 0x00000000.
07-16 13:06:32.022 E/s.work.clouddpc( 3275): Invalid resource ID 0x00000000.
07-16 13:06:32.023 E/s.work.clouddpc( 3275): Invalid resource ID 0x00000000.
07-16 13:06:32.024 E/s.work.clouddpc( 3275): Invalid resource ID 0x00000000.
07-16 13:06:32.025 E/s.work.clouddpc( 3275): Invalid resource ID 0x00000000.
07-16 13:06:32.027 E/s.work.clouddpc( 3275): Invalid resource ID 0x00000000.
07-16 13:06:32.028 E/s.work.clouddpc( 3275): Invalid resource ID 0x00000000.
07-16 13:06:32.029 E/s.work.clouddpc( 3275): Invalid resource ID 0x00000000.
07-16 13:06:32.029 E/s.work.clouddpc( 3275): Invalid resource ID 0x00000000.
07-16 13:06:32.030 E/s.work.clouddpc( 3275): Invalid resource ID 0x00000000.
07-16 13:06:32.032 E/s.work.clouddpc( 3275): Invalid resource ID 0x00000000.
07-16 13:06:32.034 E/s.work.clouddpc( 3275): Invalid resource ID 0x00000000.
07-16 13:06:32.034 E/s.work.clouddpc( 3275): Invalid resource ID 0x00000000.
07-16 13:06:32.035 E/s.work.clouddpc( 3275): Invalid resource ID 0x00000000.
07-16 13:06:32.036 E/s.work.clouddpc( 3275): Invalid resource ID 0x00000000.
07-16 13:06:32.037 E/s.work.clouddpc( 3275): Invalid resource ID 0x00000000.
07-16 13:06:32.063 E/keystore2(  604): system/security/keystore2/src/samsung/samsung_keystore_utils.rs:170 - caller is unknown
07-16 13:06:32.070 E/ashmem  ( 5013): Pinning is deprecated since Android Q. Please use trim or other methods.
07-16 13:06:32.217 E/DEVROOT#VND(  884):  Carrier length is not matched.
07-16 13:06:32.225 E/DEVROOT#VND(  884):  Carrier length is not matched.
07-16 13:06:32.237 E/s.work.clouddpc( 3275): Invalid resource ID 0x00000000.
07-16 13:06:32.240 E/s.work.clouddpc( 3275): Invalid resource ID 0x00000000.
07-16 13:06:32.242 E/s.work.clouddpc( 3275): Invalid resource ID 0x00000000.
07-16 13:06:32.243 E/s.work.clouddpc( 3275): Invalid resource ID 0x00000000.
07-16 13:06:32.244 E/s.work.clouddpc( 3275): Invalid resource ID 0x00000000.
07-16 13:06:32.245 E/s.work.clouddpc( 3275): Invalid resource ID 0x00000000.
07-16 13:06:32.246 E/s.work.clouddpc( 3275): Invalid resource ID 0x00000000.
07-16 13:06:32.248 E/s.work.clouddpc( 3275): Invalid resource ID 0x00000000.
07-16 13:06:32.249 E/s.work.clouddpc( 3275): Invalid resource ID 0x00000000.
07-16 13:06:32.251 E/s.work.clouddpc( 3275): Invalid resource ID 0x00000000.
07-16 13:06:32.252 E/s.work.clouddpc( 3275): Invalid resource ID 0x00000000.
07-16 13:06:32.254 E/s.work.clouddpc( 3275): Invalid resource ID 0x00000000.
07-16 13:06:32.255 E/s.work.clouddpc( 3275): Invalid resource ID 0x00000000.
07-16 13:06:32.257 E/s.work.clouddpc( 3275): Invalid resource ID 0x00000000.
07-16 13:06:32.259 E/s.work.clouddpc( 3275): Invalid resource ID 0x00000000.
07-16 13:06:32.260 E/s.work.clouddpc( 3275): Invalid resource ID 0x00000000.
07-16 13:06:32.261 E/s.work.clouddpc( 3275): Invalid resource ID 0x00000000.
07-16 13:06:32.264 E/s.work.clouddpc( 3275): Invalid resource ID 0x00000000.
07-16 13:06:32.266 E/s.work.clouddpc( 3275): Invalid resource ID 0x00000000.
07-16 13:06:32.267 E/s.work.clouddpc( 3275): Invalid resource ID 0x00000000.
07-16 13:06:32.271 E/s.work.clouddpc( 3275): Invalid resource ID 0x00000000.
07-16 13:06:32.272 E/s.work.clouddpc( 3275): Invalid resource ID 0x00000000.
07-16 13:06:32.275 E/SurfaceFlinger(  937): alpha changed 0.000 -> 1.000 - ActivityRecord{34693387 u0 com.android.managedprovisioning/.preprovisioning.PreProvisioningActivity t1346}#6458
07-16 13:06:32.275 I/ActivityManager( 1285): Changes in 10180 3 to 10, 400 to 384
07-16 13:06:32.275 I/ActivityManager( 1285): Changes in 10089 2 to 10, 511 to 384
07-16 13:06:32.276 E/s.work.clouddpc( 3275): Invalid resource ID 0x00000000.
07-16 13:06:32.277 E/s.work.clouddpc( 3275): Invalid resource ID 0x00000000.
07-16 13:06:32.280 E/s.work.clouddpc( 3275): Invalid resource ID 0x00000000.
07-16 13:06:32.281 E/s.work.clouddpc( 3275): Invalid resource ID 0x00000000.
07-16 13:06:32.282 E/s.work.clouddpc( 3275): Invalid resource ID 0x00000000.
07-16 13:06:32.287 E/s.work.clouddpc( 3275): Invalid resource ID 0x00000000.
07-16 13:06:32.287 E/s.work.clouddpc( 3275): Invalid resource ID 0x00000000.
07-16 13:06:32.288 E/s.work.clouddpc( 3275): Invalid resource ID 0x00000000.
07-16 13:06:32.289 E/s.work.clouddpc( 3275): Invalid resource ID 0x00000000.
07-16 13:06:32.290 E/s.work.clouddpc( 3275): Invalid resource ID 0x00000000.
07-16 13:06:32.291 E/s.work.clouddpc( 3275): Invalid resource ID 0x00000000.
07-16 13:06:32.293 E/s.work.clouddpc( 3275): Invalid resource ID 0x00000000.
07-16 13:06:32.295 E/s.work.clouddpc( 3275): Invalid resource ID 0x00000000.
07-16 13:06:32.295 E/s.work.clouddpc( 3275): Invalid resource ID 0x00000000.
07-16 13:06:32.297 E/s.work.clouddpc( 3275): Invalid resource ID 0x00000000.
07-16 13:06:32.299 E/s.work.clouddpc( 3275): Invalid resource ID 0x00000000.
07-16 13:06:32.300 E/s.work.clouddpc( 3275): Invalid resource ID 0x00000000.
07-16 13:06:32.301 E/s.work.clouddpc( 3275): Invalid resource ID 0x00000000.
07-16 13:06:32.302 E/s.work.clouddpc( 3275): Invalid resource ID 0x00000000.
07-16 13:06:32.303 E/s.work.clouddpc( 3275): Invalid resource ID 0x00000000.
07-16 13:06:32.304 E/s.work.clouddpc( 3275): Invalid resource ID 0x00000000.
07-16 13:06:32.304 E/s.work.clouddpc( 3275): Invalid resource ID 0x00000000.
07-16 13:06:32.305 E/s.work.clouddpc( 3275): Invalid resource ID 0x00000000.
07-16 13:06:32.305 E/s.work.clouddpc( 3275): Invalid resource ID 0x00000000.
07-16 13:06:32.306 E/s.work.clouddpc( 3275): Invalid resource ID 0x00000000.
07-16 13:06:32.306 E/s.work.clouddpc( 3275): Invalid resource ID 0x00000000.
07-16 13:06:32.308 E/s.work.clouddpc( 3275): Invalid resource ID 0x00000000.
07-16 13:06:32.309 E/s.work.clouddpc( 3275): Invalid resource ID 0x00000000.
07-16 13:06:32.311 E/s.work.clouddpc( 3275): Invalid resource ID 0x00000000.
07-16 13:06:32.311 E/s.work.clouddpc( 3275): Invalid resource ID 0x00000000.
07-16 13:06:32.314 E/s.work.clouddpc( 3275): Invalid resource ID 0x00000000.
07-16 13:06:32.315 E/s.work.clouddpc( 3275): Invalid resource ID 0x00000000.
07-16 13:06:32.332 I/ActivityTaskManager( 1285): START u0 {act=com.samsung.android.knox.PROVISION_PP xflg=0x4 cmp=com.android.managedprovisioning/.preprovisioning.PPActivity (has extras)} with LAUNCH_SINGLE_TOP from uid 10357 (com.google.android.apps.work.clouddpc) (rr=267982214) (BAL_ALLOW_VISIBLE_WINDOW) result code=0
07-16 13:06:32.332 E/pageboostd( 3030): Received HALT command code 2
07-16 13:06:32.334 E/WindowManager( 1285): win=Window{49a206 u0 com.android.managedprovisioning/com.android.managedprovisioning.preprovisioning.PreProvisioningActivity} destroySurfaces: appStopped=true cleanupOnResume=false win.mWindowRemovalAllowed=false win.mRemoveOnExit=false win.mViewVisibility=8 caller=com.android.server.wm.ActivityRecord.destroySurfaces:24 com.android.server.wm.ActivityRecord.activityStopped:209 com.android.server.wm.ActivityClientController.activityStopped:102 android.app.IActivityClientController$Stub.onTransact:829 com.android.server.wm.ActivityClientController.onTransact:1 android.os.Binder.execTransactInternal:1514 android.os.Binder.execTransact:1454 
07-16 13:06:32.336 I/ActivityManager( 1285): Changes in 10378 15 to 16, 256 to 0
07-16 13:06:32.336 E/s.work.clouddpc( 3275): Invalid resource ID 0x00000000.
07-16 13:06:32.337 E/WindowManager( 1285): win=Window{4ae845a u0 com.android.managedprovisioning/com.android.managedprovisioning.common.RetryLaunchActivity} destroySurfaces: appStopped=true cleanupOnResume=false win.mWindowRemovalAllowed=false win.mRemoveOnExit=false win.mViewVisibility=4 caller=com.android.server.wm.ActivityRecord.destroySurfaces:24 com.android.server.wm.ActivityRecord.activityStopped:209 com.android.server.wm.ActivityClientController.activityStopped:102 android.app.IActivityClientController$Stub.onTransact:829 com.android.server.wm.ActivityClientController.onTransact:1 android.os.Binder.execTransactInternal:1514 android.os.Binder.execTransact:1454 
07-16 13:06:32.337 E/s.work.clouddpc( 3275): Invalid resource ID 0x00000000.
07-16 13:06:32.338 I/ActivityManager( 1285): Changes in 10180 10 to 10, 384 to 256
07-16 13:06:32.338 I/ActivityManager( 1285): Changes in 10089 10 to 10, 384 to 256
07-16 13:06:32.349 I/ActivityManager( 1285): Changes in 10180 10 to 3, 256 to 400
07-16 13:06:32.349 I/ActivityManager( 1285): Changes in 10089 10 to 2, 256 to 511
07-16 13:06:32.398 E/ManagedProvisioning(30170): mGDPRtype= false
07-16 13:06:32.398 E/ManagedProvisioning(30170): [getKnoxDisclaimer] header = Samsung Knox Privacy Policy
07-16 13:06:32.399 E/ManagedProvisioning(30170): terms.size() = 1
07-16 13:06:32.438 I/ActivityTaskManager( 1285): done cause=notifyTransitionStarting drawn timestamp=13166774520196 info=TransitionInfo{356ff23 a=ActivityRecord{199866211 u0 com.android.managedprovisioning/.preprovisioning.PPActivity t1346} r=null d=true}
07-16 13:06:32.440 I/ActivityTaskManager( 1285): Displayed com.android.managedprovisioning/.preprovisioning.PPActivity for user 0: +111ms
07-16 13:06:32.441 E/pageboostd( 3030): Received HALT command code 2
07-16 13:06:32.449 E/SurfaceFlinger(  937): alpha changed 1.000 -> 0.000 - ActivityRecord{199866211 u0 com.android.managedprovisioning/.preprovisioning.PPActivity t1346}#6557
07-16 13:06:32.449 E/SurfaceFlinger(  937): alpha changed 0.000 -> 0.000 - ActivityRecord{199866211 u0 com.android.managedprovisioning/.preprovisioning.PPActivity t1346}#6557
07-16 13:06:32.565 E/SurfaceFlinger(  937): alpha changed 0.014 -> 0.000 - ActivityRecord{267982214 u0 com.google.android.apps.work.clouddpc/.base.managedprovisioning.v2.activities.preprovisioning.PreProvisioningOrchestratorActivity t1346}#6548
07-16 13:06:32.565 E/SurfaceFlinger(  937): alpha changed 0.000 -> 0.193 - ActivityRecord{199866211 u0 com.android.managedprovisioning/.preprovisioning.PPActivity t1346}#6557
07-16 13:06:32.591 E/SurfaceFlinger(  937): alpha changed 1.000 -> 0.000 - Surface(name=357122e InputMethod#5295)/@0x563ca65 - animation-leash of insets_animation#6565
07-16 13:06:32.925 E/SurfaceFlinger(  937): alpha changed 0.000 -> 1.000 - ActivityRecord{267982214 u0 com.google.android.apps.work.clouddpc/.base.managedprovisioning.v2.activities.preprovisioning.PreProvisioningOrchestratorActivity t1346}#6548
07-16 13:06:32.932 I/ActivityManager( 1285): Changes in 10357 2 to 15, 511 to 384
07-16 13:06:32.932 I/ActivityManager( 1285): Changes in 10265 3 to 15, 400 to 384
07-16 13:06:32.961 E/WindowManager( 1285): win=Window{4a74f5e u0 com.google.android.apps.work.clouddpc/com.google.android.apps.work.clouddpc.base.managedprovisioning.v2.activities.preprovisioning.PreProvisioningOrchestratorActivity} destroySurfaces: appStopped=true cleanupOnResume=false win.mWindowRemovalAllowed=false win.mRemoveOnExit=false win.mViewVisibility=8 caller=com.android.server.wm.ActivityRecord.destroySurfaces:24 com.android.server.wm.ActivityRecord.activityStopped:209 com.android.server.wm.ActivityClientController.activityStopped:102 android.app.IActivityClientController$Stub.onTransact:829 com.android.server.wm.ActivityClientController.onTransact:1 android.os.Binder.execTransactInternal:1514 android.os.Binder.execTransact:1454 
07-16 13:06:32.966 I/ActivityManager( 1285): Changes in 10357 15 to 15, 384 to 256
07-16 13:06:32.966 I/ActivityManager( 1285): Changes in 10265 15 to 15, 384 to 256
07-16 13:06:33.596 E/TaskPersister( 1285): File error accessing recents directory (directory doesn't exist?).
07-16 13:06:34.444 I/ActivityManager( 1285): Changes in 10357 15 to 2, 256 to 511
07-16 13:06:34.444 I/ActivityManager( 1285): Changes in 10265 15 to 3, 256 to 400
07-16 13:06:34.453 E/s.work.clouddpc( 3275): Invalid resource ID 0x00000000.
07-16 13:06:34.455 E/s.work.clouddpc( 3275): Invalid resource ID 0x00000000.
07-16 13:06:34.462 E/s.work.clouddpc( 3275): Invalid resource ID 0x00000000.
07-16 13:06:34.462 E/s.work.clouddpc( 3275): Invalid resource ID 0x00000000.
07-16 13:06:34.463 E/s.work.clouddpc( 3275): Invalid resource ID 0x00000000.
07-16 13:06:34.467 E/s.work.clouddpc( 3275): Invalid resource ID 0x00000000.
07-16 13:06:34.467 E/s.work.clouddpc( 3275): Invalid resource ID 0x00000000.
07-16 13:06:34.468 E/s.work.clouddpc( 3275): Invalid resource ID 0x00000000.
07-16 13:06:34.501 E/SurfaceFlinger(  937): alpha changed 1.000 -> 0.000 - ActivityRecord{267982214 u0 com.google.android.apps.work.clouddpc/.base.managedprovisioning.v2.activities.preprovisioning.PreProvisioningOrchestratorActivity t1346}#6548
07-16 13:06:34.507 I/ActivityTaskManager( 1285): START u0 {flg=0x2000000 xflg=0x4 cmp=com.google.android.apps.work.clouddpc/.base.managedprovisioning.v2.activities.userconsent.UserConsentActivity (has extras)} with LAUNCH_SINGLE_TOP from uid 10357 (com.google.android.apps.work.clouddpc) (sr=267982214) (BAL_ALLOW_VISIBLE_WINDOW) result code=0
07-16 13:06:34.509 E/pageboostd( 3030): Received HALT command code 2
07-16 13:06:34.512 E/s.work.clouddpc( 3275): Invalid resource ID 0x00000000.
07-16 13:06:34.513 E/s.work.clouddpc( 3275): Invalid resource ID 0x00000000.
07-16 13:06:34.562 E/BatteryDump(  883): !@new_battery_dump : 3836,217,475,550,40,308,304,349,0,0,324,349,0,Charging,NO_CHARGING,Normal,Good,USB,1,Normal,0,0,9416,0x0,0x10000,0x0,0,0,0000,0000,00000000,0,0,0,0,296,3822,4010,990,0,
07-16 13:06:34.615 E/SurfaceFlinger(  937): alpha changed 0.110 -> 0.000 - ActivityRecord{199866211 u0 com.android.managedprovisioning/.preprovisioning.PPActivity t1346}#6557
07-16 13:06:34.625 E/SurfaceFlinger(  937): alpha changed 0.000 -> 0.193 - ActivityRecord{267982214 u0 com.google.android.apps.work.clouddpc/.base.managedprovisioning.v2.activities.preprovisioning.PreProvisioningOrchestratorActivity t1346}#6548
07-16 13:06:34.634 I/ActivityTaskManager( 1285): done cause=notifyTransitionStarting drawn timestamp=13168970363194 info=TransitionInfo{7205cf0 a=ActivityRecord{226678112 u0 com.google.android.apps.work.clouddpc/.base.managedprovisioning.v2.activities.userconsent.UserConsentActivity t1346} r=null d=true}
07-16 13:06:34.634 I/ActivityTaskManager( 1285): Displayed com.google.android.apps.work.clouddpc/.base.managedprovisioning.v2.activities.userconsent.UserConsentActivity for user 0: +131ms
07-16 13:06:34.636 E/pageboostd( 3030): Received HALT command code 2
07-16 13:06:34.651 E/SurfaceFlinger(  937): alpha changed 0.000 -> 1.000 - ActivityRecord{199866211 u0 com.android.managedprovisioning/.preprovisioning.PPActivity t1346}#6557
07-16 13:06:34.657 I/ActivityManager( 1285): Changes in 10180 3 to 10, 400 to 0
07-16 13:06:34.657 I/ActivityManager( 1285): Changes in 10089 2 to 10, 511 to 0
07-16 13:06:34.661 E/SurfaceFlinger(  937): alpha changed 1.000 -> 0.000 - ActivityRecord{226678112 u0 com.google.android.apps.work.clouddpc/.base.managedprovisioning.v2.activities.userconsent.UserConsentActivity t1346}#6571
07-16 13:06:34.661 E/SurfaceFlinger(  937): alpha changed 0.000 -> 0.000 - ActivityRecord{226678112 u0 com.google.android.apps.work.clouddpc/.base.managedprovisioning.v2.activities.userconsent.UserConsentActivity t1346}#6571
07-16 13:06:34.683 E/SurfaceFlinger(  937): alpha changed 1.000 -> 0.000 - Surface(name=357122e InputMethod#5295)/@0x563ca65 - animation-leash of insets_animation#6581
07-16 13:06:34.765 E/SurfaceFlinger(  937): alpha changed 0.124 -> 0.000 - ActivityRecord{267982214 u0 com.google.android.apps.work.clouddpc/.base.managedprovisioning.v2.activities.preprovisioning.PreProvisioningOrchestratorActivity t1346}#6548
07-16 13:06:34.774 E/SurfaceFlinger(  937): alpha changed 0.000 -> 0.193 - ActivityRecord{226678112 u0 com.google.android.apps.work.clouddpc/.base.managedprovisioning.v2.activities.userconsent.UserConsentActivity t1346}#6571
07-16 13:06:34.792 E/SurfaceFlinger(  937): alpha changed 1.000 -> 0.000 - Surface(name=357122e InputMethod#5295)/@0x563ca65 - animation-leash of insets_animation#6582
07-16 13:06:35.128 E/SurfaceFlinger(  937): alpha changed 0.000 -> 1.000 - ActivityRecord{267982214 u0 com.google.android.apps.work.clouddpc/.base.managedprovisioning.v2.activities.preprovisioning.PreProvisioningOrchestratorActivity t1346}#6548
07-16 13:06:35.571 E/PlaySetupServiceV2Proxy( 4823): Error resuming app updates: pause_not_yet_called [CONTEXT service_id=320 ]
07-16 13:06:35.621 I/ActivityTaskManager( 1285): START u0 {flg=0x2000000 xflg=0x4 cmp=com.google.android.apps.work.clouddpc/.base.managedprovisioning.v2.activities.provisioning.ProvisioningOrchestratorActivity (has extras)} with LAUNCH_SINGLE_TOP from uid 10357 (com.google.android.apps.work.clouddpc) (sr=226678112) (BAL_ALLOW_VISIBLE_WINDOW) result code=0
07-16 13:06:35.623 E/pageboostd( 3030): Received HALT command code 2
07-16 13:06:35.652 E/s.work.clouddpc( 3275): Invalid resource ID 0x00000000.
07-16 13:06:35.654 E/s.work.clouddpc( 3275): Invalid resource ID 0x00000000.
07-16 13:06:35.655 E/s.work.clouddpc( 3275): Invalid resource ID 0x00000000.
07-16 13:06:35.656 E/s.work.clouddpc( 3275): Invalid resource ID 0x00000000.
07-16 13:06:35.659 E/s.work.clouddpc( 3275): Invalid resource ID 0x00000000.
07-16 13:06:35.662 E/s.work.clouddpc( 3275): Invalid resource ID 0x00000000.
07-16 13:06:35.664 E/s.work.clouddpc( 3275): Invalid resource ID 0x00000000.
07-16 13:06:35.667 E/s.work.clouddpc( 3275): Invalid resource ID 0x00000000.
07-16 13:06:35.668 E/s.work.clouddpc( 3275): Invalid resource ID 0x00000000.
07-16 13:06:35.669 E/s.work.clouddpc( 3275): Invalid resource ID 0x00000000.
07-16 13:06:35.695 E/s.work.clouddpc( 3275): Invalid resource ID 0x00000000.
07-16 13:06:35.695 E/s.work.clouddpc( 3275): Invalid resource ID 0x00000000.
07-16 13:06:35.742 E/s.work.clouddpc( 3275): Invalid resource ID 0x00000000.
07-16 13:06:35.744 E/s.work.clouddpc( 3275): Invalid resource ID 0x00000000.
07-16 13:06:35.745 E/s.work.clouddpc( 3275): Invalid resource ID 0x00000000.
07-16 13:06:35.746 I/ActivityTaskManager( 1285): done cause=notifyTransitionStarting drawn timestamp=13170082907424 info=TransitionInfo{8df4f98 a=ActivityRecord{37401875 u0 com.google.android.apps.work.clouddpc/.base.managedprovisioning.v2.activities.provisioning.ProvisioningOrchestratorActivity t1346} r=null d=true}
07-16 13:06:35.747 E/s.work.clouddpc( 3275): Invalid resource ID 0x00000000.
07-16 13:06:35.747 I/ActivityTaskManager( 1285): Displayed com.google.android.apps.work.clouddpc/.base.managedprovisioning.v2.activities.provisioning.ProvisioningOrchestratorActivity for user 0: +131ms
07-16 13:06:35.748 E/pageboostd( 3030): Received HALT command code 2
07-16 13:06:35.764 E/SurfaceFlinger(  937): alpha changed 1.000 -> 0.000 - ActivityRecord{37401875 u0 com.google.android.apps.work.clouddpc/.base.managedprovisioning.v2.activities.provisioning.ProvisioningOrchestratorActivity t1346}#6583
07-16 13:06:35.764 E/SurfaceFlinger(  937): alpha changed 0.000 -> 0.000 - ActivityRecord{37401875 u0 com.google.android.apps.work.clouddpc/.base.managedprovisioning.v2.activities.provisioning.ProvisioningOrchestratorActivity t1346}#6583
07-16 13:06:35.765 E/s.work.clouddpc( 3275): Invalid resource ID 0x00000000.
07-16 13:06:35.766 E/s.work.clouddpc( 3275): Invalid resource ID 0x00000000.
07-16 13:06:35.768 E/s.work.clouddpc( 3275): Invalid resource ID 0x00000000.
07-16 13:06:35.768 E/s.work.clouddpc( 3275): Invalid resource ID 0x00000000.
07-16 13:06:35.770 E/s.work.clouddpc( 3275): Invalid resource ID 0x00000000.
07-16 13:06:35.771 E/s.work.clouddpc( 3275): Invalid resource ID 0x00000000.
07-16 13:06:35.772 E/s.work.clouddpc( 3275): Invalid resource ID 0x00000000.
07-16 13:06:35.772 E/s.work.clouddpc( 3275): Invalid resource ID 0x00000000.
07-16 13:06:35.774 E/s.work.clouddpc( 3275): Invalid resource ID 0x00000000.
07-16 13:06:35.775 E/s.work.clouddpc( 3275): Invalid resource ID 0x00000000.
07-16 13:06:35.776 E/s.work.clouddpc( 3275): Invalid resource ID 0x00000000.
07-16 13:06:35.777 E/s.work.clouddpc( 3275): Invalid resource ID 0x00000000.
07-16 13:06:35.778 E/s.work.clouddpc( 3275): Invalid resource ID 0x00000000.
07-16 13:06:35.780 E/s.work.clouddpc( 3275): Invalid resource ID 0x00000000.
07-16 13:06:35.780 E/s.work.clouddpc( 3275): Invalid resource ID 0x00000000.
07-16 13:06:35.782 E/s.work.clouddpc( 3275): Invalid resource ID 0x00000000.
07-16 13:06:35.783 E/s.work.clouddpc( 3275): Invalid resource ID 0x00000000.
07-16 13:06:35.784 E/s.work.clouddpc( 3275): Invalid resource ID 0x00000000.
07-16 13:06:35.784 E/s.work.clouddpc( 3275): Invalid resource ID 0x00000000.
07-16 13:06:35.838 E/keystore2(  604): system/security/keystore2/src/samsung/samsung_keystore_utils.rs:170 - caller is unknown
07-16 13:06:35.872 E/SurfaceFlinger(  937): alpha changed 0.110 -> 0.000 - ActivityRecord{226678112 u0 com.google.android.apps.work.clouddpc/.base.managedprovisioning.v2.activities.userconsent.UserConsentActivity t1346}#6571
07-16 13:06:35.881 E/SurfaceFlinger(  937): alpha changed 0.000 -> 0.193 - ActivityRecord{37401875 u0 com.google.android.apps.work.clouddpc/.base.managedprovisioning.v2.activities.provisioning.ProvisioningOrchestratorActivity t1346}#6583
07-16 13:06:35.906 E/SurfaceFlinger(  937): alpha changed 1.000 -> 0.000 - Surface(name=357122e InputMethod#5295)/@0x563ca65 - animation-leash of insets_animation#6591
07-16 13:06:35.998 E/DEVROOT#VND(  884):  Carrier length is not matched.
07-16 13:06:36.005 E/DEVROOT#VND(  884):  Carrier length is not matched.
07-16 13:06:36.119 E/keystore2(  604): system/security/keystore2/src/samsung/samsung_keystore_utils.rs:170 - caller is unknown
07-16 13:06:36.231 E/SurfaceFlinger(  937): alpha changed 0.000 -> 1.000 - ActivityRecord{226678112 u0 com.google.android.apps.work.clouddpc/.base.managedprovisioning.v2.activities.userconsent.UserConsentActivity t1346}#6571
07-16 13:06:36.248 E/DEVROOT#VND(  884):  Carrier length is not matched.
07-16 13:06:36.256 E/DEVROOT#VND(  884):  Carrier length is not matched.
07-16 13:06:36.304 E/keystore2(  604): system/security/keystore2/src/samsung/samsung_keystore_utils.rs:170 - caller is unknown
07-16 13:06:36.377 E/KeyStorage(  561): storeKey /data/misc/vold/user_keys/temp
07-16 13:06:36.400 E/android.hardware.security.keymint-service(  605): !@nwd_unpack_cmd error. ret : -67
07-16 13:06:36.401 E/keystore2(  604): system/security/keystore2/src/error.rs:184 - system/security/keystore2/src/security_level.rs:781
07-16 13:06:36.401 E/keystore2(  604): 
07-16 13:06:36.401 E/keystore2(  604): Caused by:
07-16 13:06:36.401 E/keystore2(  604):     0: system/security/keystore2/src/security_level.rs:775: While generating without a provided attestation key and params: [KeyParameter { tag: r#ALGORITHM, value: Algorithm(r#AES) }, KeyParameter { tag: r#KEY_SIZE, value: Integer(256) }, KeyParameter { tag: r#PURPOSE, value: KeyPurpose(r#ENCRYPT) }, KeyParameter { tag: r#PURPOSE, value: KeyPurpose(r#DECRYPT) }, KeyParameter { tag: r#BLOCK_MODE, value: BlockMode(r#GCM) }, KeyParameter { tag: r#PADDING, value: PaddingMode(r#NONE) }, KeyParameter { tag: r#MIN_MAC_LENGTH, value: Integer(128) }, KeyParameter { tag: r#NO_AUTH_REQUIRED, value: BoolValue(true) }, KeyParameter { tag: r#ROLLBACK_RESISTANCE, value: BoolValue(true) }, KeyParameter { tag: r#CREATION_DATETIME, value: DateTime(1784187396397) }].
07-16 13:06:36.401 E/keystore2(  604):     1: Error::Km(r#ROLLBACK_RESISTANCE_UNAVAILABLE)
07-16 13:06:36.402 E/vold    (  561): keystore2 Keystore generateKey returned service specific error: -67
